 untitled_sfun

 Timestamp is 5424b960 (Thu Sep 25 21:54:56 2014)

 Preferred load address is 0000000180000000

 Start         Length     Name                   Class
 0001:00000000 00038294H .text                   CODE
 0001:000382a0 00000092H .text$x                 CODE
 0002:00000000 00000458H .idata$5                DATA
 0002:00000458 00000008H .CRT$XCA                DATA
 0002:00000460 00000008H .CRT$XCZ                DATA
 0002:00000468 00000008H .CRT$XIA                DATA
 0002:00000470 00000008H .CRT$XIAA               DATA
 0002:00000478 00000008H .CRT$XIZ                DATA
 0002:00000480 00004adcH .rdata                  DATA
 0002:00004f60 00000008H .rtc$IAA                DATA
 0002:00004f68 00000008H .rtc$IZZ                DATA
 0002:00004f70 00000008H .rtc$TAA                DATA
 0002:00004f78 00000008H .rtc$TZZ                DATA
 0002:00004f80 0000402cH .xdata                  DATA
 0002:00008fac 000000a0H .idata$2                DATA
 0002:0000904c 00000014H .idata$3                DATA
 0002:00009060 00000458H .idata$4                DATA
 0002:000094b8 000009eaH .idata$6                DATA
 0002:00009eb0 00000053H .edata                  DATA
 0003:00000000 00001b68H .data                   DATA
 0003:00001b80 00002678H .bss                    DATA
 0004:00000000 00003084H .pdata                  DATA

  Address         Publics by Value              Rva+Base               Lib:Object

 0000:00000000       ___safe_se_handler_count   0000000000000000     <absolute>
 0000:00000000       ___safe_se_handler_table   0000000000000000     <absolute>
 0000:00000000       __ImageBase                0000000180000000     <linker-defined>
 0001:00000000       sf_c2_untitled_get_eml_resolved_functions_info 0000000180001000 f   c2_untitled.obj
 0001:00000820       sf_c2_untitled_get_check_sum 0000000180001820 f   c2_untitled.obj
 0001:000008a0       sf_c2_untitled_get_autoinheritance_info 00000001800018a0 f   c2_untitled.obj
 0001:00001240       sf_internal_get_sim_state_c2_untitled 0000000180002240 f   c2_untitled.obj
 0001:000015e0       sf_internal_set_sim_state_c2_untitled 00000001800025e0 f   c2_untitled.obj
 0001:00001aa0       c2_untitled_method_dispatcher 0000000180002aa0 f   c2_untitled.obj
 0001:00005eb0       sf_process_check_sum_call  0000000180006eb0 f   untitled_sfun_registry.obj
 0001:00005f00       sf_process_autoinheritance_call 0000000180006f00 f   untitled_sfun_registry.obj
 0001:00006080       sf_process_get_eml_resolved_functions_info_call 0000000180007080 f   untitled_sfun_registry.obj
 0001:00006200       sf_mex_unlock_call         0000000180007200 f   untitled_sfun_registry.obj
 0001:000062b0       sf_machine_global_initializer_called 00000001800072b0 f   untitled_sfun_registry.obj
 0001:000062e0       sf_machine_global_method_dispatcher 00000001800072e0 f   untitled_sfun_registry.obj
 0001:00006340       sf_machine_global_terminator 0000000180007340 f   untitled_sfun_registry.obj
 0001:00006380       sf_register_machine_exported_symbols 0000000180007380 f   untitled_sfun_registry.obj
 0001:000063a0       callCustomFcn              00000001800073a0 f   untitled_sfun_registry.obj
 0001:000063b0       sf_machine_global_initializer 00000001800073b0 f   untitled_sfun_registry.obj
 0001:00006420       _ssSetStateAbsTol          0000000180007420 f   untitled_sfun_registry.obj
 0001:00006500       _ssGetAbsTol               0000000180007500 f   untitled_sfun_registry.obj
 0001:00006570       _ssSetInputPortMatrixDimensions 0000000180007570 f   untitled_sfun_registry.obj
 0001:00006680       _ssSetOutputPortMatrixDimensions 0000000180007680 f   untitled_sfun_registry.obj
 0001:00006790       _ssSetInputPortVectorDimension 0000000180007790 f   untitled_sfun_registry.obj
 0001:00006860       _ssSetOutputPortVectorDimension 0000000180007860 f   untitled_sfun_registry.obj
 0001:00006930       ssIsRunTimeParamTunable    0000000180007930 f   untitled_sfun_registry.obj
 0001:000069a0       ssGetSFuncBlockHandle      00000001800079a0 f   untitled_sfun_registry.obj
 0001:00006a10       _ssGetCurrentInputPortWidth 0000000180007a10 f   untitled_sfun_registry.obj
 0001:00006b30       _ssGetCurrentOutputPortWidth 0000000180007b30 f   untitled_sfun_registry.obj
 0001:00006c50       _ssGetCallSystemNumFcnCallDestinations 0000000180007c50 f   untitled_sfun_registry.obj
 0001:00006cc0       ssWarning                  0000000180007cc0 f   untitled_sfun_registry.obj
 0001:00006dd0       ssGetIsZeroCrossControlDisabled 0000000180007dd0 f   untitled_sfun_registry.obj
 0001:00006e40       ssSetIsInputPortUsedForContZcSignal 0000000180007e40 f   untitled_sfun_registry.obj
 0001:00006eb0       ssSetZcSignalIsZcElementDisc 0000000180007eb0 f   untitled_sfun_registry.obj
 0001:00006f60       ssSetZcSignalName          0000000180007f60 f   untitled_sfun_registry.obj
 0001:00006fd0       ssSetZcSignalWidth         0000000180007fd0 f   untitled_sfun_registry.obj
 0001:00007040       ssSetZcSignalZcEventType   0000000180008040 f   untitled_sfun_registry.obj
 0001:000070b0       ssSetZcSignalType          00000001800080b0 f   untitled_sfun_registry.obj
 0001:00007120       ssSetZcSignalZcTol         0000000180008120 f   untitled_sfun_registry.obj
 0001:00007190       ssSetZcSignalNeedsEventNotification 0000000180008190 f   untitled_sfun_registry.obj
 0001:00007200       ssCreateAndAddZcSignalInfo 0000000180008200 f   untitled_sfun_registry.obj
 0001:00007270       ssCloneAndAddZcSignalInfo  0000000180008270 f   untitled_sfun_registry.obj
 0001:000072e0       ssGetNumZcSignals          00000001800082e0 f   untitled_sfun_registry.obj
 0001:00007350       ssGetZcSignalVector        0000000180008350 f   untitled_sfun_registry.obj
 0001:000073c0       ssGetZcSignalZcEvents      00000001800083c0 f   untitled_sfun_registry.obj
 0001:00007430       ssGetZcSignalName          0000000180008430 f   untitled_sfun_registry.obj
 0001:000074a0       ssGetZcSignalWidth         00000001800084a0 f   untitled_sfun_registry.obj
 0001:00007510       ssGetZcSignalZcEventType   0000000180008510 f   untitled_sfun_registry.obj
 0001:00007580       ssGetZcSignalType          0000000180008580 f   untitled_sfun_registry.obj
 0001:000075f0       ssGetZcSignalZcTol         00000001800085f0 f   untitled_sfun_registry.obj
 0001:00007670       ssGetZcSignalNeedsEventNotification 0000000180008670 f   untitled_sfun_registry.obj
 0001:000076e0       ssGetZcSignalIsZcElementDisc 00000001800086e0 f   untitled_sfun_registry.obj
 0001:00007780       ssGetIsInputPortElementContinuous 0000000180008780 f   untitled_sfun_registry.obj
 0001:00007820       _ssGetInputPortSignalPtrsFcn 0000000180008820 f   untitled_sfun_registry.obj
 0001:00007ae0       _ssGetInputPortSignalFcn   0000000180008ae0 f   untitled_sfun_registry.obj
 0001:00007d00       _ssSetInputPortDirectFeedThroughFcn 0000000180008d00 f   untitled_sfun_registry.obj
 0001:00007e60       _ssSetInputPortReusableFcn 0000000180008e60 f   untitled_sfun_registry.obj
 0001:00007f50       _ssSetOutputPortReusableFcn 0000000180008f50 f   untitled_sfun_registry.obj
 0001:00008030       ssGetDTypeIdFromMxArray    0000000180009030 f   untitled_sfun_registry.obj
 0001:00008150       ssWriteRTWStr              0000000180009150 f   untitled_sfun_registry.obj
 0001:000081b0       ssWriteRTWMxVectParam      00000001800091b0 f   untitled_sfun_registry.obj
 0001:00008210       ssWriteRTWMx2dMatParam     0000000180009210 f   untitled_sfun_registry.obj
 0001:00008290       ssWriteRTWNameValuePair    0000000180009290 f   untitled_sfun_registry.obj
 0001:00008780       ssWriteRTWParameters       0000000180009780 f   untitled_sfun_registry.obj
 0001:00008d80       ssWriteRTWParamSettings    0000000180009d80 f   untitled_sfun_registry.obj
 0001:00009450       ssWriteRTWWorkVect         000000018000a450 f   untitled_sfun_registry.obj
 0001:00009950       mexFunction                000000018000a950 f   untitled_sfun_registry.obj
 0001:0000b590       ProcessMexSfunctionEveryCall 000000018000c590 f   untitled_sfun_registry.obj
 0001:0000b700       untitled_initializer       000000018000c700 f   untitled_sfun.obj
 0001:0000b710       untitled_terminator        000000018000c710 f   untitled_sfun.obj
 0001:0000b720       sf_untitled_method_dispatcher 000000018000c720 f   untitled_sfun.obj
 0001:0000b770       sf_untitled_process_check_sum_call 000000018000c770 f   untitled_sfun.obj
 0001:0000bb80       sf_untitled_autoinheritance_info 000000018000cb80 f   untitled_sfun.obj
 0001:0000bc80       sf_untitled_get_eml_resolved_functions_info 000000018000cc80 f   untitled_sfun.obj
 0001:0000bdb0       untitled_debug_initialize  000000018000cdb0 f   untitled_sfun.obj
 0001:0000be20       untitled_register_exported_symbols 000000018000ce20 f   untitled_sfun.obj
 0001:0000bed0       sf_mex_mx_is_numeric       000000018000ced0 f   sfc_mex:sfc_mex.obj
 0001:0000bf10       strcmp_ignore_ws           000000018000cf10 f   sfc_mex:sfc_mex.obj
 0001:0000c050       sf_mex_duplicatearraysafe  000000018000d050 f   sfc_mex:sfc_mex.obj
 0001:0000c1b0       sf_set_error_debugger_context_message_fcn 000000018000d1b0 f   sfc_mex:sfc_mex.obj
 0001:0000c1c0       sf_set_debugger_matlab_error_fcn 000000018000d1c0 f   sfc_mex:sfc_mex.obj
 0001:0000c1f0       sf_set_error_prefix_string 000000018000d1f0 f   sfc_mex:sfc_mex.obj
 0001:0000c220       sf_get_error_prefix_string 000000018000d220 f   sfc_mex:sfc_mex.obj
 0001:0000c230       sf_get_current_jmp_buf_ptr 000000018000d230 f   sfc_mex:sfc_mex.obj
 0001:0000c240       sf_set_current_jmp_buf_ptr 000000018000d240 f   sfc_mex:sfc_mex.obj
 0001:0000c250       sf_mex_set_halt_simulation 000000018000d250 f   sfc_mex:sfc_mex.obj
 0001:0000c260       sf_mex_get_halt_simulation 000000018000d260 f   sfc_mex:sfc_mex.obj
 0001:0000c270       sf_mex_clear_error_message 000000018000d270 f   sfc_mex:sfc_mex.obj
 0001:0000c290       sf_mex_get_error_message_for_read 000000018000d290 f   sfc_mex:sfc_mex.obj
 0001:0000c2a0       sf_mex_get_error_message_buffer_length 000000018000d2a0 f   sfc_mex:sfc_mex.obj
 0001:0000c380       sf_mex_warning_message     000000018000d380 f   sfc_mex:sfc_mex.obj
 0001:0000c3f0       sf_mex_v_errbuf_createf    000000018000d3f0 f   sfc_mex:sfc_mex.obj
 0001:0000c400       sf_mex_errbuf_createf      000000018000d400 f   sfc_mex:sfc_mex.obj
 0001:0000c430       sf_mex_v_errbuf_catf       000000018000d430 f   sfc_mex:sfc_mex.obj
 0001:0000c470       sf_mex_errbuf_catf         000000018000d470 f   sfc_mex:sfc_mex.obj
 0001:0000c4c0       sf_mex_errbuf_copy         000000018000d4c0 f   sfc_mex:sfc_mex.obj
 0001:0000c4d0       sf_mex_errbuf_clear        000000018000d4d0 f   sfc_mex:sfc_mex.obj
 0001:0000c4e0       sf_mex_errbuf_isempty      000000018000d4e0 f   sfc_mex:sfc_mex.obj
 0001:0000c5f0       sf_mex_set_error_status    000000018000d5f0 f   sfc_mex:sfc_mex.obj
 0001:0000c640       sf_mex_error_direct_call   000000018000d640 f   sfc_mex:sfc_mex.obj
 0001:0000c660       sf_mex_error_message_no_long_jump 000000018000d660 f   sfc_mex:sfc_mex.obj
 0001:0000c680       sf_mex_long_jump_on_error  000000018000d680 f   sfc_mex:sfc_mex.obj
 0001:0000c6b0       sf_mex_call_matlab         000000018000d6b0 f   sfc_mex:sfc_mex.obj
 0001:0000c7d0       sf_mex_check_builtin       000000018000d7d0 f   sfc_mex:sfc_mex.obj
 0001:0000c810       sf_mex_check_builtin_vs    000000018000d810 f   sfc_mex:sfc_mex.obj
 0001:0000c870       sf_mex_check_enum          000000018000d870 f   sfc_mex:sfc_mex.obj
 0001:0000c8a0       sf_mex_create_enum         000000018000d8a0 f   sfc_mex:sfc_mex.obj
 0001:0000c8c0       sf_mex_get_enum_element    000000018000d8c0 f   sfc_mex:sfc_mex.obj
 0001:0000c8d0       sf_mex_createcellarray     000000018000d8d0 f   sfc_mex:sfc_mex.obj
 0001:0000c8e0       sf_mex_setcell             000000018000d8e0 f   sfc_mex:sfc_mex.obj
 0001:0000c8f0       sf_mex_getcell             000000018000d8f0 f   sfc_mex:sfc_mex.obj
 0001:0000c900       sf_mex_dup                 000000018000d900 f   sfc_mex:sfc_mex.obj
 0001:0000c920       sf_mex_assign              000000018000d920 f   sfc_mex:sfc_mex.obj
 0001:0000c980       sf_mex_destroy             000000018000d980 f   sfc_mex:sfc_mex.obj
 0001:0000c9b0       mx_array_has_fi_type       000000018000d9b0 f   sfc_mex:sfc_mex.obj
 0001:0000c9e0       sf_mex_convert_from_fi     000000018000d9e0 f   sfc_mex:sfc_mex.obj
 0001:0000ca90       sf_mex_convert_to_double   000000018000da90 f   sfc_mex:sfc_mex.obj
 0001:0000cbb0       sf_mex_import_fi_vs        000000018000dbb0 f   sfc_mex:sfc_mex.obj
 0001:0000cd70       sf_matrix_matrix_index_ok  000000018000dd70 f   sfc_mex:sfc_mex.obj
 0001:0000ce00       sf_vector_vector_index_ok  000000018000de00 f   sfc_mex:sfc_mex.obj
 0001:0000ce30       ssGetCurrentInputPortDimensions_wrapper 000000018000de30 f   sfc_mex:sfc_mex.obj
 0001:0000ce50       ssGetCurrentOutputPortDimensions_wrapper 000000018000de50 f   sfc_mex:sfc_mex.obj
 0001:0000ce70       sf_mex_emlrt_context_is_debug_mode 000000018000de70 f   sfc_mex:sfc_mex.obj
 0001:0000ce80       sf_mex_emlrt_context_set_debug_mode 000000018000de80 f   sfc_mex:sfc_mex.obj
 0001:0000cef0       sf_clear_error_manager_info 000000018000def0 f   sfc_mex:sfc_mex.obj
 0001:0000cf40       sf_mex_stop_simulation_abruptly_wo_error 000000018000df40 f   sfc_mex:sfc_mex.obj
 0001:0000cf80       sf_mex_error_message       000000018000df80 f   sfc_mex:sfc_mex.obj
 0001:0000cfe0       sf_react_to_error_in_matlab_call 000000018000dfe0 f   sfc_mex:sfc_mex.obj
 0001:0000d010       sf_mex_addfield            000000018000e010 f   sfc_mex:sfc_mex.obj
 0001:0000d0b0       sf_mex_getfield            000000018000e0b0 f   sfc_mex:sfc_mex.obj
 0001:0000d3b0       sf_mex_check_class         000000018000e3b0 f   sfc_mex:sfc_mex.obj
 0001:0000d4a0       sf_mex_is_real             000000018000e4a0 f   sfc_mex:sfc_mex.obj
 0001:0000d910       sf_mex_decode_encoded_mx_struct_array 000000018000e910 f   sfc_mex:sfc_mex.obj
 0001:0000dbf0       sf_mex_lw_bounds_check     000000018000ebf0 f   sfc_mex:sfc_mex.obj
 0001:0000dc20       sf_mex_lw_size_eq_check_1d 000000018000ec20 f   sfc_mex:sfc_mex.obj
 0001:0000dc40       sf_mex_lw_size_eq_check_nd 000000018000ec40 f   sfc_mex:sfc_mex.obj
 0001:0000de20       sf_mex_lw_dim_size_eq_check 000000018000ee20 f   sfc_mex:sfc_mex.obj
 0001:0000de50       sf_mex_lw_dim_size_geq_check 000000018000ee50 f   sfc_mex:sfc_mex.obj
 0001:0000de80       sf_mex_lw_sub_assign_size_check_nd 000000018000ee80 f   sfc_mex:sfc_mex.obj
 0001:0000e0b0       sf_mex_lw_runtime_error_msgid 000000018000f0b0 f   sfc_mex:sfc_mex.obj
 0001:0000e1a0       sf_mex_lw_matrix_matrix_index_check 000000018000f1a0 f   sfc_mex:sfc_mex.obj
 0001:0000e1c0       sf_mex_lw_vector_vector_index_check 000000018000f1c0 f   sfc_mex:sfc_mex.obj
 0001:0000e200       sf_mex_lw_non_negative_check 000000018000f200 f   sfc_mex:sfc_mex.obj
 0001:0000e240       sf_mex_overflow_error      000000018000f240 f   sfc_mex:sfc_mex.obj
 0001:0000e250       sf_mex_dividebyzero_error  000000018000f250 f   sfc_mex:sfc_mex.obj
 0001:0000e260       sf_mex_unsafe_enum_error   000000018000f260 f   sfc_mex:sfc_mex.obj
 0001:0000e270       sf_emlrtErrHandler         000000018000f270 f   sfc_mex:sfc_mex.obj
 0001:0000e330       sf_mex_printf              000000018000f330 f   sfc_mex:sfc_mex.obj
 0001:0000e4c0       sf_mex_check_size          000000018000f4c0 f   sfc_mex:sfc_mex.obj
 0001:0000e790       sf_mex_check_struct        000000018000f790 f   sfc_mex:sfc_mex.obj
 0001:0000e9f0       sf_mex_check_struct_vs     000000018000f9f0 f   sfc_mex:sfc_mex.obj
 0001:0000ea80       sf_mex_check_fi            000000018000fa80 f   sfc_mex:sfc_mex.obj
 0001:0000eb80       sf_mex_check_fi_vs         000000018000fb80 f   sfc_mex:sfc_mex.obj
 0001:0000ec20       sf_echo_expression         000000018000fc20 f   sfc_mex:sfc_mex.obj
 0001:0000ec80       sf_assertion_failed        000000018000fc80 f   sfc_mex:sfc_mex.obj
 0001:0000ef60       sf_mex_evalin              000000018000ff60 f   sfc_mex:sfc_mex.obj
 0001:0000f1d0       sf_mex_export              00000001800101d0 f   sfc_mex:sfc_mex.obj
 0001:0000f290       sf_mex_get_ml_var_no_error 0000000180010290 f   sfc_mex:sfc_mex.obj
 0001:0000f430       sf_mex_get_ml_var          0000000180010430 f   sfc_mex:sfc_mex.obj
 0001:0000f8d0       ml_set_element_value_in_array 00000001800108d0 f   sfc_mex:sfc_mex.obj
 0001:00010fa0       sf_mex_call_impl           0000000180011fa0 f   sfc_mex:sfc_mex.obj
 0001:000114d0       sf_mex_call_debug          00000001800124d0 f   sfc_mex:sfc_mex.obj
 0001:00011500       sf_mex_call                0000000180012500 f   sfc_mex:sfc_mex.obj
 0001:00011b50       sf_mex_createstruct        0000000180012b50 f   sfc_mex:sfc_mex.obj
 0001:00011c40       sf_mex_createstructarray   0000000180012c40 f   sfc_mex:sfc_mex.obj
 0001:00011cc0       sf_mex_get_mx_datatype_from_sf_datatype 0000000180012cc0 f   sfc_mex:sfc_mex.obj
 0001:00011fd0       sf_mex_ml_var_sub          0000000180012fd0 f   sfc_mex:sfc_mex.obj
 0001:000121a0       sf_mex_ml_var_subsasgn     00000001800131a0 f   sfc_mex:sfc_mex.obj
 0001:00012590       sf_mex_sub                 0000000180013590 f   sfc_mex:sfc_mex.obj
 0001:00012790       sf_mex_subsasgn            0000000180013790 f   sfc_mex:sfc_mex.obj
 0001:00012c70       sf_mex_create              0000000180013c70 f   sfc_mex:sfc_mex.obj
 0001:000136c0       sf_mex_import_named        00000001800146c0 f   sfc_mex:sfc_mex.obj
 0001:00013720       sf_mex_import              0000000180014720 f   sfc_mex:sfc_mex.obj
 0001:00013770       sf_mex_import_vs           0000000180014770 f   sfc_mex:sfc_mex.obj
 0001:00013880       sf_mex_lower_fixpt_mx_array 0000000180014880 f   sfc_mex:sfc_mex.obj
 0001:00013e70       sim_mode_is_rtw_gen        0000000180014e70 f   sfc_mex:sfc_sf.obj
 0001:00013ea0       sim_mode_is_external       0000000180014ea0 f   sfc_mex:sfc_sf.obj
 0001:00013eb0       sim_mode_is_modelref_sim   0000000180014eb0 f   sfc_mex:sfc_sf.obj
 0001:00013ed0       mdlInitializeSizes         0000000180014ed0 f   sfc_mex:sfc_sf.obj
 0001:00013ef0       mdlInitializeSampleTimes   0000000180014ef0 f   sfc_mex:sfc_sf.obj
 0001:00013f30       mdlZeroCrossings           0000000180014f30 f   sfc_mex:sfc_sf.obj
 0001:00014010       mdlDerivatives             0000000180015010 f   sfc_mex:sfc_sf.obj
 0001:000140c0       mdl_initialize_conditions_processing 00000001800150c0 f   sfc_mex:sfc_sf.obj
 0001:000140f0       mdlInitializeConditions    00000001800150f0 f   sfc_mex:sfc_sf.obj
 0001:000141b0       mdlGetSimState             00000001800151b0 f   sfc_mex:sfc_sf.obj
 0001:000141c0       mdlSetSimState             00000001800151c0 f   sfc_mex:sfc_sf.obj
 0001:000141d0       mdl_ext_mode_exec_processing 00000001800151d0 f   sfc_mex:sfc_sf.obj
 0001:000141f0       mdlExtModeExec             00000001800151f0 f   sfc_mex:sfc_sf.obj
 0001:00014380       mdlTerminate               0000000180015380 f   sfc_mex:sfc_sf.obj
 0001:000143f0       mdlRTW                     00000001800153f0 f   sfc_mex:sfc_sf.obj
 0001:00014420       mdlSetWorkWidths           0000000180015420 f   sfc_mex:sfc_sf.obj
 0001:00014430       mdlProcessParameters       0000000180015430 f   sfc_mex:sfc_sf.obj
 0001:00014440       mdl_start_processing       0000000180015440 f   sfc_mex:sfc_sf.obj
 0001:00014480       mdlStart                   0000000180015480 f   sfc_mex:sfc_sf.obj
 0001:00014570       mdlEnable                  0000000180015570 f   sfc_mex:sfc_sf.obj
 0001:00014640       mdlDisable                 0000000180015640 f   sfc_mex:sfc_sf.obj
 0001:000146f0       sf_get_chart_instance_ptr  00000001800156f0 f   sfc_mex:sfc_sf.obj
 0001:00014710       sf_rtw_info_uint_prop      0000000180015710 f   sfc_mex:sfc_sf.obj
 0001:00014880       sf_is_chart_inlinable      0000000180015880 f   sfc_mex:sfc_sf.obj
 0001:000148a0       sf_mark_output_events_with_multiple_callers 00000001800158a0 f   sfc_mex:sfc_sf.obj
 0001:00014a60       sf_mark_chart_reusable_outputs 0000000180015a60 f   sfc_mex:sfc_sf.obj
 0001:00014ce0       sf_mark_chart_expressionable_inputs 0000000180015ce0 f   sfc_mex:sfc_sf.obj
 0001:00015040       sf_get_subchart_simstruct  0000000180016040 f   sfc_mex:sfc_sf.obj
 0001:00015090       sf_write_symbol_mapping    0000000180016090 f   sfc_mex:sfc_sf.obj
 0001:000152e0       sf_get_fixpt_data_type_id  00000001800162e0 f   sfc_mex:sfc_sf.obj
 0001:00015320       sf_get_enum_data_type_id   0000000180016320 f   sfc_mex:sfc_sf.obj
 0001:00015360       sf_get_param_data_type_id  0000000180016360 f   sfc_mex:sfc_sf.obj
 0001:00015390       sf_mex_listen_for_ctrl_c_force 0000000180016390 f   sfc_mex:sfc_sf.obj
 0001:000154a0       sf_mex_draw_now            00000001800164a0 f   sfc_mex:sfc_sf.obj
 0001:000154e0       sf_mex_set_debugger_sim_status_listener_fcn 00000001800164e0 f   sfc_mex:sfc_sf.obj
 0001:000154f0       sf_mex_listen_for_ctrl_c   00000001800164f0 f   sfc_mex:sfc_sf.obj
 0001:00015580       sf_mex_get_sfun_param      0000000180016580 f   sfc_mex:sfc_sf.obj
 0001:000155d0       sf_get_runtime_param_data  00000001800165d0 f   sfc_mex:sfc_sf.obj
 0001:00015610       sf_call_output_fcn_call    0000000180016610 f   sfc_mex:sfc_sf.obj
 0001:00015750       sf_call_output_fcn_enable  0000000180016750 f   sfc_mex:sfc_sf.obj
 0001:000157e0       sf_call_output_fcn_disable 00000001800167e0 f   sfc_mex:sfc_sf.obj
 0001:00015870       sf_clear_rtw_identifier    0000000180016870 f   sfc_mex:sfc_sf.obj
 0001:00016060       sf_set_encoded_dwork_info  0000000180017060 f   sfc_mex:sfc_sf.obj
 0001:000160b0       sf_get_dwork_info_from_mat_file 00000001800170b0 f   sfc_mex:sfc_sf.obj
 0001:000162a0       sf_set_rtw_dwork_info      00000001800172a0 f   sfc_mex:sfc_sf.obj
 0001:00016410       mdlOutputs                 0000000180017410 f   sfc_mex:sfc_sf.obj
 0001:000165b0       sf_debug_disp              00000001800175b0 f   sfc_debug:sfcdebug.obj
 0001:00016810       sf_debug_data_runtime_size_mismatch_error_check 0000000180017810 f   sfc_debug:sfcdebug.obj
 0001:000168b0       sf_debug_try_loading_machine 00000001800178b0 f   sfc_debug:sfcdebug.obj
 0001:000169b0       sf_debug_reset_current_state_configuration 00000001800179b0 f   sfc_debug:sfcdebug.obj
 0001:00016a40       sf_debug_store_current_state_configuration 0000000180017a40 f   sfc_debug:sfcdebug.obj
 0001:00016ad0       sf_debug_restore_previous_state_configuration 0000000180017ad0 f   sfc_debug:sfcdebug.obj
 0001:00016b60       sf_debug_restore_previous_state_configuration2 0000000180017b60 f   sfc_debug:sfcdebug.obj
 0001:00016bf0       sf_debug_get_event_scope   0000000180017bf0 f   sfc_debug:sfcdebug.obj
 0001:00016d60       use_debugger_step_animation 0000000180017d60 f   sfc_debug:sfcdebug.obj
 0001:00016d80       sf_debug_get_script_id     0000000180017d80 f   sfc_debug:sfcdebug.obj
 0001:00016e10       sf_debug_set_script_translation 0000000180017e10 f   sfc_debug:sfcdebug.obj
 0001:00016ed0       sf_debug_get_current_machine_id 0000000180017ed0 f   sfc_debug:sfcdebug.obj
 0001:00016ef0       sf_debug_get_current_optional_integer 0000000180017ef0 f   sfc_debug:sfcdebug.obj
 0001:00016f00       sf_debug_get_current_machine_number 0000000180017f00 f   sfc_debug:sfcdebug.obj
 0001:00016f20       sf_debug_get_current_machine_name 0000000180017f20 f   sfc_debug:sfcdebug.obj
 0001:00016f40       sf_debug_get_current_chart_id 0000000180017f40 f   sfc_debug:sfcdebug.obj
 0001:00016f90       sf_debug_get_current_chart_number 0000000180017f90 f   sfc_debug:sfcdebug.obj
 0001:00016fa0       sf_debug_get_current_instance_number 0000000180017fa0 f   sfc_debug:sfcdebug.obj
 0001:00016fb0       sf_debug_get_current_is_minor_time_step 0000000180017fb0 f   sfc_debug:sfcdebug.obj
 0001:00017030       sf_debug_get_current_object_type 0000000180018030 f   sfc_debug:sfcdebug.obj
 0001:00017040       sf_debug_get_current_instance_handle 0000000180018040 f   sfc_debug:sfcdebug.obj
 0001:000170a0       sf_debug_get_current_event_type 00000001800180a0 f   sfc_debug:sfcdebug.obj
 0001:000170b0       sf_debug_get_current_object_id 00000001800180b0 f   sfc_debug:sfcdebug.obj
 0001:000170f0       sf_debug_get_current_active_event_type 00000001800180f0 f   sfc_debug:sfcdebug.obj
 0001:00017100       sf_debug_get_current_active_event_id 0000000180018100 f   sfc_debug:sfcdebug.obj
 0001:00017140       sf_debug_get_current_tag_type 0000000180018140 f   sfc_debug:sfcdebug.obj
 0001:00017150       sf_debug_get_current_simulation_time 0000000180018150 f   sfc_debug:sfcdebug.obj
 0001:00017160       sf_debug_get_current_coverage_percentage 0000000180018160 f   sfc_debug:sfcdebug.obj
 0001:00017170       sf_debug_current_statement_context 0000000180018170 f   sfc_debug:sfcdebug.obj
 0001:00017200       sf_debug_get_current_statement_info 0000000180018200 f   sfc_debug:sfcdebug.obj
 0001:00017380       sf_debug_terminate_instance 0000000180018380 f   sfc_debug:sfcdebug.obj
 0001:00017690       sf_debug_assertion_failed  0000000180018690 f   sfc_debug:sfcdebug.obj
 0001:00017840       sf_debug_set_number_of_data_with_change_event_for_machine 0000000180018840 f   sfc_debug:sfcdebug.obj
 0001:00017880       sf_debug_set_machine_event_thresholds 0000000180018880 f   sfc_debug:sfcdebug.obj
 0001:000178a0       sf_debug_set_machine_event_scope 00000001800188a0 f   sfc_debug:sfcdebug.obj
 0001:000178e0       sf_debug_set_machine_data_thresholds 00000001800188e0 f   sfc_debug:sfcdebug.obj
 0001:00017920       sf_debug_set_machine_data_scope 0000000180018920 f   sfc_debug:sfcdebug.obj
 0001:000179b0       sf_debug_set_machine_data_name 00000001800189b0 f   sfc_debug:sfcdebug.obj
 0001:00017a50       sf_debug_set_machine_data_size 0000000180018a50 f   sfc_debug:sfcdebug.obj
 0001:00017b90       sf_debug_set_machine_data_type 0000000180018b90 f   sfc_debug:sfcdebug.obj
 0001:00017d00       sf_debug_get_chart_data_number 0000000180018d00 f   sfc_debug:sfcdebug.obj
 0001:00017d20       sf_debug_get_chart_event_number 0000000180018d20 f   sfc_debug:sfcdebug.obj
 0001:00017d40       sf_debug_set_chart_state_info 0000000180018d40 f   sfc_debug:sfcdebug.obj
 0001:00017dc0       sf_debug_set_chart_decomposition 0000000180018dc0 f   sfc_debug:sfcdebug.obj
 0001:00017e30       sf_debug_set_chart_substate_count 0000000180018e30 f   sfc_debug:sfcdebug.obj
 0001:00017f10       sf_debug_set_chart_substate_index 0000000180018f10 f   sfc_debug:sfcdebug.obj
 0001:00017f80       sf_debug_set_chart_state_substate_count 0000000180018f80 f   sfc_debug:sfcdebug.obj
 0001:00018090       sf_debug_set_chart_state_substate_index 0000000180019090 f   sfc_debug:sfcdebug.obj
 0001:00018110       sf_debug_set_number_of_data_with_change_event_for_chart 0000000180019110 f   sfc_debug:sfcdebug.obj
 0001:00018190       sf_debug_set_number_of_states_with_entry_event_for_chart 0000000180019190 f   sfc_debug:sfcdebug.obj
 0001:00018200       sf_debug_set_number_of_states_with_exit_event_for_chart 0000000180019200 f   sfc_debug:sfcdebug.obj
 0001:00018270       sf_debug_set_chart_disable_implicit_casting 0000000180019270 f   sfc_debug:sfcdebug.obj
 0001:000182e0       sf_debug_set_chart_event_thresholds 00000001800192e0 f   sfc_debug:sfcdebug.obj
 0001:00018350       sf_debug_set_chart_data_compiled_props 0000000180019350 f   sfc_debug:sfcdebug.obj
 0001:000186a0       sf_debug_set_chart_data_props 00000001800196a0 f   sfc_debug:sfcdebug.obj
 0001:000189c0       sf_debug_check_fi_license  00000001800199c0 f   sfc_debug:sfcdebug.obj
 0001:00018bb0       sf_debug_symbol_scope_push 0000000180019bb0 f   sfc_debug:sfcdebug.obj
 0001:00018bf0       sf_debug_symbol_scope_push_eml 0000000180019bf0 f   sfc_debug:sfcdebug.obj
 0001:00018c40       sf_debug_symbol_scope_pop  0000000180019c40 f   sfc_debug:sfcdebug.obj
 0001:00018c80       sf_debug_symbol_scope_add_importable 0000000180019c80 f   sfc_debug:sfcdebug.obj
 0001:00018d00       sf_debug_symbol_scope_add  0000000180019d00 f   sfc_debug:sfcdebug.obj
 0001:00018d80       sf_debug_symbol_scope_add_dyn_importable 0000000180019d80 f   sfc_debug:sfcdebug.obj
 0001:00018e40       sf_debug_symbol_scope_add_dyn 0000000180019e40 f   sfc_debug:sfcdebug.obj
 0001:00018e70       sf_debug_symbol_scope_add_eml_importable 0000000180019e70 f   sfc_debug:sfcdebug.obj
 0001:00018eb0       sf_debug_symbol_scope_add_eml 0000000180019eb0 f   sfc_debug:sfcdebug.obj
 0001:00018ef0       sf_debug_symbol_scope_add_eml_dyn_importable 0000000180019ef0 f   sfc_debug:sfcdebug.obj
 0001:00018f60       sf_debug_symbol_scope_add_eml_dyn 0000000180019f60 f   sfc_debug:sfcdebug.obj
 0001:00018fc0       sf_debug_symbol_switch     0000000180019fc0 f   sfc_debug:sfcdebug.obj
 0001:00018fe0       sf_debug_symbol_scope_add_verbose 0000000180019fe0 f   sfc_debug:sfcdebug.obj
 0001:000190b0       sf_debug_set_machine_data_value_ptr 000000018001a0b0 f   sfc_debug:sfcdebug.obj
 0001:000190f0       sf_debug_set_instance_data_value_ptr 000000018001a0f0 f   sfc_debug:sfcdebug.obj
 0001:000191b0       sf_debug_unset_instance_data_value_ptr 000000018001a1b0 f   sfc_debug:sfcdebug.obj
 0001:00019260       sf_debug_set_chart_event_scope 000000018001a260 f   sfc_debug:sfcdebug.obj
 0001:000192e0       sf_debug_set_chart_transition_coverage_maps 000000018001a2e0 f   sfc_debug:sfcdebug.obj
 0001:000193f0       sf_debug_set_chart_state_coverage_maps 000000018001a3f0 f   sfc_debug:sfcdebug.obj
 0001:000194d0       sf_debug_set_instance_transition_coverage_weights 000000018001a4d0 f   sfc_debug:sfcdebug.obj
 0001:00019570       sf_debug_set_instance_state_coverage_weights 000000018001a570 f   sfc_debug:sfcdebug.obj
 0001:000197c0       sf_debug_unload_machine    000000018001a7c0 f   sfc_debug:sfcdebug.obj
 0001:00019810       sf_debug_load_machine      000000018001a810 f   sfc_debug:sfcdebug.obj
 0001:00019910       sf_debug_set_active_instance_in_data_dictionary 000000018001a910 f   sfc_debug:sfcdebug.obj
 0001:00019af0       sf_debug_set_active_instance 000000018001aaf0 f   sfc_debug:sfcdebug.obj
 0001:00019c30       sf_debug_chart_visiblity_change 000000018001ac30 f   sfc_debug:sfcdebug.obj
 0001:00019d10       sf_debug_select_chart      000000018001ad10 f   sfc_debug:sfcdebug.obj
 0001:00019de0       sf_debug_set_instance_cv_ids 000000018001ade0 f   sfc_debug:sfcdebug.obj
 0001:0001a0f0       sf_debug_select_charts     000000018001b0f0 f   sfc_debug:sfcdebug.obj
 0001:0001a230       sf_debug_initialized       000000018001b230 f   sfc_debug:sfcdebug.obj
 0001:0001a240       sf_debug_is_uninterruptible 000000018001b240 f   sfc_debug:sfcdebug.obj
 0001:0001a270       sf_debug_initialize_debugger_gui 000000018001b270 f   sfc_debug:sfcdebug.obj
 0001:0001a660       sf_debug_resume            000000018001b660 f   sfc_debug:sfcdebug.obj
 0001:0001a680       sf_debug_go                000000018001b680 f   sfc_debug:sfcdebug.obj
 0001:0001a690       sf_debug_break             000000018001b690 f   sfc_debug:sfcdebug.obj
 0001:0001a6a0       sf_debug_step_over         000000018001b6a0 f   sfc_debug:sfcdebug.obj
 0001:0001a6b0       sf_debug_step_out          000000018001b6b0 f   sfc_debug:sfcdebug.obj
 0001:0001a6c0       sf_debug_set_disable_all_breakpoints 000000018001b6c0 f   sfc_debug:sfcdebug.obj
 0001:0001a6d0       sf_debug_disable_all_breakpoints_and_go 000000018001b6d0 f   sfc_debug:sfcdebug.obj
 0001:0001a6e0       sf_debug_break_on_chart_entry 000000018001b6e0 f   sfc_debug:sfcdebug.obj
 0001:0001a6f0       sf_debug_break_on_event_broadcast 000000018001b6f0 f   sfc_debug:sfcdebug.obj
 0001:0001a700       sf_debug_break_on_state_entry 000000018001b700 f   sfc_debug:sfcdebug.obj
 0001:0001a710       sf_debug_break_between_times 000000018001b710 f   sfc_debug:sfcdebug.obj
 0001:0001a730       sf_debug_browse_data       000000018001b730 f   sfc_debug:sfcdebug.obj
 0001:0001a750       sf_debug_watch_data        000000018001b750 f   sfc_debug:sfcdebug.obj
 0001:0001a770       sf_debug_assign_data       000000018001b770 f   sfc_debug:sfcdebug.obj
 0001:0001a790       sf_debug_whos              000000018001b790 f   sfc_debug:sfcdebug.obj
 0001:0001a7b0       sf_debug_get_consistency_info 000000018001b7b0 f   sfc_debug:sfcdebug.obj
 0001:0001a7c0       sf_debug_browse_trace      000000018001b7c0 f   sfc_debug:sfcdebug.obj
 0001:0001a7d0       sf_debug_set_breakpoints   000000018001b7d0 f   sfc_debug:sfcdebug.obj
 0001:0001a930       sf_debug_set_eml_breakpoints 000000018001b930 f   sfc_debug:sfcdebug.obj
 0001:0001aa90       sf_debug_set_script_breakpoints 000000018001ba90 f   sfc_debug:sfcdebug.obj
 0001:0001ab10       sf_debug_add_script_breakpoints 000000018001bb10 f   sfc_debug:sfcdebug.obj
 0001:0001ab80       sf_debug_clear_script_breakpoints 000000018001bb80 f   sfc_debug:sfcdebug.obj
 0001:0001abf0       sf_debug_query_script_breakpoints 000000018001bbf0 f   sfc_debug:sfcdebug.obj
 0001:0001acb0       sf_debug_get_eml_script_id 000000018001bcb0 f   sfc_debug:sfcdebug.obj
 0001:0001ad00       sf_debug_set_watch         000000018001bd00 f   sfc_debug:sfcdebug.obj
 0001:0001af30       sf_debug_get_coverage      000000018001bf30 f   sfc_debug:sfcdebug.obj
 0001:0001af40       sf_debug_get_instance_handle 000000018001bf40 f   sfc_debug:sfcdebug.obj
 0001:0001afd0       sf_debug_get_active_states 000000018001bfd0 f   sfc_debug:sfcdebug.obj
 0001:0001afe0       sf_debug_get_animation     000000018001bfe0 f   sfc_debug:sfcdebug.obj
 0001:0001aff0       sf_debug_set_animation     000000018001bff0 f   sfc_debug:sfcdebug.obj
 0001:0001b000       sf_debug_animate           000000018001c000 f   sfc_debug:sfcdebug.obj
 0001:0001b030       sf_debug_cycle_detection_check 000000018001c030 f   sfc_debug:sfcdebug.obj
 0001:0001b040       sf_debug_data_range_check  000000018001c040 f   sfc_debug:sfcdebug.obj
 0001:0001b050       sf_debug_transition_conflict_check 000000018001c050 f   sfc_debug:sfcdebug.obj
 0001:0001b060       sf_debug_state_consistency_check 000000018001c060 f   sfc_debug:sfcdebug.obj
 0001:0001b070       sf_debug_data_range_check_enabled 000000018001c070 f   sfc_debug:sfcdebug.obj
 0001:0001b090       sf_debug_transition_conflict_check_enabled 000000018001c090 f   sfc_debug:sfcdebug.obj
 0001:0001b0b0       sf_debug_transition_conflict_check_begin 000000018001c0b0 f   sfc_debug:sfcdebug.obj
 0001:0001b0d0       sf_debug_transition_conflict_check_end 000000018001c0d0 f   sfc_debug:sfcdebug.obj
 0001:0001b0f0       sf_debug_stop_debugging    000000018001c0f0 f   sfc_debug:sfcdebug.obj
 0001:0001b120       sf_debug_is_cycle_detected 000000018001c120 f   sfc_debug:sfcdebug.obj
 0001:0001b130       sf_debug_is_array_bounds_detected 000000018001c130 f   sfc_debug:sfcdebug.obj
 0001:0001b140       sf_debug_get_state_vectors_data_size 000000018001c140 f   sfc_debug:sfcdebug.obj
 0001:0001b180       sf_debug_get_state_vectors_data 000000018001c180 f   sfc_debug:sfcdebug.obj
 0001:0001b280       sf_debug_set_state_vectors_data 000000018001c280 f   sfc_debug:sfcdebug.obj
 0001:0001b540       sf_debug_get_script_index  000000018001c540 f   sfc_debug:sfcdebug.obj
 0001:0001b6d0       sf_debug_add_script        000000018001c6d0 f   sfc_debug:sfcdebug.obj
 0001:0001b860       cv_eval_point              000000018001c860 f   sfc_debug:sfcdebug.obj
 0001:0001b9d0       sf_debug_cv_init_state     000000018001c9d0 f   sfc_debug:sfcdebug.obj
 0001:0001baf0       sf_debug_cv_init_chart     000000018001caf0 f   sfc_debug:sfcdebug.obj
 0001:0001bbd0       sf_debug_cv_init_trans     000000018001cbd0 f   sfc_debug:sfcdebug.obj
 0001:0001bd40       cv_eml_init_script         000000018001cd40 f   sfc_debug:sfcdebug.obj
 0001:0001be20       cv_eml_init_fcn            000000018001ce20 f   sfc_debug:sfcdebug.obj
 0001:0001bed0       cv_eml_init_testobjective  000000018001ced0 f   sfc_debug:sfcdebug.obj
 0001:0001bf80       cv_eml_init_if             000000018001cf80 f   sfc_debug:sfcdebug.obj
 0001:0001c030       cv_eml_init_for            000000018001d030 f   sfc_debug:sfcdebug.obj
 0001:0001c0e0       cv_eml_init_while          000000018001d0e0 f   sfc_debug:sfcdebug.obj
 0001:0001c190       cv_eml_init_mcdc           000000018001d190 f   sfc_debug:sfcdebug.obj
 0001:0001c290       cv_eml_init_switch         000000018001d290 f   sfc_debug:sfcdebug.obj
 0001:0001c370       cv_eml_eval                000000018001d370 f   sfc_debug:sfcdebug.obj
 0001:0001c450       sf_debug_bm_is_a_eml_breakpoint 000000018001d450 f   sfc_debug:sfcdebug.obj
 0001:0001c5a0       sf_debug_temporal_threshold 000000018001d5a0 f   sfc_debug:sfcdebug.obj
 0001:0001c900       sf_debug_transition_conflict_error 000000018001d900 f   sfc_debug:sfcdebug.obj
 0001:0001cc80       sf_debug_state_inconsistency_error 000000018001dc80 f   sfc_debug:sfcdebug.obj
 0001:0001cda0       sf_debug_check_for_state_inconsistency 000000018001dda0 f   sfc_debug:sfcdebug.obj
 0001:0001cdd0       sf_debug_cycle_detecton_error 000000018001ddd0 f   sfc_debug:sfcdebug.obj
 0001:0001d5c0       sf_debug_size_eq_check_1d  000000018001e5c0 f   sfc_debug:sfcdebug.obj
 0001:0001d5e0       sf_debug_size_eq_check_nd  000000018001e5e0 f   sfc_debug:sfcdebug.obj
 0001:0001d7c0       sf_debug_dim_size_eq_check 000000018001e7c0 f   sfc_debug:sfcdebug.obj
 0001:0001d7f0       sf_debug_dim_size_geq_check 000000018001e7f0 f   sfc_debug:sfcdebug.obj
 0001:0001d820       sf_debug_sub_assign_size_check_nd 000000018001e820 f   sfc_debug:sfcdebug.obj
 0001:0001da60       sf_debug_matrix_matrix_index_check 000000018001ea60 f   sfc_debug:sfcdebug.obj
 0001:0001da90       sf_debug_vector_vector_index_check 000000018001ea90 f   sfc_debug:sfcdebug.obj
 0001:0001dac0       sf_debug_runtime_error_msgid 000000018001eac0 f   sfc_debug:sfcdebug.obj
 0001:0001db50       sf_debug_data_array_bounds_error_check 000000018001eb50 f   sfc_debug:sfcdebug.obj
 0001:0001dc60       sf_debug_eml_data_array_bounds_error_check 000000018001ec60 f   sfc_debug:sfcdebug.obj
 0001:0001e140       sf_debug_integer_check     000000018001f140 f   sfc_debug:sfcdebug.obj
 0001:0001e220       sf_debug_not_nan_check     000000018001f220 f   sfc_debug:sfcdebug.obj
 0001:0001e2e0       sf_debug_non_negative_check 000000018001f2e0 f   sfc_debug:sfcdebug.obj
 0001:0001e3a0       sf_debug_overflow_detection 000000018001f3a0 f   sfc_debug:sfcdebug.obj
 0001:0001ea90       sf_debug_cast_to_real32_T  000000018001fa90 f   sfc_debug:sfcdebug.obj
 0001:0001eb50       sf_debug_cast_to_int8_T    000000018001fb50 f   sfc_debug:sfcdebug.obj
 0001:0001ec10       sf_debug_cast_to_uint8_T   000000018001fc10 f   sfc_debug:sfcdebug.obj
 0001:0001ecd0       sf_debug_cast_to_int16_T   000000018001fcd0 f   sfc_debug:sfcdebug.obj
 0001:0001ed90       sf_debug_cast_to_uint16_T  000000018001fd90 f   sfc_debug:sfcdebug.obj
 0001:0001ee50       sf_debug_cast_to_int32_T   000000018001fe50 f   sfc_debug:sfcdebug.obj
 0001:0001ef10       sf_debug_cast_to_uint32_T  000000018001ff10 f   sfc_debug:sfcdebug.obj
 0001:0001efd0       sf_debug_data_range_error  000000018001ffd0 f   sfc_debug:sfcdebug.obj
 0001:0001f450       sf_debug_data_range_error_wrapper_min_max 0000000180020450 f   sfc_debug:sfcdebug.obj
 0001:0001f540       sf_debug_data_range_error_wrapper_min 0000000180020540 f   sfc_debug:sfcdebug.obj
 0001:0001f620       sf_debug_data_range_error_wrapper_max 0000000180020620 f   sfc_debug:sfcdebug.obj
 0001:0001f700       sf_debug_data_range_wrapper 0000000180020700 f   sfc_debug:sfcdebug.obj
 0001:0001f7b0       sf_debug_set_current_status_info 00000001800207b0 f   sfc_debug:sfcdebug.obj
 0001:0001fb60       sf_debug_call              0000000180020b60 f   sfc_debug:sfcdebug.obj
 0001:00020a20       sf_debug_initialize_machine 0000000180021a20 f   sfc_debug:sfcdebug.obj
 0001:00020d30       sf_debug_initialize_chart  0000000180021d30 f   sfc_debug:sfcdebug.obj
 0001:00021210       sf_debug_ensure_script     0000000180022210 f   sfc_debug:sfcdebug.obj
 0001:000212d0       cv_script_init_script      00000001800222d0 f   sfc_debug:sfcdebug.obj
 0001:000213b0       cv_script_init_fcn         00000001800223b0 f   sfc_debug:sfcdebug.obj
 0001:00021460       cv_script_init_testobjective 0000000180022460 f   sfc_debug:sfcdebug.obj
 0001:00021510       cv_script_init_if          0000000180022510 f   sfc_debug:sfcdebug.obj
 0001:000215c0       cv_script_init_for         00000001800225c0 f   sfc_debug:sfcdebug.obj
 0001:00021670       cv_script_init_while       0000000180022670 f   sfc_debug:sfcdebug.obj
 0001:00021720       cv_script_init_mcdc        0000000180022720 f   sfc_debug:sfcdebug.obj
 0001:00021820       cv_script_init_switch      0000000180022820 f   sfc_debug:sfcdebug.obj
 0001:00021900       cv_script_eval             0000000180022900 f   sfc_debug:sfcdebug.obj
 0001:000219e0       eml_debug_line_call        00000001800229e0 f   sfc_debug:sfcdebug.obj
 0001:00021b90       sf_debug_terminate         0000000180022b90 f   sfc_debug:sfcdebug.obj
 0001:00021d00       sf_debug_set_script_cv_ids 0000000180022d00 f   sfc_debug:sfcdebug.obj
 0001:00021ed0       sf_debug_api               0000000180022ed0 f   sfc_debug:sfc_api.obj
 0001:00023700       sf_debug_sm_terminate      0000000180024700 f   sfc_debug:sfdb_animation.obj
 0001:000238c0       sf_debug_reset_path_objects 00000001800248c0 f   sfc_debug:sfdb_animation.obj
 0001:00023940       sf_debug_sm_reset_object_selection_status 0000000180024940 f   sfc_debug:sfdb_animation.obj
 0001:000239e0       sf_debug_sm_reset_state_buffer 00000001800249e0 f   sfc_debug:sfdb_animation.obj
 0001:00023ab0       sf_debug_sm_store_state_buffer 0000000180024ab0 f   sfc_debug:sfdb_animation.obj
 0001:00023b30       sf_debug_sm_restore_state_buffer1 0000000180024b30 f   sfc_debug:sfdb_animation.obj
 0001:00023ba0       sf_debug_sm_restore_state_buffer2 0000000180024ba0 f   sfc_debug:sfdb_animation.obj
 0001:00023c10       sf_debug_sm_chart_active   0000000180024c10 f   sfc_debug:sfdb_animation.obj
 0001:00023c60       sf_debug_sm_select_active_objects 0000000180024c60 f   sfc_debug:sfdb_animation.obj
 0001:00024110       sf_debug_sm_is_chart_active 0000000180025110 f   sfc_debug:sfdb_animation.obj
 0001:00024150       sf_debug_sm_is_state_active 0000000180025150 f   sfc_debug:sfdb_animation.obj
 0001:00024390       sf_debug_sm_get_active_states 0000000180025390 f   sfc_debug:sfdb_animation.obj
 0001:00024950       sf_debug_sm_initialize_instance 0000000180025950 f   sfc_debug:sfdb_animation.obj
 0001:00024ba0       sf_debug_sm_change_object_selection_status 0000000180025ba0 f   sfc_debug:sfdb_animation.obj
 0001:00024e90       cv_create_interface        0000000180025e90 f   sfc_debug:cv_sfinterface.obj
 0001:000251f0       cv_init_trans              00000001800261f0 f   sfc_debug:cv_sfinterface.obj
 0001:00025240       cv_init_state              0000000180026240 f   sfc_debug:cv_sfinterface.obj
 0001:000252b0       cv_init_chart              00000001800262b0 f   sfc_debug:cv_sfinterface.obj
 0001:00025300       cv_dec_update_call         0000000180026300 f   sfc_debug:cv_sfinterface.obj
 0001:00025340       cv_cond_update_call        0000000180026340 f   sfc_debug:cv_sfinterface.obj
 0001:00025380       cv_sigrange_update         0000000180026380 f   sfc_debug:cv_sfinterface.obj
 0001:000253c0       cvsf_eml_eval              00000001800263c0 f   sfc_debug:cv_sfinterface.obj
 0001:000254a0       cvsf_eml_init_script       00000001800264a0 f   sfc_debug:cv_sfinterface.obj
 0001:00025520       cvsf_eml_init_fcn          0000000180026520 f   sfc_debug:cv_sfinterface.obj
 0001:00025580       cvsf_eml_init_testobjective 0000000180026580 f   sfc_debug:cv_sfinterface.obj
 0001:000255e0       cvsf_eml_init_if           00000001800265e0 f   sfc_debug:cv_sfinterface.obj
 0001:00025640       cvsf_eml_init_for          0000000180026640 f   sfc_debug:cv_sfinterface.obj
 0001:00025690       cvsf_eml_init_while        0000000180026690 f   sfc_debug:cv_sfinterface.obj
 0001:000256e0       cvsf_eml_init_mcdc         00000001800266e0 f   sfc_debug:cv_sfinterface.obj
 0001:00025770       cvsf_eml_init_switch       0000000180026770 f   sfc_debug:cv_sfinterface.obj
 0001:000257e0       cvsf_script_eval           00000001800267e0 f   sfc_debug:cv_sfinterface.obj
 0001:000258c0       cvsf_script_init_script    00000001800268c0 f   sfc_debug:cv_sfinterface.obj
 0001:00025940       cvsf_script_init_fcn       0000000180026940 f   sfc_debug:cv_sfinterface.obj
 0001:000259a0       cvsf_script_init_testobjective 00000001800269a0 f   sfc_debug:cv_sfinterface.obj
 0001:00025a00       cvsf_script_init_if        0000000180026a00 f   sfc_debug:cv_sfinterface.obj
 0001:00025a60       cvsf_script_init_for       0000000180026a60 f   sfc_debug:cv_sfinterface.obj
 0001:00025ab0       cvsf_script_init_while     0000000180026ab0 f   sfc_debug:cv_sfinterface.obj
 0001:00025b00       cvsf_script_init_mcdc      0000000180026b00 f   sfc_debug:cv_sfinterface.obj
 0001:00025b90       cvsf_script_init_switch    0000000180026b90 f   sfc_debug:cv_sfinterface.obj
 0001:00025c00       cv_destroy_interface       0000000180026c00 f   sfc_debug:cv_sfinterface.obj
 0001:00025c20       cv_create_instance_objects 0000000180026c20 f   sfc_debug:cv_sfinterface.obj
 0001:000260d0       cv_is_enabled              00000001800270d0 f   sfc_debug:cv_sfinterface.obj
 0001:000260e0       sf_debug_cv_initialize_script 00000001800270e0 f   sfc_debug:cv_sfinterface.obj
 0001:00026290       sf_debug_cv_initialize_instance 0000000180027290 f   sfc_debug:cv_sfinterface.obj
 0001:00026630       sf_debug_cv_terminate_chart 0000000180027630 f   sfc_debug:cv_sfinterface.obj
 0001:00026770       cv_call_trans_test         0000000180027770 f   sfc_debug:cv_sfinterface.obj
 0001:00026780       cv_call_sub_cond_test      0000000180027780 f   sfc_debug:cv_sfinterface.obj
 0001:000268b0       sf_debug_hm_initialize_instance 00000001800278b0 f   sfc_debug:sfdb_handle_management.obj
 0001:00026e30       sf_debug_hm_get_object_id  0000000180027e30 f   sfc_debug:sfdb_handle_management.obj
 0001:00028da0       sf_debug_object_is_eml_function 0000000180029da0 f   sfc_debug:sfdb_handle_management.obj
 0001:00028e10       sf_debug_hm_initialize_ids_in_machine 0000000180029e10 f   sfc_debug:sfdb_handle_management.obj
 0001:00028f80       sf_debug_hm_initialize_ids_in_chart 0000000180029f80 f   sfc_debug:sfdb_handle_management.obj
 0001:000290c0       sf_debug_hm_initialize_chart 000000018002a0c0 f   sfc_debug:sfdb_handle_management.obj
 0001:00029870       sf_debug_hm_terminate      000000018002a870 f   sfc_debug:sfdb_handle_management.obj
 0001:000298d0       sf_debug_hm_initialize_machine 000000018002a8d0 f   sfc_debug:sfdb_handle_management.obj
 0001:0002a080       sf_debug_st_initialize_machine 000000018002b080 f   sfc_debug:sfdb_data_browse.obj
 0001:0002a140       sf_debug_st_initialize_instance 000000018002b140 f   sfc_debug:sfdb_data_browse.obj
 0001:0002a370       sf_debug_st_terminate      000000018002b370 f   sfc_debug:sfdb_data_browse.obj
 0001:0002a710       sf_debug_st_set_data_value_ptr_in_machine 000000018002b710 f   sfc_debug:sfdb_data_browse.obj
 0001:0002a7a0       sf_debug_st_set_data_value_ptr_in_instance 000000018002b7a0 f   sfc_debug:sfdb_data_browse.obj
 0001:0002a880       sf_debug_st_unset_data_value_ptr_in_machine 000000018002b880 f   sfc_debug:sfdb_data_browse.obj
 0001:0002a8f0       sf_debug_st_unset_data_value_ptr_in_instance 000000018002b8f0 f   sfc_debug:sfdb_data_browse.obj
 0001:0002ac00       sf_debug_mx_value          000000018002bc00 f   sfc_debug:sfdb_data_browse.obj
 0001:0002ac60       sf_debug_mx_packed_vector  000000018002bc60 f   sfc_debug:sfdb_data_browse.obj
 0001:0002ad40       sf_debug_mx_uint_vector    000000018002bd40 f   sfc_debug:sfdb_data_browse.obj
 0001:0002ae00       sf_debug_st_get_double_value_from_void_ptr_vector 000000018002be00 f   sfc_debug:sfdb_data_browse.obj
 0001:0002b8f0       sf_debug_st_browse_data    000000018002c8f0 f   sfc_debug:sfdb_data_browse.obj
 0001:0002c090       sf_debug_ss_initialize     000000018002d090 f   sfc_debug:sfdb_symbol_scope.obj
 0001:0002c0b0       sf_debug_ss_terminate      000000018002d0b0 f   sfc_debug:sfdb_symbol_scope.obj
 0001:0002c140       sf_debug_ss_push_symbol_scope 000000018002d140 f   sfc_debug:sfdb_symbol_scope.obj
 0001:0002c240       sf_debug_ss_push_symbol_scope_eml 000000018002d240 f   sfc_debug:sfdb_symbol_scope.obj
 0001:0002c2a0       sf_debug_ss_pop_symbol_scope 000000018002d2a0 f   sfc_debug:sfdb_symbol_scope.obj
 0001:0002c350       sf_debug_ss_add_symbol     000000018002d350 f   sfc_debug:sfdb_symbol_scope.obj
 0001:0002c4b0       sf_debug_ss_add_symbol_eml 000000018002d4b0 f   sfc_debug:sfdb_symbol_scope.obj
 0001:0002d190       sf_debug_ss_set_data_value 000000018002e190 f   sfc_debug:sfdb_symbol_scope.obj
 0001:0002d630       sf_debug_ss_watch_data     000000018002e630 f   sfc_debug:sfdb_symbol_scope.obj
 0001:0002d6d0       sf_debug_ss_assign_data    000000018002e6d0 f   sfc_debug:sfdb_symbol_scope.obj
 0001:0002e0d0       get_data_entry_name        000000018002f0d0 f   sfc_debug:sfdb_symbol_scope.obj
 0001:0002e120       sf_debug_ss_whos           000000018002f120 f   sfc_debug:sfdb_symbol_scope.obj
 0001:0002e830       sf_debug_cc_initialize_chart 000000018002f830 f   sfc_debug:sfdb_coverage.obj
 0001:0002f220       sf_debug_cc_initialize_instance 0000000180030220 f   sfc_debug:sfdb_coverage.obj
 0001:00030020       sf_debug_cc_terminate      0000000180031020 f   sfc_debug:sfdb_coverage.obj
 0001:00030110       sf_debug_cc_set_transition_maps 0000000180031110 f   sfc_debug:sfdb_coverage.obj
 0001:00030240       sf_debug_cc_set_state_maps 0000000180031240 f   sfc_debug:sfdb_coverage.obj
 0001:00030320       sf_debug_cc_set_transition_weights 0000000180031320 f   sfc_debug:sfdb_coverage.obj
 0001:000305f0       sf_debug_cc_set_state_weights 00000001800315f0 f   sfc_debug:sfdb_coverage.obj
 0001:000308c0       sf_debug_cc_mark_transition_guard 00000001800318c0 f   sfc_debug:sfdb_coverage.obj
 0001:00030950       sf_debug_cc_mark_transition_trigger 0000000180031950 f   sfc_debug:sfdb_coverage.obj
 0001:000309e0       sf_debug_cc_mark_transition_decision 00000001800319e0 f   sfc_debug:sfdb_coverage.obj
 0001:00030a50       sf_debug_cc_mark_transition_condition_action 0000000180031a50 f   sfc_debug:sfdb_coverage.obj
 0001:00030aa0       sf_debug_cc_mark_transition_transition_action 0000000180031aa0 f   sfc_debug:sfdb_coverage.obj
 0001:00030af0       sf_debug_cc_mark_state_entry 0000000180031af0 f   sfc_debug:sfdb_coverage.obj
 0001:00030b40       sf_debug_cc_mark_state_during 0000000180031b40 f   sfc_debug:sfdb_coverage.obj
 0001:00030b90       sf_debug_cc_mark_state_exit 0000000180031b90 f   sfc_debug:sfdb_coverage.obj
 0001:000313d0       sf_debug_cc_get_coverage   00000001800323d0 f   sfc_debug:sfdb_coverage.obj
 0001:00031970       sf_debug_bm_clear_script_breakpoints 0000000180032970 f   sfc_debug:sfdb_breakpoints.obj
 0001:000319a0       sf_debug_bm_set_script_breakpoint 00000001800329a0 f   sfc_debug:sfdb_breakpoints.obj
 0001:00031a20       sf_debug_bm_clear_single_script_breakpoint 0000000180032a20 f   sfc_debug:sfdb_breakpoints.obj
 0001:00031aa0       sf_debug_bm_query_script_breakpoint 0000000180032aa0 f   sfc_debug:sfdb_breakpoints.obj
 0001:00031af0       sf_debug_bm_initialize_scripts 0000000180032af0 f   sfc_debug:sfdb_breakpoints.obj
 0001:00032210       sf_debug_bm_terminate      0000000180033210 f   sfc_debug:sfdb_breakpoints.obj
 0001:00032500       sf_debug_bm_remove_all_breakpoints_in_machine 0000000180033500 f   sfc_debug:sfdb_breakpoints.obj
 0001:00032570       sf_debug_bm_remove_all_breakpoints_in_chart 0000000180033570 f   sfc_debug:sfdb_breakpoints.obj
 0001:000326c0       sf_debug_bm_initialize_global_breakpoints 00000001800336c0 f   sfc_debug:sfdb_breakpoints.obj
 0001:00032840       sf_debug_bm_set_breakpoint 0000000180033840 f   sfc_debug:sfdb_breakpoints.obj
 0001:00032e70       sf_debug_bm_set_eml_breakpoint 0000000180033e70 f   sfc_debug:sfdb_breakpoints.obj
 0001:00032f10       sf_debug_bm_initialize_machine_breakpoint_map 0000000180033f10 f   sfc_debug:sfdb_breakpoints.obj
 0001:00033330       sf_debug_bm_is_a_breakpoint 0000000180034330 f   sfc_debug:sfdb_breakpoints.obj
 0001:00033850       sf_debug_bm_get_all_breakpoints_in_machine 0000000180034850 f   sfc_debug:sfdb_breakpoints.obj
 0001:00033b50       sf_debug_bm_get_all_breakpoints_in_chart 0000000180034b50 f   sfc_debug:sfdb_breakpoints.obj
 0001:00034810       sf_debug_bm_initialize_machine 0000000180035810 f   sfc_debug:sfdb_breakpoints.obj
 0001:000348e0       sf_debug_bm_initialize_chart 00000001800358e0 f   sfc_debug:sfdb_breakpoints.obj
 0001:00034d00       sf_debug_sc_terminate      0000000180035d00 f   sfc_debug:sfdb_state_consistency.obj
 0001:00035030       sf_debug_sc_is_chart_consistent 0000000180036030 f   sfc_debug:sfdb_state_consistency.obj
 0001:000352e0       sf_debug_sc_get_consistency_error_info 00000001800362e0 f   sfc_debug:sfdb_state_consistency.obj
 0001:00035730       sf_debug_tm_terminate      0000000180036730 f   sfc_debug:sfdb_call_stack.obj
 0001:000357f0       sf_debug_tm_push_chart_instance 00000001800367f0 f   sfc_debug:sfdb_call_stack.obj
 0001:00035940       sf_debug_tm_pop_chart_instance 0000000180036940 f   sfc_debug:sfdb_call_stack.obj
 0001:000359a0       sf_debug_tm_push_trace_node 00000001800369a0 f   sfc_debug:sfdb_call_stack.obj
 0001:00035b30       sf_debug_tm_pop_trace_node 0000000180036b30 f   sfc_debug:sfdb_call_stack.obj
 0001:00035bb0       sf_debug_tm_get_current_global_trace_index 0000000180036bb0 f   sfc_debug:sfdb_call_stack.obj
 0001:00035bc0       sf_debug_tm_get_current_local_trace_index 0000000180036bc0 f   sfc_debug:sfdb_call_stack.obj
 0001:00035bf0       sf_debug_tm_set_cycle_detected_flag 0000000180036bf0 f   sfc_debug:sfdb_call_stack.obj
 0001:00035c30       sf_debug_tm_set_cycle_started_flag 0000000180036c30 f   sfc_debug:sfdb_call_stack.obj
 0001:00035c70       sf_debug_tm_get_chart_number_from_stack 0000000180036c70 f   sfc_debug:sfdb_call_stack.obj
 0001:00035e70       sf_debug_tm_browse_trace   0000000180036e70 f   sfc_debug:sfdb_call_stack.obj
 0001:000361b0       sf_debug_cd_initialize_instance 00000001800371b0 f   sfc_debug:sfdb_cycle_detection.obj
 0001:00036460       sf_debug_cd_mark_processed_transition_in_instance 0000000180037460 f   sfc_debug:sfdb_cycle_detection.obj
 0001:00036500       sf_debug_cd_checksum_push  0000000180037500 f   sfc_debug:sfdb_cycle_detection.obj
 0001:000367c0       sf_debug_cd_checksum_pop   00000001800377c0 f   sfc_debug:sfdb_cycle_detection.obj
 0001:00036830       sf_debug_cd_turn_off_cycle_detection 0000000180037830 f   sfc_debug:sfdb_cycle_detection.obj
 0001:00036880       sf_debug_cd_terminate      0000000180037880 f   sfc_debug:sfdb_cycle_detection.obj
 0001:00036ac0       md5_initialize_state       0000000180037ac0 f   sfc_debug:ckmd5.obj
 0001:00037530       md5_update_state           0000000180038530 f   sfc_debug:ckmd5.obj
 0001:00037550       md5_get_hash               0000000180038550 f   sfc_debug:ckmd5.obj
 0001:00037580       md5_get_hash_for_a_single_string 0000000180038580 f   sfc_debug:ckmd5.obj
 0001:000375e4       mxGetPr                    00000001800385e4 f   libmx:libmx.dll
 0001:000375ea       mxCreateDoubleScalar       00000001800385ea f   libmx:libmx.dll
 0001:000375f0       mxSetField_730             00000001800385f0 f   libmx:libmx.dll
 0001:000375f6       mxCreateDoubleMatrix_730   00000001800385f6 f   libmx:libmx.dll
 0001:000375fc       mxCreateStructMatrix_730   00000001800385fc f   libmx:libmx.dll
 0001:00037602       mxDestroyArray             0000000180038602 f   libmx:libmx.dll
 0001:00037608       mxCreateString             0000000180038608 f   libmx:libmx.dll
 0001:0003760e       mxDuplicateArray           000000018003860e f   libmx:libmx.dll
 0001:00037614       mxGetString_730            0000000180038614 f   libmx:libmx.dll
 0001:0003761a       mxIsChar                   000000018003861a f   libmx:libmx.dll
 0001:00037620       mxGetClassID               0000000180038620 f   libmx:libmx.dll
 0001:00037626       mxIsNumeric                0000000180038626 f   libmx:libmx.dll
 0001:0003762c       mxIsComplex                000000018003862c f   libmx:libmx.dll
 0001:00037632       mxGetN                     0000000180038632 f   libmx:libmx.dll
 0001:00037638       mxGetM                     0000000180038638 f   libmx:libmx.dll
 0001:0003763e       mxCalloc                   000000018003863e f   libmx:libmx.dll
 0001:00037644       mxGetScalar                0000000180038644 f   libmx:libmx.dll
 0001:0003764a       mxIsLogical                000000018003864a f   libmx:libmx.dll
 0001:00037650       mxCreateDoubleMatrix_700   0000000180038650 f   libmx:libmx.dll
 0001:00037656       mxFree                     0000000180038656 f   libmx:libmx.dll
 0001:0003765c       mxArrayToString            000000018003865c f   libmx:libmx.dll
 0001:00037662       mxCreateCellMatrix_700     0000000180038662 f   libmx:libmx.dll
 0001:00037668       mxSetCell_700              0000000180038668 f   libmx:libmx.dll
 0001:0003766e       mxGetCell_700              000000018003866e f   libmx:libmx.dll
 0001:00037674       mxGetClassName             0000000180038674 f   libmx:libmx.dll
 0001:0003767a       mxSetField_700             000000018003867a f   libmx:libmx.dll
 0001:00037680       mxAddField                 0000000180038680 f   libmx:libmx.dll
 0001:00037686       mxGetField_700             0000000180038686 f   libmx:libmx.dll
 0001:0003768c       mxGetNumberOfElements      000000018003868c f   libmx:libmx.dll
 0001:00037692       mxIsStruct                 0000000180038692 f   libmx:libmx.dll
 0001:00037698       mxIsClass                  0000000180038698 f   libmx:libmx.dll
 0001:0003769e       mxGetLogicals              000000018003869e f   libmx:libmx.dll
 0001:000376a4       mxIsSparse                 00000001800386a4 f   libmx:libmx.dll
 0001:000376aa       mxSetFieldByNumber_700     00000001800386aa f   libmx:libmx.dll
 0001:000376b0       mxGetFieldByNumber_700     00000001800386b0 f   libmx:libmx.dll
 0001:000376b6       mxGetFieldNameByNumber     00000001800386b6 f   libmx:libmx.dll
 0001:000376bc       mxGetNumberOfFields        00000001800386bc f   libmx:libmx.dll
 0001:000376c2       mxCreateStructMatrix_700   00000001800386c2 f   libmx:libmx.dll
 0001:000376c8       mxGetFieldNumber           00000001800386c8 f   libmx:libmx.dll
 0001:000376ce       mxIsNaN                    00000001800386ce f   libmx:libmx.dll
 0001:000376d4       mxIsEmpty                  00000001800386d4 f   libmx:libmx.dll
 0001:000376da       mxGetData                  00000001800386da f   libmx:libmx.dll
 0001:000376e0       mxGetImagData              00000001800386e0 f   libmx:libmx.dll
 0001:000376e6       mxArrayClassIDName         00000001800386e6 f   libmx:libmx.dll
 0001:000376ec       mxCreateNumericMatrix_700  00000001800386ec f   libmx:libmx.dll
 0001:000376f2       mxCreateStructArray_700    00000001800386f2 f   libmx:libmx.dll
 0001:000376f8       mxCalcSingleSubscript_700  00000001800386f8 f   libmx:libmx.dll
 0001:000376fe       mxGetDimensions_700        00000001800386fe f   libmx:libmx.dll
 0001:00037704       mxGetNumberOfDimensions_700 0000000180038704 f   libmx:libmx.dll
 0001:0003770a       mxCreateNumericArray_700   000000018003870a f   libmx:libmx.dll
 0001:00037710       mxGetElementSize           0000000180038710 f   libmx:libmx.dll
 0001:00037716       mxCreateStringFromNChars_700 0000000180038716 f   libmx:libmx.dll
 0001:0003771c       mxGetString_700            000000018003871c f   libmx:libmx.dll
 0001:00037722       mxIsLogicalScalarTrue      0000000180038722 f   libmx:libmx.dll
 0001:00037728       mxCreateLogicalScalar      0000000180038728 f   libmx:libmx.dll
 0001:0003772e       mexUnlock                  000000018003872e f   libmex:libmex.dll
 0001:00037734       mexIsLocked                0000000180038734 f   libmex:libmex.dll
 0001:0003773a       mexWarnMsgTxt              000000018003873a f   libmex:libmex.dll
 0001:00037740       mexCallMATLAB              0000000180038740 f   libmex:libmex.dll
 0001:00037746       mexErrMsgTxt               0000000180038746 f   libmex:libmex.dll
 0001:0003774c       mexSetTrapFlag             000000018003874c f   libmex:libmex.dll
 0001:00037752       mexMakeArrayPersistent     0000000180038752 f   libmex:libmex.dll
 0001:00037758       mexPutVariable             0000000180038758 f   libmex:libmex.dll
 0001:0003775e       mexGetVariable             000000018003875e f   libmex:libmex.dll
 0001:00037764       mexLock                    0000000180038764 f   libmex:libmex.dll
 0001:0003776a       mexMakeMemoryPersistent    000000018003876a f   libmex:libmex.dll
 0001:00037770       mexFunctionName            0000000180038770 f   libmex:libmex.dll
 0001:00037776       ssRegisterDataTypeFxpFSlopeFixExpBias 0000000180038776 f   libfixedpoint:libfixedpoint.dll
 0001:0003777c       utVSNprintf                000000018003877c f   libut:libut.dll
 0001:00037782       utCPUtime                  0000000180038782 f   libut:libut.dll
 0001:00037788       utFree                     0000000180038788 f   libut:libut.dll
 0001:0003778e       utMalloc                   000000018003878e f   libut:libut.dll
 0001:00037794       muDoubleScalarSqrt         0000000180038794 f   libmwmathutil:libmwmathutil.dll
 0001:0003779a       emlrtCheckBuiltInCtxR2011a 000000018003879a f   libemlrt:libemlrt.dll
 0001:000377a0       emlrtCheckVsBuiltInCtxR2011a 00000001800387a0 f   libemlrt:libemlrt.dll
 0001:000377a6       emlrtCheckEnumR2009a       00000001800387a6 f   libemlrt:libemlrt.dll
 0001:000377ac       emlrtCreateEnumR2010a      00000001800387ac f   libemlrt:libemlrt.dll
 0001:000377b2       emlrtGetEnumElementR2009a  00000001800387b2 f   libemlrt:libemlrt.dll
 0001:000377b8       emlrtCreateReference       00000001800387b8 f   libemlrt:libemlrt.dll
 0001:000377be       emlrtImportVsFiArrayR2009b 00000001800387be f   libemlrt:libemlrt.dll
 0001:000377c4       emlrtExtractMessageId      00000001800387c4 f   libemlrt:libemlrt.dll
 0001:000377ca       emlrtTranslateMessageIDtoLCPstring 00000001800387ca f   libemlrt:libemlrt.dll
 0001:000377d0       emlrtGetEnumUnderlyingArrayR2009a 00000001800387d0 f   libemlrt:libemlrt.dll
 0001:000377d6       emlrtIsEnumR2009a          00000001800387d6 f   libemlrt:libemlrt.dll
 0001:000377dc       __GSHandlerCheckCommon     00000001800387dc f   MSVCRT:gshandler.obj
 0001:00037840       __GSHandlerCheck           0000000180038840 f   MSVCRT:gshandler.obj
 0001:0003785e       strlen                     000000018003885e f   MSVCRT:MSVCR100.dll
 0001:00037880       __security_check_cookie    0000000180038880 f   MSVCRT:amdsecgs.obj
 0001:000378a0       memset                     00000001800388a0 f   MSVCRT:MSVCR100.dll
 0001:000378a6       malloc                     00000001800388a6 f   MSVCRT:MSVCR100.dll
 0001:000378ac       free                       00000001800388ac f   MSVCRT:MSVCR100.dll
 0001:000378b2       strcmp                     00000001800388b2 f   MSVCRT:MSVCR100.dll
 0001:000378b8       sprintf                    00000001800388b8 f   MSVCRT:MSVCR100.dll
 0001:000378be       strcat                     00000001800388be f   MSVCRT:MSVCR100.dll
 0001:000378c4       memcpy                     00000001800388c4 f   MSVCRT:MSVCR100.dll
 0001:000378cc       NtCurrentTeb               00000001800388cc f i MSVCRT:crtdll.obj
 0001:00037938       _CRT_INIT                  0000000180038938 f   MSVCRT:crtdll.obj
 0001:00037cd0       _DllMainCRTStartup         0000000180038cd0 f   MSVCRT:crtdll.obj
 0001:00037d0e       strncpy                    0000000180038d0e f   MSVCRT:MSVCR100.dll
 0001:00037d30       __chkstk                   0000000180038d30 f   MSVCRT:chkstk.obj
 0001:00037d30       _alloca_probe              0000000180038d30     MSVCRT:chkstk.obj
 0001:00037d7e       longjmp                    0000000180038d7e f   MSVCRT:MSVCR100.dll
 0001:00037d84       strncmp                    0000000180038d84 f   MSVCRT:MSVCR100.dll
 0001:00037d8a       ceil                       0000000180038d8a f   MSVCRT:MSVCR100.dll
 0001:00037d90       strrchr                    0000000180038d90 f   MSVCRT:MSVCR100.dll
 0001:00037d96       _setjmp                    0000000180038d96 f   MSVCRT:MSVCR100.dll
 0001:00037d9c       calloc                     0000000180038d9c f   MSVCRT:MSVCR100.dll
 0001:00037da2       realloc                    0000000180038da2 f   MSVCRT:MSVCR100.dll
 0001:00037da8       ldexp                      0000000180038da8 f   MSVCRT:MSVCR100.dll
 0001:00037db0       __report_gsfailure         0000000180038db0 f   MSVCRT:gs_report.obj
 0001:00037efc       __clean_type_info_names    0000000180038efc f   MSVCRT:tncleanup.obj
 0001:00037f08       _onexit                    0000000180038f08 f   MSVCRT:atonexit.obj
 0001:00037fb8       atexit                     0000000180038fb8 f   MSVCRT:atonexit.obj
 0001:00037fd0       _RTC_Initialize            0000000180038fd0 f   MSVCRT:_initsect_.obj
 0001:00038008       _RTC_Terminate             0000000180039008 f   MSVCRT:_initsect_.obj
 0001:00038040       _malloc_crt                0000000180039040 f   MSVCRT:MSVCR100.dll
 0001:00038050       _ValidateImageBase         0000000180039050 f   MSVCRT:pesect.obj
 0001:00038080       _FindPESection             0000000180039080 f   MSVCRT:pesect.obj
 0001:000380d0       _IsNonwritableInCurrentImage 00000001800390d0 f   MSVCRT:pesect.obj
 0001:00038112       _initterm                  0000000180039112 f   MSVCRT:MSVCR100.dll
 0001:00038118       _initterm_e                0000000180039118 f   MSVCRT:MSVCR100.dll
 0001:0003811e       _encoded_null              000000018003911e f   MSVCRT:MSVCR100.dll
 0001:00038124       _amsg_exit                 0000000180039124 f   MSVCRT:MSVCR100.dll
 0001:0003812a       __C_specific_handler       000000018003912a f   MSVCRT:MSVCR100.dll
 0001:00038130       __CppXcptFilter            0000000180039130 f   MSVCRT:MSVCR100.dll
 0001:00038138       DllMain                    0000000180039138 f   MSVCRT:dllmain.obj
 0001:0003815c       __security_init_cookie     000000018003915c f   MSVCRT:gs_support.obj
 0001:00038210       __crt_debugger_hook        0000000180039210 f   MSVCRT:MSVCR100.dll
 0001:00038216       __clean_type_info_names_internal 0000000180039216 f   MSVCRT:MSVCR100.dll
 0001:0003821c       _unlock                    000000018003921c f   MSVCRT:MSVCR100.dll
 0001:00038222       __dllonexit                0000000180039222 f   MSVCRT:MSVCR100.dll
 0001:00038228       _lock                      0000000180039228 f   MSVCRT:MSVCR100.dll
 0001:0003822e       EncodePointer              000000018003922e f   kernel32:KERNEL32.dll
 0001:00038234       DecodePointer              0000000180039234 f   kernel32:KERNEL32.dll
 0001:0003823a       Sleep                      000000018003923a f   kernel32:KERNEL32.dll
 0001:00038240       TerminateProcess           0000000180039240 f   kernel32:KERNEL32.dll
 0001:00038246       GetCurrentProcess          0000000180039246 f   kernel32:KERNEL32.dll
 0001:0003824c       UnhandledExceptionFilter   000000018003924c f   kernel32:KERNEL32.dll
 0001:00038252       SetUnhandledExceptionFilter 0000000180039252 f   kernel32:KERNEL32.dll
 0001:00038258       IsDebuggerPresent          0000000180039258 f   kernel32:KERNEL32.dll
 0001:0003825e       RtlVirtualUnwind           000000018003925e f   kernel32:KERNEL32.dll
 0001:00038264       RtlLookupFunctionEntry     0000000180039264 f   kernel32:KERNEL32.dll
 0001:0003826a       RtlCaptureContext          000000018003926a f   kernel32:KERNEL32.dll
 0001:00038270       DisableThreadLibraryCalls  0000000180039270 f   kernel32:KERNEL32.dll
 0001:00038276       QueryPerformanceCounter    0000000180039276 f   kernel32:KERNEL32.dll
 0001:0003827c       GetTickCount               000000018003927c f   kernel32:KERNEL32.dll
 0001:00038282       GetCurrentThreadId         0000000180039282 f   kernel32:KERNEL32.dll
 0001:00038288       GetCurrentProcessId        0000000180039288 f   kernel32:KERNEL32.dll
 0001:0003828e       GetSystemTimeAsFileTime    000000018003928e f   kernel32:KERNEL32.dll
 0002:00000000       __imp_GetSystemTimeAsFileTime 000000018003a000     kernel32:KERNEL32.dll
 0002:00000008       __imp_GetCurrentProcessId  000000018003a008     kernel32:KERNEL32.dll
 0002:00000010       __imp_GetCurrentThreadId   000000018003a010     kernel32:KERNEL32.dll
 0002:00000018       __imp_GetTickCount         000000018003a018     kernel32:KERNEL32.dll
 0002:00000020       __imp_QueryPerformanceCounter 000000018003a020     kernel32:KERNEL32.dll
 0002:00000028       __imp_DisableThreadLibraryCalls 000000018003a028     kernel32:KERNEL32.dll
 0002:00000030       __imp_RtlCaptureContext    000000018003a030     kernel32:KERNEL32.dll
 0002:00000038       __imp_RtlLookupFunctionEntry 000000018003a038     kernel32:KERNEL32.dll
 0002:00000040       __imp_RtlVirtualUnwind     000000018003a040     kernel32:KERNEL32.dll
 0002:00000048       __imp_IsDebuggerPresent    000000018003a048     kernel32:KERNEL32.dll
 0002:00000050       __imp_SetUnhandledExceptionFilter 000000018003a050     kernel32:KERNEL32.dll
 0002:00000058       __imp_UnhandledExceptionFilter 000000018003a058     kernel32:KERNEL32.dll
 0002:00000060       __imp_GetCurrentProcess    000000018003a060     kernel32:KERNEL32.dll
 0002:00000068       __imp_TerminateProcess     000000018003a068     kernel32:KERNEL32.dll
 0002:00000070       __imp_Sleep                000000018003a070     kernel32:KERNEL32.dll
 0002:00000078       __imp_DecodePointer        000000018003a078     kernel32:KERNEL32.dll
 0002:00000080       __imp_EncodePointer        000000018003a080     kernel32:KERNEL32.dll
 0002:00000088       \177KERNEL32_NULL_THUNK_DATA 000000018003a088     kernel32:KERNEL32.dll
 0002:00000090       __imp__onexit              000000018003a090     MSVCRT:MSVCR100.dll
 0002:00000098       __imp__lock                000000018003a098     MSVCRT:MSVCR100.dll
 0002:000000a0       __imp___dllonexit          000000018003a0a0     MSVCRT:MSVCR100.dll
 0002:000000a8       __imp__unlock              000000018003a0a8     MSVCRT:MSVCR100.dll
 0002:000000b0       __imp___clean_type_info_names_internal 000000018003a0b0     MSVCRT:MSVCR100.dll
 0002:000000b8       __imp___crt_debugger_hook  000000018003a0b8     MSVCRT:MSVCR100.dll
 0002:000000c0       __imp___CppXcptFilter      000000018003a0c0     MSVCRT:MSVCR100.dll
 0002:000000c8       __imp___C_specific_handler 000000018003a0c8     MSVCRT:MSVCR100.dll
 0002:000000d0       __imp__amsg_exit           000000018003a0d0     MSVCRT:MSVCR100.dll
 0002:000000d8       __imp__encoded_null        000000018003a0d8     MSVCRT:MSVCR100.dll
 0002:000000e0       __imp__initterm_e          000000018003a0e0     MSVCRT:MSVCR100.dll
 0002:000000e8       __imp__initterm            000000018003a0e8     MSVCRT:MSVCR100.dll
 0002:000000f0       __imp__malloc_crt          000000018003a0f0     MSVCRT:MSVCR100.dll
 0002:000000f8       __imp_ldexp                000000018003a0f8     MSVCRT:MSVCR100.dll
 0002:00000100       __imp_realloc              000000018003a100     MSVCRT:MSVCR100.dll
 0002:00000108       __imp_calloc               000000018003a108     MSVCRT:MSVCR100.dll
 0002:00000110       __imp__setjmp              000000018003a110     MSVCRT:MSVCR100.dll
 0002:00000118       __imp_strrchr              000000018003a118     MSVCRT:MSVCR100.dll
 0002:00000120       __imp_ceil                 000000018003a120     MSVCRT:MSVCR100.dll
 0002:00000128       __imp_strncmp              000000018003a128     MSVCRT:MSVCR100.dll
 0002:00000130       __imp_longjmp              000000018003a130     MSVCRT:MSVCR100.dll
 0002:00000138       __imp_strncpy              000000018003a138     MSVCRT:MSVCR100.dll
 0002:00000140       __imp_memcpy               000000018003a140     MSVCRT:MSVCR100.dll
 0002:00000148       __imp_strcat               000000018003a148     MSVCRT:MSVCR100.dll
 0002:00000150       __imp_sprintf              000000018003a150     MSVCRT:MSVCR100.dll
 0002:00000158       __imp_strcmp               000000018003a158     MSVCRT:MSVCR100.dll
 0002:00000160       __imp_free                 000000018003a160     MSVCRT:MSVCR100.dll
 0002:00000168       __imp_malloc               000000018003a168     MSVCRT:MSVCR100.dll
 0002:00000170       __imp_memset               000000018003a170     MSVCRT:MSVCR100.dll
 0002:00000178       __imp_strlen               000000018003a178     MSVCRT:MSVCR100.dll
 0002:00000180       \177MSVCR100_NULL_THUNK_DATA 000000018003a180     MSVCRT:MSVCR100.dll
 0002:00000188       __imp_emlrtIsEnumR2009a    000000018003a188     libemlrt:libemlrt.dll
 0002:00000190       __imp_emlrtGetEnumUnderlyingArrayR2009a 000000018003a190     libemlrt:libemlrt.dll
 0002:00000198       __imp_emlrtTranslateMessageIDtoLCPstring 000000018003a198     libemlrt:libemlrt.dll
 0002:000001a0       __imp_emlrtExtractMessageId 000000018003a1a0     libemlrt:libemlrt.dll
 0002:000001a8       __imp_emlrtImportVsFiArrayR2009b 000000018003a1a8     libemlrt:libemlrt.dll
 0002:000001b0       __imp_emlrtCreateReference 000000018003a1b0     libemlrt:libemlrt.dll
 0002:000001b8       __imp_emlrtGetEnumElementR2009a 000000018003a1b8     libemlrt:libemlrt.dll
 0002:000001c0       __imp_emlrtCreateEnumR2010a 000000018003a1c0     libemlrt:libemlrt.dll
 0002:000001c8       __imp_emlrtCheckEnumR2009a 000000018003a1c8     libemlrt:libemlrt.dll
 0002:000001d0       __imp_emlrtCheckVsBuiltInCtxR2011a 000000018003a1d0     libemlrt:libemlrt.dll
 0002:000001d8       __imp_emlrtCheckBuiltInCtxR2011a 000000018003a1d8     libemlrt:libemlrt.dll
 0002:000001e0       \177libemlrt_NULL_THUNK_DATA 000000018003a1e0     libemlrt:libemlrt.dll
 0002:000001e8       __imp_ssRegisterDataTypeFxpFSlopeFixExpBias 000000018003a1e8     libfixedpoint:libfixedpoint.dll
 0002:000001f0       \177libfixedpoint_NULL_THUNK_DATA 000000018003a1f0     libfixedpoint:libfixedpoint.dll
 0002:000001f8       __imp_mexPutVariable       000000018003a1f8     libmex:libmex.dll
 0002:00000200       __imp_mexGetVariable       000000018003a200     libmex:libmex.dll
 0002:00000208       __imp_mexLock              000000018003a208     libmex:libmex.dll
 0002:00000210       __imp_mexMakeMemoryPersistent 000000018003a210     libmex:libmex.dll
 0002:00000218       __imp_mexFunctionName      000000018003a218     libmex:libmex.dll
 0002:00000220       __imp_mexMakeArrayPersistent 000000018003a220     libmex:libmex.dll
 0002:00000228       __imp_mexSetTrapFlag       000000018003a228     libmex:libmex.dll
 0002:00000230       __imp_mexIsLocked          000000018003a230     libmex:libmex.dll
 0002:00000238       __imp_mexWarnMsgTxt        000000018003a238     libmex:libmex.dll
 0002:00000240       __imp_mexUnlock            000000018003a240     libmex:libmex.dll
 0002:00000248       __imp_mexCallMATLAB        000000018003a248     libmex:libmex.dll
 0002:00000250       __imp_mexErrMsgTxt         000000018003a250     libmex:libmex.dll
 0002:00000258       \177libmex_NULL_THUNK_DATA 000000018003a258     libmex:libmex.dll
 0002:00000260       __imp_muDoubleScalarSqrt   000000018003a260     libmwmathutil:libmwmathutil.dll
 0002:00000268       \177libmwmathutil_NULL_THUNK_DATA 000000018003a268     libmwmathutil:libmwmathutil.dll
 0002:00000270       __imp_mxCreateStructMatrix_730 000000018003a270     libmx:libmx.dll
 0002:00000278       __imp_mxSetField_730       000000018003a278     libmx:libmx.dll
 0002:00000280       __imp_mxCreateDoubleScalar 000000018003a280     libmx:libmx.dll
 0002:00000288       __imp_mxCreateDoubleMatrix_730 000000018003a288     libmx:libmx.dll
 0002:00000290       __imp_mxDestroyArray       000000018003a290     libmx:libmx.dll
 0002:00000298       __imp_mxCreateLogicalScalar 000000018003a298     libmx:libmx.dll
 0002:000002a0       __imp_mxIsLogicalScalarTrue 000000018003a2a0     libmx:libmx.dll
 0002:000002a8       __imp_mxGetString_700      000000018003a2a8     libmx:libmx.dll
 0002:000002b0       __imp_mxCreateStringFromNChars_700 000000018003a2b0     libmx:libmx.dll
 0002:000002b8       __imp_mxGetElementSize     000000018003a2b8     libmx:libmx.dll
 0002:000002c0       __imp_mxCreateNumericArray_700 000000018003a2c0     libmx:libmx.dll
 0002:000002c8       __imp_mxGetNumberOfDimensions_700 000000018003a2c8     libmx:libmx.dll
 0002:000002d0       __imp_mxGetDimensions_700  000000018003a2d0     libmx:libmx.dll
 0002:000002d8       __imp_mxCalcSingleSubscript_700 000000018003a2d8     libmx:libmx.dll
 0002:000002e0       __imp_mxCreateStructArray_700 000000018003a2e0     libmx:libmx.dll
 0002:000002e8       __imp_mxCreateNumericMatrix_700 000000018003a2e8     libmx:libmx.dll
 0002:000002f0       __imp_mxArrayClassIDName   000000018003a2f0     libmx:libmx.dll
 0002:000002f8       __imp_mxGetImagData        000000018003a2f8     libmx:libmx.dll
 0002:00000300       __imp_mxGetData            000000018003a300     libmx:libmx.dll
 0002:00000308       __imp_mxIsEmpty            000000018003a308     libmx:libmx.dll
 0002:00000310       __imp_mxIsNaN              000000018003a310     libmx:libmx.dll
 0002:00000318       __imp_mxGetFieldNumber     000000018003a318     libmx:libmx.dll
 0002:00000320       __imp_mxCreateStructMatrix_700 000000018003a320     libmx:libmx.dll
 0002:00000328       __imp_mxGetNumberOfFields  000000018003a328     libmx:libmx.dll
 0002:00000330       __imp_mxGetFieldNameByNumber 000000018003a330     libmx:libmx.dll
 0002:00000338       __imp_mxGetFieldByNumber_700 000000018003a338     libmx:libmx.dll
 0002:00000340       __imp_mxSetFieldByNumber_700 000000018003a340     libmx:libmx.dll
 0002:00000348       __imp_mxIsSparse           000000018003a348     libmx:libmx.dll
 0002:00000350       __imp_mxGetLogicals        000000018003a350     libmx:libmx.dll
 0002:00000358       __imp_mxIsClass            000000018003a358     libmx:libmx.dll
 0002:00000360       __imp_mxIsStruct           000000018003a360     libmx:libmx.dll
 0002:00000368       __imp_mxGetNumberOfElements 000000018003a368     libmx:libmx.dll
 0002:00000370       __imp_mxGetField_700       000000018003a370     libmx:libmx.dll
 0002:00000378       __imp_mxAddField           000000018003a378     libmx:libmx.dll
 0002:00000380       __imp_mxSetField_700       000000018003a380     libmx:libmx.dll
 0002:00000388       __imp_mxGetClassName       000000018003a388     libmx:libmx.dll
 0002:00000390       __imp_mxGetCell_700        000000018003a390     libmx:libmx.dll
 0002:00000398       __imp_mxSetCell_700        000000018003a398     libmx:libmx.dll
 0002:000003a0       __imp_mxCreateCellMatrix_700 000000018003a3a0     libmx:libmx.dll
 0002:000003a8       __imp_mxArrayToString      000000018003a3a8     libmx:libmx.dll
 0002:000003b0       __imp_mxFree               000000018003a3b0     libmx:libmx.dll
 0002:000003b8       __imp_mxCreateDoubleMatrix_700 000000018003a3b8     libmx:libmx.dll
 0002:000003c0       __imp_mxIsLogical          000000018003a3c0     libmx:libmx.dll
 0002:000003c8       __imp_mxGetScalar          000000018003a3c8     libmx:libmx.dll
 0002:000003d0       __imp_mxCalloc             000000018003a3d0     libmx:libmx.dll
 0002:000003d8       __imp_mxGetM               000000018003a3d8     libmx:libmx.dll
 0002:000003e0       __imp_mxGetN               000000018003a3e0     libmx:libmx.dll
 0002:000003e8       __imp_mxIsComplex          000000018003a3e8     libmx:libmx.dll
 0002:000003f0       __imp_mxIsNumeric          000000018003a3f0     libmx:libmx.dll
 0002:000003f8       __imp_mxGetClassID         000000018003a3f8     libmx:libmx.dll
 0002:00000400       __imp_mxIsChar             000000018003a400     libmx:libmx.dll
[...]
 0001:0000fa30       _ml_generic_castability_check 0000000180010a30 f   sfc_mex:sfc_mex.obj
 0001:00010790       ml_generic_castability_check 0000000180011790 f   sfc_mex:sfc_mex.obj
 0001:00010830       ml_check_mx_array_for_single_castability 0000000180011830 f   sfc_mex:sfc_mex.obj
 0001:000108d0       ml_check_mx_array_for_logical_castability 00000001800118d0 f   sfc_mex:sfc_mex.obj
 0001:00010970       ml_check_mx_array_for_int8_castability 0000000180011970 f   sfc_mex:sfc_mex.obj
 0001:00010a20       ml_check_mx_array_for_uint8_castability 0000000180011a20 f   sfc_mex:sfc_mex.obj
 0001:00010a80       ml_check_mx_array_for_int16_castability 0000000180011a80 f   sfc_mex:sfc_mex.obj
 0001:00010ae0       ml_check_mx_array_for_uint16_castability 0000000180011ae0 f   sfc_mex:sfc_mex.obj
 0001:00010b40       ml_check_mx_array_for_int32_castability 0000000180011b40 f   sfc_mex:sfc_mex.obj
 0001:00010ba0       ml_check_mx_array_for_uint32_castability 0000000180011ba0 f   sfc_mex:sfc_mex.obj
 0001:00010c00       ml_check_mx_array_for_castability 0000000180011c00 f   sfc_mex:sfc_mex.obj
 0001:00011530       set_data_value             0000000180012530 f   sfc_mex:sfc_mex.obj
 0001:000118a0       get_data_value             00000001800128a0 f   sfc_mex:sfc_mex.obj
 0001:000119b0       get_next_element_address   00000001800129b0 f   sfc_mex:sfc_mex.obj
 0001:00011a80       sf_normalize_index         0000000180012a80 f   sfc_mex:sfc_mex.obj
 0001:00011e10       ml_array_index_bound_check 0000000180012e10 f   sfc_mex:sfc_mex.obj
 0001:00012930       mx_value                   0000000180013930 f   sfc_mex:sfc_mex.obj
 0001:00012980       sf_create_numeric_array    0000000180013980 f   sfc_mex:sfc_mex.obj
 0001:00012a20       sf_mex_assign_to_mx_array  0000000180013a20 f   sfc_mex:sfc_mex.obj
 0001:00012d70       assign_from_mx_array       0000000180013d70 f   sfc_mex:sfc_mex.obj
 0001:000135a0       sf_mex_import_v            00000001800145a0 f   sfc_mex:sfc_mex.obj
 0001:00013b70       get_machine_and_chart_file_number 0000000180014b70 f   sfc_mex:sfc_sf.obj
 0001:00013c60       get_sfun_block_specialization 0000000180014c60 f   sfc_mex:sfc_sf.obj
 0001:00013ce0       call_sf_machine_global_method_dispatcher 0000000180014ce0 f   sfc_mex:sfc_sf.obj
 0001:00013f10       mdl_zeroCrossings_processing 0000000180014f10 f   sfc_mex:sfc_sf.obj
 0001:00013fe0       mdl_derivatives_processing 0000000180014fe0 f   sfc_mex:sfc_sf.obj
 0001:000142a0       mdl_outputs_continuous_legacy 00000001800152a0 f   sfc_mex:sfc_sf.obj
 0001:00014320       mdl_outputs_processing     0000000180015320 f   sfc_mex:sfc_sf.obj
 0001:00014550       mdl_enable_processing      0000000180015550 f   sfc_mex:sfc_sf.obj
 0001:00014620       mdl_disable_processing     0000000180015620 f   sfc_mex:sfc_sf.obj
 0001:00014f70       write_symbol_mapping       0000000180015f70 f   sfc_mex:sfc_sf.obj
 0001:00015690       sf_call_output_fcn_enable_disable 0000000180016690 f   sfc_mex:sfc_sf.obj
 0001:00015910       set_dwork_information_from_mx_array 0000000180016910 f   sfc_mex:sfc_sf.obj
 0001:00016200       ptr2mxStruct               0000000180017200 f   sfc_mex:sfc_sf.obj
 0001:00016510       SNPRINTF_WRAPPER           0000000180017510 f   sfc_debug:sfcdebug.obj
 0001:00016530       sf_debug_chart_instance_initialized_quick 0000000180017530 f   sfc_debug:sfcdebug.obj
 0001:00016540       sf_debug_chart_instance_initialized 0000000180017540 f   sfc_debug:sfcdebug.obj
 0001:000166e0       sfrtAddSize                00000001800176e0 f   sfc_debug:sfcdebug.obj
 0001:000167a0       sfrtGenSizeString          00000001800177a0 f   sfc_debug:sfcdebug.obj
 0001:00016eb0       sf_debug_sim_status_listener 0000000180017eb0 f   sfc_debug:sfcdebug.obj
 0001:00017420       sf_debug_form_mask_bits    0000000180018420 f   sfc_debug:sfcdebug.obj
 0001:00017460       sf_debug_form_sf_data_type_offsets 0000000180018460 f   sfc_debug:sfcdebug.obj
 0001:00017520       sf_debug_free_all          0000000180018520 f   sfc_debug:sfcdebug.obj
 0001:000176a0       sf_debug_append_debugger_context 00000001800186a0 f   sfc_debug:sfcdebug.obj
 0001:00017960       local_strdup               0000000180018960 f   sfc_debug:sfcdebug.obj
 0001:00018840       sf_debug_em_terminate      0000000180019840 f   sfc_debug:sfcdebug.obj
 0001:00018880       sf_debug_push_eml_function 0000000180019880 f   sfc_debug:sfcdebug.obj
 0001:00018920       sf_debug_pop_eml_function  0000000180019920 f   sfc_debug:sfcdebug.obj
 0001:00019620       sf_debug_get_machine_number_from_id_or_name 000000018001a620 f   sfc_debug:sfcdebug.obj
 0001:00019770       sf_debug_get_chart_number_from_id 000000018001a770 f   sfc_debug:sfcdebug.obj
 0001:0001a3e0       sf_debug_transfer_control_to_debugger_GUI 000000018001b3e0 f   sfc_debug:sfcdebug.obj
 0001:0001b380       sf_debug_scripts_rehash    000000018001c380 f   sfc_debug:sfcdebug.obj
 0001:0001b5c0       sf_debug_get_script_line_count 000000018001c5c0 f   sfc_debug:sfcdebug.obj
 0001:0001bcd0       cv_eml_state_cvId          000000018001ccd0 f   sfc_debug:sfcdebug.obj
 0001:0001cef0       sf_debug_data_array_bounds_error 000000018001def0 f   sfc_debug:sfcdebug.obj
 0001:0001d320       eml_debug_runtime_error_doclink 000000018001e320 f   sfc_debug:sfcdebug.obj
 0001:0001d4a0       sf_debug_runtime_error     000000018001e4a0 f   sfc_debug:sfcdebug.obj
 0001:0001d510       sf_debug_matlab_error      000000018001e510 f   sfc_debug:sfcdebug.obj
 0001:0001ddc0       sf_debug_data_value_error  000000018001edc0 f   sfc_debug:sfcdebug.obj
 0001:0001e6c0       sf_debug_data_loss_error   000000018001f6c0 f   sfc_debug:sfcdebug.obj
 0001:0001f320       call_cv_range_check        0000000180020320 f   sfc_debug:sfcdebug.obj
 0001:0001faf0       sf_debug_invoke_cycle_detection_code 0000000180020af0 f   sfc_debug:sfcdebug.obj
 0001:00020960       sf_reset_debug_info_struct 0000000180021960 f   sfc_debug:sfcdebug.obj
 0001:00021250       cv_script_cvId             0000000180022250 f   sfc_debug:sfcdebug.obj
 0001:00022040       sfc_api_chart_visible      0000000180023040 f   sfc_debug:sfc_api.obj
 0001:000220c0       sfc_api_active_instance    00000001800230c0 f   sfc_debug:sfc_api.obj
 0001:00022140       sfc_api_machine_load       0000000180023140 f   sfc_debug:sfc_api.obj
 0001:00022210       sfc_api_debugger_alive     0000000180023210 f   sfc_debug:sfc_api.obj
 0001:00022220       sfc_api_go                 0000000180023220 f   sfc_debug:sfc_api.obj
 0001:00022230       sfc_api_step_over          0000000180023230 f   sfc_debug:sfc_api.obj
 0001:00022240       sfc_api_step_out           0000000180023240 f   sfc_debug:sfc_api.obj
 0001:00022250       sfc_api_resume             0000000180023250 f   sfc_debug:sfc_api.obj
 0001:00022260       sfc_api_break              0000000180023260 f   sfc_debug:sfc_api.obj
 0001:00022270       sfc_api_stop_debugging     0000000180023270 f   sfc_debug:sfc_api.obj
 0001:000222c0       sfc_api_is_cycle_detected  00000001800232c0 f   sfc_debug:sfc_api.obj
 0001:00022310       sfc_api_is_array_bounds_detected 0000000180023310 f   sfc_debug:sfc_api.obj
 0001:00022360       sfc_api_set_disable_all_breakpoints 0000000180023360 f   sfc_debug:sfc_api.obj
 0001:000223d0       sfc_api_disable_all_breakpoints_and_go 00000001800233d0 f   sfc_debug:sfc_api.obj
 0001:000223e0       sfc_api_close              00000001800233e0 f   sfc_debug:sfc_api.obj
 0001:000223f0       sfc_api_browse_data        00000001800233f0 f   sfc_debug:sfc_api.obj
 0001:00022460       sfc_api_watch_data         0000000180023460 f   sfc_debug:sfc_api.obj
 0001:00022500       sfc_api_assign_data        0000000180023500 f   sfc_debug:sfc_api.obj
 0001:000225a0       sfc_api_whos               00000001800235a0 f   sfc_debug:sfc_api.obj
 0001:00022630       sfc_api_get_consistency_info 0000000180023630 f   sfc_debug:sfc_api.obj
 0001:00022640       sfc_api_browse_trace       0000000180023640 f   sfc_debug:sfc_api.obj
 0001:00022650       sfc_api_break_on_chart_entry 0000000180023650 f   sfc_debug:sfc_api.obj
 0001:00022670       sfc_api_break_on_event_broadcast 0000000180023670 f   sfc_debug:sfc_api.obj
 0001:00022690       sfc_api_break_on_state_entry 0000000180023690 f   sfc_debug:sfc_api.obj
 0001:000226b0       sfc_api_set_watch          00000001800236b0 f   sfc_debug:sfc_api.obj
 0001:00022750       sfc_api_set_breakpoints    0000000180023750 f   sfc_debug:sfc_api.obj
 0001:000227f0       sfc_api_set_eml_breakpoints 00000001800237f0 f   sfc_debug:sfc_api.obj
 0001:00022870       sfc_api_set_script_breakpoints 0000000180023870 f   sfc_debug:sfc_api.obj
 0001:000228c0       sfc_api_add_script_breakpoints 00000001800238c0 f   sfc_debug:sfc_api.obj
 0001:00022910       sfc_api_clear_script_breakpoints 0000000180023910 f   sfc_debug:sfc_api.obj
 0001:00022960       sfc_api_query_script_breakpoints 0000000180023960 f   sfc_debug:sfc_api.obj
 0001:000229c0       sfc_api_get_script_id      00000001800239c0 f   sfc_debug:sfc_api.obj
 0001:00022a80       sfc_api_get_active_states  0000000180023a80 f   sfc_debug:sfc_api.obj
 0001:00022b00       sfc_api_break_between_times 0000000180023b00 f   sfc_debug:sfc_api.obj
 0001:00022b60       sfc_api_get_instance_handle 0000000180023b60 f   sfc_debug:sfc_api.obj
 0001:00022c10       sfc_api_get_coverage       0000000180023c10 f   sfc_debug:sfc_api.obj
 0001:00022c90       sfc_api_set_animation      0000000180023c90 f   sfc_debug:sfc_api.obj
 0001:00022ce0       sfc_api_select_chart       0000000180023ce0 f   sfc_debug:sfc_api.obj
 0001:00022d40       sfc_api_select_charts      0000000180023d40 f   sfc_debug:sfc_api.obj
 0001:00022d70       sfc_api_cycle_detection_check 0000000180023d70 f   sfc_debug:sfc_api.obj
 0001:00022dc0       sfc_api_data_range_check   0000000180023dc0 f   sfc_debug:sfc_api.obj
 0001:00022e10       sfc_api_transition_conflict_check 0000000180023e10 f   sfc_debug:sfc_api.obj
 0001:00022e60       sfc_api_state_consistency_check 0000000180023e60 f   sfc_debug:sfc_api.obj
 0001:00022eb0       sfc_api_set_instance_cv_ids 0000000180023eb0 f   sfc_debug:sfc_api.obj
 0001:00022fc0       sfc_api_set_script_cv_ids  0000000180023fc0 f   sfc_debug:sfc_api.obj
 0001:00023060       sfc_api_get_current_machine_id 0000000180024060 f   sfc_debug:sfc_api.obj
 0001:00023090       sfc_api_get_current_machine_number 0000000180024090 f   sfc_debug:sfc_api.obj
 0001:000230c0       sfc_api_get_current_chart_number 00000001800240c0 f   sfc_debug:sfc_api.obj
 0001:000230f0       sfc_api_get_current_instance_number 00000001800240f0 f   sfc_debug:sfc_api.obj
 0001:00023120       sfc_api_get_current_instance_handle 0000000180024120 f   sfc_debug:sfc_api.obj
 0001:00023140       sfc_api_get_current_is_minor_time_step 0000000180024140 f   sfc_debug:sfc_api.obj
 0001:00023170       sfc_api_get_current_machine_name 0000000180024170 f   sfc_debug:sfc_api.obj
 0001:00023190       sfc_api_get_current_chart_id 0000000180024190 f   sfc_debug:sfc_api.obj
 0001:000231c0       sfc_api_get_current_object_type 00000001800241c0 f   sfc_debug:sfc_api.obj
 0001:000231f0       sfc_api_get_current_event_type 00000001800241f0 f   sfc_debug:sfc_api.obj
 0001:00023220       sfc_api_get_current_object_id 0000000180024220 f   sfc_debug:sfc_api.obj
 0001:00023250       sfc_get_current_active_event_type 0000000180024250 f   sfc_debug:sfc_api.obj
 0001:00023280       sfc_api_get_current_active_event_id 0000000180024280 f   sfc_debug:sfc_api.obj
 0001:000232b0       sfc_api_get_current_simulation_time 00000001800242b0 f   sfc_debug:sfc_api.obj
 0001:000232d0       sfc_get_current_tag_type   00000001800242d0 f   sfc_debug:sfc_api.obj
 0001:00023300       sfc_get_current_coverage_percentage 0000000180024300 f   sfc_debug:sfc_api.obj
 0001:00023320       sfc_get_current_statement_context 0000000180024320 f   sfc_debug:sfc_api.obj
 0001:00023340       sfc_get_current_optional_integer 0000000180024340 f   sfc_debug:sfc_api.obj
 0001:00023370       sfc_get_current_statement_info 0000000180024370 f   sfc_debug:sfc_api.obj
 0001:00023410       sfc_api_get                0000000180024410 f   sfc_debug:sfc_api.obj
 0001:00023570       sf_debug_sm_is_using_unified_editors 0000000180024570 f   sfc_debug:sfdb_animation.obj
 0001:00023610       sf_debug_sm_is_chart_visible_in_unified_editors 0000000180024610 f   sfc_debug:sfdb_animation.obj
 0001:000236d0       sf_debug_sm_check_if_chart_is_visible 00000001800246d0 f   sfc_debug:sfdb_animation.obj
 0001:000241d0       sf_debug_sm_fill_state_activity_data 00000001800251d0 f   sfc_debug:sfdb_animation.obj
 0001:000267c0       sf_debug_hm_get_simulink_handle 00000001800277c0 f   sfc_debug:sfdb_handle_management.obj
 0001:00027310       sf_debug_hm_initialize_globals 0000000180028310 f   sfc_debug:sfdb_handle_management.obj
 0001:00027410       sf_debug_hm_get_machine_debug_flag 0000000180028410 f   sfc_debug:sfdb_handle_management.obj
 0001:00027580       sf_debug_hm_get_machine_id 0000000180028580 f   sfc_debug:sfdb_handle_management.obj
 0001:000276a0       sf_debug_hm_get_chart_id   00000001800286a0 f   sfc_debug:sfdb_handle_management.obj
 0001:00027840       sf_debug_hm_register_executing_SFunction 0000000180028840 f   sfc_debug:sfdb_handle_management.obj
 0001:000279e0       sf_debug_hm_get_chart_active_instance 00000001800289e0 f   sfc_debug:sfdb_handle_management.obj
 0001:00027b50       sf_debug_hm_get_chart_visibility 0000000180028b50 f   sfc_debug:sfdb_handle_management.obj
 0001:00027ca0       sf_debug_hm_form_object_boolean_properties 0000000180028ca0 f   sfc_debug:sfdb_handle_management.obj
 0001:00027f70       sf_debug_hm_form_object_properties 0000000180028f70 f   sfc_debug:sfdb_handle_management.obj
 0001:000281b0       sf_debug_hm_terminate_charts 00000001800291b0 f   sfc_debug:sfdb_handle_management.obj
 0001:00028920       sf_debug_hm_terminate_machines 0000000180029920 f   sfc_debug:sfdb_handle_management.obj
 0001:0002a240       void_ptr_stack_vector_free_total 000000018002b240 f   sfc_debug:sfdb_data_browse.obj
 0001:0002a2d0       sf_debug_st_terminate_machine 000000018002b2d0 f   sfc_debug:sfdb_data_browse.obj
 0001:0002a310       sf_debug_st_terminate_instance 000000018002b310 f   sfc_debug:sfdb_data_browse.obj
 0001:0002a6c0       push_on_to_void_ptr_stack  000000018002b6c0 f   sfc_debug:sfdb_data_browse.obj
 0001:0002a850       pop_from_void_ptr_stack    000000018002b850 f   sfc_debug:sfdb_data_browse.obj
 0001:0002a980       sf_debug_st_get_data_value 000000018002b980 f   sfc_debug:sfdb_data_browse.obj
 0001:0002af10       mx_value                   000000018002bf10 f   sfc_debug:sfdb_data_browse.obj
 0001:0002af50       sf_debug_st_fill_data_struct 000000018002bf50 f   sfc_debug:sfdb_data_browse.obj
 0001:0002b290       data_type_format_strings   000000018002c290 f   sfc_debug:sfdb_data_browse.obj
 0001:0002b340       sf_debug_st_fill_data      000000018002c340 f   sfc_debug:sfdb_data_browse.obj
 0001:0002c580       sf_debug_ss_copy_dimension 000000018002d580 f   sfc_debug:sfdb_symbol_scope.obj
 0001:0002c640       sf_debug_ss_get_number_elements 000000018002d640 f   sfc_debug:sfdb_symbol_scope.obj
 0001:0002c660       sf_debug_ss_fill_data_struct 000000018002d660 f   sfc_debug:sfdb_symbol_scope.obj
 0001:0002c9b0       sf_debug_ss_reset_data_info 000000018002d9b0 f   sfc_debug:sfdb_symbol_scope.obj
 0001:0002ca10       sf_debug_fill_data_info_by_symbol_scope_entry 000000018002da10 f   sfc_debug:sfdb_symbol_scope.obj
 0001:0002cad0       sf_debug_fill_data_info_by_data_vector 000000018002dad0 f   sfc_debug:sfdb_symbol_scope.obj
 0001:0002cd20       sf_debug_ss_get_data_info  000000018002dd20 f   sfc_debug:sfdb_symbol_scope.obj
 0001:0002d010       sf_debug_select_mex_function 000000018002e010 f   sfc_debug:sfdb_symbol_scope.obj
 0001:0002d040       sf_debug_is_dyn_matrix_initialized 000000018002e040 f   sfc_debug:sfdb_symbol_scope.obj
 0001:0002d060       sf_debug_ss_set_data_value_try 000000018002e060 f   sfc_debug:sfdb_symbol_scope.obj
 0001:0002d230       sf_debug_ss_get_data_value 000000018002e230 f   sfc_debug:sfdb_symbol_scope.obj
 0001:0002d780       sf_debug_ss_data_bytes_string 000000018002e780 f   sfc_debug:sfdb_symbol_scope.obj
 0001:0002d830       sf_debug_ss_data_class_string 000000018002e830 f   sfc_debug:sfdb_symbol_scope.obj
 0001:0002dbc0       sf_debug_ss_data_size_string 000000018002ebc0 f   sfc_debug:sfdb_symbol_scope.obj
 0001:0002dca0       sf_debug_ss_data_create_data_info_struct 000000018002eca0 f   sfc_debug:sfdb_symbol_scope.obj
 0001:0002df70       sf_debug_ss_data_create_name_value_pair 000000018002ef70 f   sfc_debug:sfdb_symbol_scope.obj
 0001:0002e010       sf_debug_ss_data_get_whos_info 000000018002f010 f   sfc_debug:sfdb_symbol_scope.obj
 0001:0002e020       same_named_data_in_data_array 000000018002f020 f   sfc_debug:sfdb_symbol_scope.obj
 0001:0002f890       sf_debug_cc_terminate_chart 0000000180030890 f   sfc_debug:sfdb_coverage.obj
 0001:0002fc30       sf_debug_cc_terminate_instance 0000000180030c30 f   sfc_debug:sfdb_coverage.obj
 0001:00030820       sf_debug_cc_mark_object_if_needed 0000000180031820 f   sfc_debug:sfdb_coverage.obj
 0001:00030be0       sf_debug_cc_fill_transition_coverage_data 0000000180031be0 f   sfc_debug:sfdb_coverage.obj
 0001:00030d70       sf_debug_cc_fill_transition_coverage_map 0000000180031d70 f   sfc_debug:sfdb_coverage.obj
 0001:00031020       sf_debug_cc_fill_state_coverage_map 0000000180032020 f   sfc_debug:sfdb_coverage.obj
 0001:00031270       sf_debug_cc_fill_state_coverage_data 0000000180032270 f   sfc_debug:sfdb_coverage.obj
 0001:00031eb0       sf_debug_bm_initialize_eml 0000000180032eb0 f   sfc_debug:sfdb_breakpoints.obj
 0001:00033020       sf_debug_bm_map_debug_tag_to_breakpoint_tag 0000000180034020 f   sfc_debug:sfdb_breakpoints.obj
 0001:00033100       sf_debug_bm_is_a_eml_breakpoint_impl 0000000180034100 f   sfc_debug:sfdb_breakpoints.obj
 0001:00034b80       sf_debug_sc_push_on_error_stack 0000000180035b80 f   sfc_debug:sfdb_state_consistency.obj
 0001:00034cb0       sf_debug_sc_reset_error_stack 0000000180035cb0 f   sfc_debug:sfdb_state_consistency.obj
 0001:00034e40       sf_debug_sc_is_state_inconsistent 0000000180035e40 f   sfc_debug:sfdb_state_consistency.obj
 0001:00035140       sf_debug_sc_fill_consistency_info 0000000180036140 f   sfc_debug:sfdb_state_consistency.obj
 0001:00035720       void_assertion_fcn         0000000180036720 f   sfc_debug:sfdb_call_stack.obj
 0001:00035ca0       sf_debug_tm_fill_local_trace 0000000180036ca0 f   sfc_debug:sfdb_call_stack.obj
 0001:00036270       sf_debug_cd_terminate_instance 0000000180037270 f   sfc_debug:sfdb_cycle_detection.obj
 0001:000362d0       sf_debug_cd_free_checksum_stack 00000001800372d0 f   sfc_debug:sfdb_cycle_detection.obj
 0001:00036320       sf_debug_cd_reset_pack_strings 0000000180037320 f   sfc_debug:sfdb_cycle_detection.obj
 0001:000369e0       md5file_clear              00000001800379e0 f   sfc_debug:ckmd5.obj
 0001:00036a10       Encode                     0000000180037a10 f   sfc_debug:ckmd5.obj
 0001:00036a60       Decode                     0000000180037a60 f   sfc_debug:ckmd5.obj
 0001:00036b00       MD5Transform               0000000180037b00 f   sfc_debug:ckmd5.obj
 0001:00037350       md5file_addn               0000000180038350 f   sfc_debug:ckmd5.obj
 0001:00037420       md5file_hash               0000000180038420 f   sfc_debug:ckmd5.obj
 0001:000378d8       pre_c_init                 00000001800388d8 f   MSVCRT:crtdll.obj
 0001:00037b94       __DllMainCRTStartup        0000000180038b94 f   MSVCRT:crtdll.obj
 0001:000382a0       __DllMainCRTStartup$filt$0 00000001800392a0 f   MSVCRT:crtdll.obj
 0001:000382d0       __DllMainCRTStartup$fin$1  00000001800392d0 f   MSVCRT:crtdll.obj
 0001:000382ea       _onexit$fin$0              00000001800392ea f   MSVCRT:atonexit.obj
 0001:00038310       _IsNonwritableInCurrentImage$filt$0 0000000180039310 f   MSVCRT:pesect.obj
