 Copy_of_DescentralizadoNL_sfun

 Timestamp is 545f9717 (Sun Nov 09 14:32:23 2014)

 Preferred load address is 0000000180000000

 Start         Length     Name                   Class
 0001:00000000 0003ff54H .text                   CODE
 0001:0003ff60 00000092H .text$x                 CODE
 0002:00000000 00000458H .idata$5                DATA
 0002:00000458 00000008H .CRT$XCA                DATA
 0002:00000460 00000008H .CRT$XCZ                DATA
 0002:00000468 00000008H .CRT$XIA                DATA
 0002:00000470 00000008H .CRT$XIAA               DATA
 0002:00000478 00000008H .CRT$XIZ                DATA
 0002:00000480 00004b0cH .rdata                  DATA
 0002:00004f90 00000008H .rtc$IAA                DATA
 0002:00004f98 00000008H .rtc$IZZ                DATA
 0002:00004fa0 00000008H .rtc$TAA                DATA
 0002:00004fa8 00000008H .rtc$TZZ                DATA
 0002:00004fb0 0000420cH .xdata                  DATA
 0002:000091bc 000000a0H .idata$2                DATA
 0002:0000925c 00000014H .idata$3                DATA
 0002:00009270 00000458H .idata$4                DATA
 0002:000096c8 000009eaH .idata$6                DATA
 0002:0000a0c0 00000064H .edata                  DATA
 0003:00000000 00003268H .data                   DATA
 0003:00003280 00002678H .bss                    DATA
 0004:00000000 00003294H .pdata                  DATA

  Address         Publics by Value              Rva+Base               Lib:Object

 0000:00000000       ___safe_se_handler_table   0000000000000000     <absolute>
 0000:00000000       ___safe_se_handler_count   0000000000000000     <absolute>
 0000:00000000       __ImageBase                0000000180000000     <linker-defined>
 0001:00000000       sf_c1_Copy_of_DescentralizadoNL_get_eml_resolved_functions_info 0000000180001000 f   c1_Copy_of_DescentralizadoNL.obj
 0001:00000d90       sf_c1_Copy_of_DescentralizadoNL_get_check_sum 0000000180001d90 f   c1_Copy_of_DescentralizadoNL.obj
 0001:00000e10       sf_c1_Copy_of_DescentralizadoNL_get_autoinheritance_info 0000000180001e10 f   c1_Copy_of_DescentralizadoNL.obj
 0001:000017b0       sf_internal_get_sim_state_c1_Copy_of_DescentralizadoNL 00000001800027b0 f   c1_Copy_of_DescentralizadoNL.obj
 0001:00001b50       sf_internal_set_sim_state_c1_Copy_of_DescentralizadoNL 0000000180002b50 f   c1_Copy_of_DescentralizadoNL.obj
 0001:00002010       c1_Copy_of_DescentralizadoNL_method_dispatcher 0000000180003010 f   c1_Copy_of_DescentralizadoNL.obj
 0001:000074a0       sf_c2_Copy_of_DescentralizadoNL_get_eml_resolved_functions_info 00000001800084a0 f   c2_Copy_of_DescentralizadoNL.obj
 0001:00007cc0       sf_c2_Copy_of_DescentralizadoNL_get_check_sum 0000000180008cc0 f   c2_Copy_of_DescentralizadoNL.obj
 0001:00007d40       sf_c2_Copy_of_DescentralizadoNL_get_autoinheritance_info 0000000180008d40 f   c2_Copy_of_DescentralizadoNL.obj
 0001:000086e0       sf_internal_get_sim_state_c2_Copy_of_DescentralizadoNL 00000001800096e0 f   c2_Copy_of_DescentralizadoNL.obj
 0001:00008a80       sf_internal_set_sim_state_c2_Copy_of_DescentralizadoNL 0000000180009a80 f   c2_Copy_of_DescentralizadoNL.obj
 0001:00008f40       c2_Copy_of_DescentralizadoNL_method_dispatcher 0000000180009f40 f   c2_Copy_of_DescentralizadoNL.obj
 0001:0000daf0       sf_process_check_sum_call  000000018000eaf0 f   Copy_of_DescentralizadoNL_sfun_registry.obj
 0001:0000db40       sf_process_autoinheritance_call 000000018000eb40 f   Copy_of_DescentralizadoNL_sfun_registry.obj
 0001:0000dcc0       sf_process_get_eml_resolved_functions_info_call 000000018000ecc0 f   Copy_of_DescentralizadoNL_sfun_registry.obj
 0001:0000de40       sf_mex_unlock_call         000000018000ee40 f   Copy_of_DescentralizadoNL_sfun_registry.obj
 0001:0000def0       sf_machine_global_initializer_called 000000018000eef0 f   Copy_of_DescentralizadoNL_sfun_registry.obj
 0001:0000df20       sf_machine_global_method_dispatcher 000000018000ef20 f   Copy_of_DescentralizadoNL_sfun_registry.obj
 0001:0000df80       sf_machine_global_terminator 000000018000ef80 f   Copy_of_DescentralizadoNL_sfun_registry.obj
 0001:0000dfc0       sf_register_machine_exported_symbols 000000018000efc0 f   Copy_of_DescentralizadoNL_sfun_registry.obj
 0001:0000dfe0       callCustomFcn              000000018000efe0 f   Copy_of_DescentralizadoNL_sfun_registry.obj
 0001:0000dff0       sf_machine_global_initializer 000000018000eff0 f   Copy_of_DescentralizadoNL_sfun_registry.obj
 0001:0000e060       _ssSetStateAbsTol          000000018000f060 f   Copy_of_DescentralizadoNL_sfun_registry.obj
 0001:0000e140       _ssGetAbsTol               000000018000f140 f   Copy_of_DescentralizadoNL_sfun_registry.obj
 0001:0000e1b0       _ssSetInputPortMatrixDimensions 000000018000f1b0 f   Copy_of_DescentralizadoNL_sfun_registry.obj
 0001:0000e2c0       _ssSetOutputPortMatrixDimensions 000000018000f2c0 f   Copy_of_DescentralizadoNL_sfun_registry.obj
 0001:0000e3d0       _ssSetInputPortVectorDimension 000000018000f3d0 f   Copy_of_DescentralizadoNL_sfun_registry.obj
 0001:0000e4a0       _ssSetOutputPortVectorDimension 000000018000f4a0 f   Copy_of_DescentralizadoNL_sfun_registry.obj
 0001:0000e570       ssIsRunTimeParamTunable    000000018000f570 f   Copy_of_DescentralizadoNL_sfun_registry.obj
 0001:0000e5e0       ssGetSFuncBlockHandle      000000018000f5e0 f   Copy_of_DescentralizadoNL_sfun_registry.obj
 0001:0000e650       _ssGetCurrentInputPortWidth 000000018000f650 f   Copy_of_DescentralizadoNL_sfun_registry.obj
 0001:0000e770       _ssGetCurrentOutputPortWidth 000000018000f770 f   Copy_of_DescentralizadoNL_sfun_registry.obj
 0001:0000e890       _ssGetCallSystemNumFcnCallDestinations 000000018000f890 f   Copy_of_DescentralizadoNL_sfun_registry.obj
 0001:0000e900       ssWarning                  000000018000f900 f   Copy_of_DescentralizadoNL_sfun_registry.obj
 0001:0000ea10       ssGetIsZeroCrossControlDisabled 000000018000fa10 f   Copy_of_DescentralizadoNL_sfun_registry.obj
 0001:0000ea80       ssSetIsInputPortUsedForContZcSignal 000000018000fa80 f   Copy_of_DescentralizadoNL_sfun_registry.obj
 0001:0000eaf0       ssSetZcSignalIsZcElementDisc 000000018000faf0 f   Copy_of_DescentralizadoNL_sfun_registry.obj
 0001:0000eba0       ssSetZcSignalName          000000018000fba0 f   Copy_of_DescentralizadoNL_sfun_registry.obj
 0001:0000ec10       ssSetZcSignalWidth         000000018000fc10 f   Copy_of_DescentralizadoNL_sfun_registry.obj
 0001:0000ec80       ssSetZcSignalZcEventType   000000018000fc80 f   Copy_of_DescentralizadoNL_sfun_registry.obj
 0001:0000ecf0       ssSetZcSignalType          000000018000fcf0 f   Copy_of_DescentralizadoNL_sfun_registry.obj
 0001:0000ed60       ssSetZcSignalZcTol         000000018000fd60 f   Copy_of_DescentralizadoNL_sfun_registry.obj
 0001:0000edd0       ssSetZcSignalNeedsEventNotification 000000018000fdd0 f   Copy_of_DescentralizadoNL_sfun_registry.obj
 0001:0000ee40       ssCreateAndAddZcSignalInfo 000000018000fe40 f   Copy_of_DescentralizadoNL_sfun_registry.obj
 0001:0000eeb0       ssCloneAndAddZcSignalInfo  000000018000feb0 f   Copy_of_DescentralizadoNL_sfun_registry.obj
 0001:0000ef20       ssGetNumZcSignals          000000018000ff20 f   Copy_of_DescentralizadoNL_sfun_registry.obj
 0001:0000ef90       ssGetZcSignalVector        000000018000ff90 f   Copy_of_DescentralizadoNL_sfun_registry.obj
 0001:0000f000       ssGetZcSignalZcEvents      0000000180010000 f   Copy_of_DescentralizadoNL_sfun_registry.obj
 0001:0000f070       ssGetZcSignalName          0000000180010070 f   Copy_of_DescentralizadoNL_sfun_registry.obj
 0001:0000f0e0       ssGetZcSignalWidth         00000001800100e0 f   Copy_of_DescentralizadoNL_sfun_registry.obj
 0001:0000f150       ssGetZcSignalZcEventType   0000000180010150 f   Copy_of_DescentralizadoNL_sfun_registry.obj
 0001:0000f1c0       ssGetZcSignalType          00000001800101c0 f   Copy_of_DescentralizadoNL_sfun_registry.obj
 0001:0000f230       ssGetZcSignalZcTol         0000000180010230 f   Copy_of_DescentralizadoNL_sfun_registry.obj
 0001:0000f2b0       ssGetZcSignalNeedsEventNotification 00000001800102b0 f   Copy_of_DescentralizadoNL_sfun_registry.obj
 0001:0000f320       ssGetZcSignalIsZcElementDisc 0000000180010320 f   Copy_of_DescentralizadoNL_sfun_registry.obj
 0001:0000f3c0       ssGetIsInputPortElementContinuous 00000001800103c0 f   Copy_of_DescentralizadoNL_sfun_registry.obj
 0001:0000f460       _ssGetInputPortSignalPtrsFcn 0000000180010460 f   Copy_of_DescentralizadoNL_sfun_registry.obj
 0001:0000f720       _ssGetInputPortSignalFcn   0000000180010720 f   Copy_of_DescentralizadoNL_sfun_registry.obj
 0001:0000f940       _ssSetInputPortDirectFeedThroughFcn 0000000180010940 f   Copy_of_DescentralizadoNL_sfun_registry.obj
 0001:0000faa0       _ssSetInputPortReusableFcn 0000000180010aa0 f   Copy_of_DescentralizadoNL_sfun_registry.obj
 0001:0000fb90       _ssSetOutputPortReusableFcn 0000000180010b90 f   Copy_of_DescentralizadoNL_sfun_registry.obj
 0001:0000fc70       ssGetDTypeIdFromMxArray    0000000180010c70 f   Copy_of_DescentralizadoNL_sfun_registry.obj
 0001:0000fd90       ssWriteRTWStr              0000000180010d90 f   Copy_of_DescentralizadoNL_sfun_registry.obj
 0001:0000fdf0       ssWriteRTWMxVectParam      0000000180010df0 f   Copy_of_DescentralizadoNL_sfun_registry.obj
 0001:0000fe50       ssWriteRTWMx2dMatParam     0000000180010e50 f   Copy_of_DescentralizadoNL_sfun_registry.obj
 0001:0000fed0       ssWriteRTWNameValuePair    0000000180010ed0 f   Copy_of_DescentralizadoNL_sfun_registry.obj
 0001:000103c0       ssWriteRTWParameters       00000001800113c0 f   Copy_of_DescentralizadoNL_sfun_registry.obj
 0001:000109c0       ssWriteRTWParamSettings    00000001800119c0 f   Copy_of_DescentralizadoNL_sfun_registry.obj
 0001:00011090       ssWriteRTWWorkVect         0000000180012090 f   Copy_of_DescentralizadoNL_sfun_registry.obj
 0001:00011590       mexFunction                0000000180012590 f   Copy_of_DescentralizadoNL_sfun_registry.obj
 0001:000131d0       ProcessMexSfunctionEveryCall 00000001800141d0 f   Copy_of_DescentralizadoNL_sfun_registry.obj
 0001:00013340       Copy_of_DescentralizadoNL_initializer 0000000180014340 f   Copy_of_DescentralizadoNL_sfun.obj
 0001:00013350       Copy_of_DescentralizadoNL_terminator 0000000180014350 f   Copy_of_DescentralizadoNL_sfun.obj
 0001:00013360       sf_Copy_of_DescentralizadoNL_method_dispatcher 0000000180014360 f   Copy_of_DescentralizadoNL_sfun.obj
 0001:000133d0       sf_Copy_of_DescentralizadoNL_process_check_sum_call 00000001800143d0 f   Copy_of_DescentralizadoNL_sfun.obj
 0001:000137f0       sf_Copy_of_DescentralizadoNL_autoinheritance_info 00000001800147f0 f   Copy_of_DescentralizadoNL_sfun.obj
 0001:00013900       sf_Copy_of_DescentralizadoNL_get_eml_resolved_functions_info 0000000180014900 f   Copy_of_DescentralizadoNL_sfun.obj
 0001:00013a70       Copy_of_DescentralizadoNL_debug_initialize 0000000180014a70 f   Copy_of_DescentralizadoNL_sfun.obj
 0001:00013ae0       Copy_of_DescentralizadoNL_register_exported_symbols 0000000180014ae0 f   Copy_of_DescentralizadoNL_sfun.obj
 0001:00013b90       sf_mex_mx_is_numeric       0000000180014b90 f   sfc_mex:sfc_mex.obj
 0001:00013bd0       strcmp_ignore_ws           0000000180014bd0 f   sfc_mex:sfc_mex.obj
 0001:00013d10       sf_mex_duplicatearraysafe  0000000180014d10 f   sfc_mex:sfc_mex.obj
 0001:00013e70       sf_set_error_debugger_context_message_fcn 0000000180014e70 f   sfc_mex:sfc_mex.obj
 0001:00013e80       sf_set_debugger_matlab_error_fcn 0000000180014e80 f   sfc_mex:sfc_mex.obj
 0001:00013eb0       sf_set_error_prefix_string 0000000180014eb0 f   sfc_mex:sfc_mex.obj
 0001:00013ee0       sf_get_error_prefix_string 0000000180014ee0 f   sfc_mex:sfc_mex.obj
 0001:00013ef0       sf_get_current_jmp_buf_ptr 0000000180014ef0 f   sfc_mex:sfc_mex.obj
 0001:00013f00       sf_set_current_jmp_buf_ptr 0000000180014f00 f   sfc_mex:sfc_mex.obj
 0001:00013f10       sf_mex_set_halt_simulation 0000000180014f10 f   sfc_mex:sfc_mex.obj
 0001:00013f20       sf_mex_get_halt_simulation 0000000180014f20 f   sfc_mex:sfc_mex.obj
 0001:00013f30       sf_mex_clear_error_message 0000000180014f30 f   sfc_mex:sfc_mex.obj
 0001:00013f50       sf_mex_get_error_message_for_read 0000000180014f50 f   sfc_mex:sfc_mex.obj
 0001:00013f60       sf_mex_get_error_message_buffer_length 0000000180014f60 f   sfc_mex:sfc_mex.obj
 0001:00014040       sf_mex_warning_message     0000000180015040 f   sfc_mex:sfc_mex.obj
 0001:000140b0       sf_mex_v_errbuf_createf    00000001800150b0 f   sfc_mex:sfc_mex.obj
 0001:000140c0       sf_mex_errbuf_createf      00000001800150c0 f   sfc_mex:sfc_mex.obj
 0001:000140f0       sf_mex_v_errbuf_catf       00000001800150f0 f   sfc_mex:sfc_mex.obj
 0001:00014130       sf_mex_errbuf_catf         0000000180015130 f   sfc_mex:sfc_mex.obj
 0001:00014180       sf_mex_errbuf_copy         0000000180015180 f   sfc_mex:sfc_mex.obj
 0001:00014190       sf_mex_errbuf_clear        0000000180015190 f   sfc_mex:sfc_mex.obj
 0001:000141a0       sf_mex_errbuf_isempty      00000001800151a0 f   sfc_mex:sfc_mex.obj
 0001:000142b0       sf_mex_set_error_status    00000001800152b0 f   sfc_mex:sfc_mex.obj
 0001:00014300       sf_mex_error_direct_call   0000000180015300 f   sfc_mex:sfc_mex.obj
 0001:00014320       sf_mex_error_message_no_long_jump 0000000180015320 f   sfc_mex:sfc_mex.obj
 0001:00014340       sf_mex_long_jump_on_error  0000000180015340 f   sfc_mex:sfc_mex.obj
 0001:00014370       sf_mex_call_matlab         0000000180015370 f   sfc_mex:sfc_mex.obj
 0001:00014490       sf_mex_check_builtin       0000000180015490 f   sfc_mex:sfc_mex.obj
 0001:000144d0       sf_mex_check_builtin_vs    00000001800154d0 f   sfc_mex:sfc_mex.obj
 0001:00014530       sf_mex_check_enum          0000000180015530 f   sfc_mex:sfc_mex.obj
 0001:00014560       sf_mex_create_enum         0000000180015560 f   sfc_mex:sfc_mex.obj
 0001:00014580       sf_mex_get_enum_element    0000000180015580 f   sfc_mex:sfc_mex.obj
 0001:00014590       sf_mex_createcellarray     0000000180015590 f   sfc_mex:sfc_mex.obj
 0001:000145a0       sf_mex_setcell             00000001800155a0 f   sfc_mex:sfc_mex.obj
 0001:000145b0       sf_mex_getcell             00000001800155b0 f   sfc_mex:sfc_mex.obj
 0001:000145c0       sf_mex_dup                 00000001800155c0 f   sfc_mex:sfc_mex.obj
 0001:000145e0       sf_mex_assign              00000001800155e0 f   sfc_mex:sfc_mex.obj
 0001:00014640       sf_mex_destroy             0000000180015640 f   sfc_mex:sfc_mex.obj
 0001:00014670       mx_array_has_fi_type       0000000180015670 f   sfc_mex:sfc_mex.obj
 0001:000146a0       sf_mex_convert_from_fi     00000001800156a0 f   sfc_mex:sfc_mex.obj
 0001:00014750       sf_mex_convert_to_double   0000000180015750 f   sfc_mex:sfc_mex.obj
 0001:00014870       sf_mex_import_fi_vs        0000000180015870 f   sfc_mex:sfc_mex.obj
 0001:00014a30       sf_matrix_matrix_index_ok  0000000180015a30 f   sfc_mex:sfc_mex.obj
 0001:00014ac0       sf_vector_vector_index_ok  0000000180015ac0 f   sfc_mex:sfc_mex.obj
 0001:00014af0       ssGetCurrentInputPortDimensions_wrapper 0000000180015af0 f   sfc_mex:sfc_mex.obj
 0001:00014b10       ssGetCurrentOutputPortDimensions_wrapper 0000000180015b10 f   sfc_mex:sfc_mex.obj
 0001:00014b30       sf_mex_emlrt_context_is_debug_mode 0000000180015b30 f   sfc_mex:sfc_mex.obj
 0001:00014b40       sf_mex_emlrt_context_set_debug_mode 0000000180015b40 f   sfc_mex:sfc_mex.obj
 0001:00014bb0       sf_clear_error_manager_info 0000000180015bb0 f   sfc_mex:sfc_mex.obj
 0001:00014c00       sf_mex_stop_simulation_abruptly_wo_error 0000000180015c00 f   sfc_mex:sfc_mex.obj
 0001:00014c40       sf_mex_error_message       0000000180015c40 f   sfc_mex:sfc_mex.obj
 0001:00014ca0       sf_react_to_error_in_matlab_call 0000000180015ca0 f   sfc_mex:sfc_mex.obj
 0001:00014cd0       sf_mex_addfield            0000000180015cd0 f   sfc_mex:sfc_mex.obj
 0001:00014d70       sf_mex_getfield            0000000180015d70 f   sfc_mex:sfc_mex.obj
 0001:00015070       sf_mex_check_class         0000000180016070 f   sfc_mex:sfc_mex.obj
 0001:00015160       sf_mex_is_real             0000000180016160 f   sfc_mex:sfc_mex.obj
 0001:000155d0       sf_mex_decode_encoded_mx_struct_array 00000001800165d0 f   sfc_mex:sfc_mex.obj
 0001:000158b0       sf_mex_lw_bounds_check     00000001800168b0 f   sfc_mex:sfc_mex.obj
 0001:000158e0       sf_mex_lw_size_eq_check_1d 00000001800168e0 f   sfc_mex:sfc_mex.obj
 0001:00015900       sf_mex_lw_size_eq_check_nd 0000000180016900 f   sfc_mex:sfc_mex.obj
 0001:00015ae0       sf_mex_lw_dim_size_eq_check 0000000180016ae0 f   sfc_mex:sfc_mex.obj
 0001:00015b10       sf_mex_lw_dim_size_geq_check 0000000180016b10 f   sfc_mex:sfc_mex.obj
 0001:00015b40       sf_mex_lw_sub_assign_size_check_nd 0000000180016b40 f   sfc_mex:sfc_mex.obj
 0001:00015d70       sf_mex_lw_runtime_error_msgid 0000000180016d70 f   sfc_mex:sfc_mex.obj
 0001:00015e60       sf_mex_lw_matrix_matrix_index_check 0000000180016e60 f   sfc_mex:sfc_mex.obj
 0001:00015e80       sf_mex_lw_vector_vector_index_check 0000000180016e80 f   sfc_mex:sfc_mex.obj
 0001:00015ec0       sf_mex_lw_non_negative_check 0000000180016ec0 f   sfc_mex:sfc_mex.obj
 0001:00015f00       sf_mex_overflow_error      0000000180016f00 f   sfc_mex:sfc_mex.obj
 0001:00015f10       sf_mex_dividebyzero_error  0000000180016f10 f   sfc_mex:sfc_mex.obj
 0001:00015f20       sf_mex_unsafe_enum_error   0000000180016f20 f   sfc_mex:sfc_mex.obj
 0001:00015f30       sf_emlrtErrHandler         0000000180016f30 f   sfc_mex:sfc_mex.obj
 0001:00015ff0       sf_mex_printf              0000000180016ff0 f   sfc_mex:sfc_mex.obj
 0001:00016180       sf_mex_check_size          0000000180017180 f   sfc_mex:sfc_mex.obj
 0001:00016450       sf_mex_check_struct        0000000180017450 f   sfc_mex:sfc_mex.obj
 0001:000166b0       sf_mex_check_struct_vs     00000001800176b0 f   sfc_mex:sfc_mex.obj
 0001:00016740       sf_mex_check_fi            0000000180017740 f   sfc_mex:sfc_mex.obj
 0001:00016840       sf_mex_check_fi_vs         0000000180017840 f   sfc_mex:sfc_mex.obj
 0001:000168e0       sf_echo_expression         00000001800178e0 f   sfc_mex:sfc_mex.obj
 0001:00016940       sf_assertion_failed        0000000180017940 f   sfc_mex:sfc_mex.obj
 0001:00016c20       sf_mex_evalin              0000000180017c20 f   sfc_mex:sfc_mex.obj
 0001:00016e90       sf_mex_export              0000000180017e90 f   sfc_mex:sfc_mex.obj
 0001:00016f50       sf_mex_get_ml_var_no_error 0000000180017f50 f   sfc_mex:sfc_mex.obj
 0001:000170f0       sf_mex_get_ml_var          00000001800180f0 f   sfc_mex:sfc_mex.obj
 0001:00017590       ml_set_element_value_in_array 0000000180018590 f   sfc_mex:sfc_mex.obj
 0001:00018c60       sf_mex_call_impl           0000000180019c60 f   sfc_mex:sfc_mex.obj
 0001:00019190       sf_mex_call_debug          000000018001a190 f   sfc_mex:sfc_mex.obj
 0001:000191c0       sf_mex_call                000000018001a1c0 f   sfc_mex:sfc_mex.obj
 0001:00019810       sf_mex_createstruct        000000018001a810 f   sfc_mex:sfc_mex.obj
 0001:00019900       sf_mex_createstructarray   000000018001a900 f   sfc_mex:sfc_mex.obj
 0001:00019980       sf_mex_get_mx_datatype_from_sf_datatype 000000018001a980 f   sfc_mex:sfc_mex.obj
 0001:00019c90       sf_mex_ml_var_sub          000000018001ac90 f   sfc_mex:sfc_mex.obj
 0001:00019e60       sf_mex_ml_var_subsasgn     000000018001ae60 f   sfc_mex:sfc_mex.obj
 0001:0001a250       sf_mex_sub                 000000018001b250 f   sfc_mex:sfc_mex.obj
 0001:0001a450       sf_mex_subsasgn            000000018001b450 f   sfc_mex:sfc_mex.obj
 0001:0001a930       sf_mex_create              000000018001b930 f   sfc_mex:sfc_mex.obj
 0001:0001b380       sf_mex_import_named        000000018001c380 f   sfc_mex:sfc_mex.obj
 0001:0001b3e0       sf_mex_import              000000018001c3e0 f   sfc_mex:sfc_mex.obj
 0001:0001b430       sf_mex_import_vs           000000018001c430 f   sfc_mex:sfc_mex.obj
 0001:0001b540       sf_mex_lower_fixpt_mx_array 000000018001c540 f   sfc_mex:sfc_mex.obj
 0001:0001bb30       sim_mode_is_rtw_gen        000000018001cb30 f   sfc_mex:sfc_sf.obj
 0001:0001bb60       sim_mode_is_external       000000018001cb60 f   sfc_mex:sfc_sf.obj
 0001:0001bb70       sim_mode_is_modelref_sim   000000018001cb70 f   sfc_mex:sfc_sf.obj
 0001:0001bb90       mdlInitializeSizes         000000018001cb90 f   sfc_mex:sfc_sf.obj
 0001:0001bbb0       mdlInitializeSampleTimes   000000018001cbb0 f   sfc_mex:sfc_sf.obj
 0001:0001bbf0       mdlZeroCrossings           000000018001cbf0 f   sfc_mex:sfc_sf.obj
 0001:0001bcd0       mdlDerivatives             000000018001ccd0 f   sfc_mex:sfc_sf.obj
 0001:0001bd80       mdl_initialize_conditions_processing 000000018001cd80 f   sfc_mex:sfc_sf.obj
 0001:0001bdb0       mdlInitializeConditions    000000018001cdb0 f   sfc_mex:sfc_sf.obj
 0001:0001be70       mdlGetSimState             000000018001ce70 f   sfc_mex:sfc_sf.obj
 0001:0001be80       mdlSetSimState             000000018001ce80 f   sfc_mex:sfc_sf.obj
 0001:0001be90       mdl_ext_mode_exec_processing 000000018001ce90 f   sfc_mex:sfc_sf.obj
 0001:0001beb0       mdlExtModeExec             000000018001ceb0 f   sfc_mex:sfc_sf.obj
 0001:0001c040       mdlTerminate               000000018001d040 f   sfc_mex:sfc_sf.obj
 0001:0001c0b0       mdlRTW                     000000018001d0b0 f   sfc_mex:sfc_sf.obj
 0001:0001c0e0       mdlSetWorkWidths           000000018001d0e0 f   sfc_mex:sfc_sf.obj
 0001:0001c0f0       mdlProcessParameters       000000018001d0f0 f   sfc_mex:sfc_sf.obj
 0001:0001c100       mdl_start_processing       000000018001d100 f   sfc_mex:sfc_sf.obj
 0001:0001c140       mdlStart                   000000018001d140 f   sfc_mex:sfc_sf.obj
 0001:0001c230       mdlEnable                  000000018001d230 f   sfc_mex:sfc_sf.obj
 0001:0001c300       mdlDisable                 000000018001d300 f   sfc_mex:sfc_sf.obj
 0001:0001c3b0       sf_get_chart_instance_ptr  000000018001d3b0 f   sfc_mex:sfc_sf.obj
 0001:0001c3d0       sf_rtw_info_uint_prop      000000018001d3d0 f   sfc_mex:sfc_sf.obj
 0001:0001c540       sf_is_chart_inlinable      000000018001d540 f   sfc_mex:sfc_sf.obj
 0001:0001c560       sf_mark_output_events_with_multiple_callers 000000018001d560 f   sfc_mex:sfc_sf.obj
 0001:0001c720       sf_mark_chart_reusable_outputs 000000018001d720 f   sfc_mex:sfc_sf.obj
 0001:0001c9a0       sf_mark_chart_expressionable_inputs 000000018001d9a0 f   sfc_mex:sfc_sf.obj
 0001:0001cd00       sf_get_subchart_simstruct  000000018001dd00 f   sfc_mex:sfc_sf.obj
 0001:0001cd50       sf_write_symbol_mapping    000000018001dd50 f   sfc_mex:sfc_sf.obj
 0001:0001cfa0       sf_get_fixpt_data_type_id  000000018001dfa0 f   sfc_mex:sfc_sf.obj
 0001:0001cfe0       sf_get_enum_data_type_id   000000018001dfe0 f   sfc_mex:sfc_sf.obj
 0001:0001d020       sf_get_param_data_type_id  000000018001e020 f   sfc_mex:sfc_sf.obj
 0001:0001d050       sf_mex_listen_for_ctrl_c_force 000000018001e050 f   sfc_mex:sfc_sf.obj
 0001:0001d160       sf_mex_draw_now            000000018001e160 f   sfc_mex:sfc_sf.obj
 0001:0001d1a0       sf_mex_set_debugger_sim_status_listener_fcn 000000018001e1a0 f   sfc_mex:sfc_sf.obj
 0001:0001d1b0       sf_mex_listen_for_ctrl_c   000000018001e1b0 f   sfc_mex:sfc_sf.obj
 0001:0001d240       sf_mex_get_sfun_param      000000018001e240 f   sfc_mex:sfc_sf.obj
 0001:0001d290       sf_get_runtime_param_data  000000018001e290 f   sfc_mex:sfc_sf.obj
 0001:0001d2d0       sf_call_output_fcn_call    000000018001e2d0 f   sfc_mex:sfc_sf.obj
 0001:0001d410       sf_call_output_fcn_enable  000000018001e410 f   sfc_mex:sfc_sf.obj
 0001:0001d4a0       sf_call_output_fcn_disable 000000018001e4a0 f   sfc_mex:sfc_sf.obj
 0001:0001d530       sf_clear_rtw_identifier    000000018001e530 f   sfc_mex:sfc_sf.obj
 0001:0001dd20       sf_set_encoded_dwork_info  000000018001ed20 f   sfc_mex:sfc_sf.obj
 0001:0001dd70       sf_get_dwork_info_from_mat_file 000000018001ed70 f   sfc_mex:sfc_sf.obj
 0001:0001df60       sf_set_rtw_dwork_info      000000018001ef60 f   sfc_mex:sfc_sf.obj
 0001:0001e0d0       mdlOutputs                 000000018001f0d0 f   sfc_mex:sfc_sf.obj
 0001:0001e270       sf_debug_disp              000000018001f270 f   sfc_debug:sfcdebug.obj
 0001:0001e4d0       sf_debug_data_runtime_size_mismatch_error_check 000000018001f4d0 f   sfc_debug:sfcdebug.obj
 0001:0001e570       sf_debug_try_loading_machine 000000018001f570 f   sfc_debug:sfcdebug.obj
 0001:0001e670       sf_debug_reset_current_state_configuration 000000018001f670 f   sfc_debug:sfcdebug.obj
 0001:0001e700       sf_debug_store_current_state_configuration 000000018001f700 f   sfc_debug:sfcdebug.obj
 0001:0001e790       sf_debug_restore_previous_state_configuration 000000018001f790 f   sfc_debug:sfcdebug.obj
 0001:0001e820       sf_debug_restore_previous_state_configuration2 000000018001f820 f   sfc_debug:sfcdebug.obj
 0001:0001e8b0       sf_debug_get_event_scope   000000018001f8b0 f   sfc_debug:sfcdebug.obj
 0001:0001ea20       use_debugger_step_animation 000000018001fa20 f   sfc_debug:sfcdebug.obj
 0001:0001ea40       sf_debug_get_script_id     000000018001fa40 f   sfc_debug:sfcdebug.obj
 0001:0001ead0       sf_debug_set_script_translation 000000018001fad0 f   sfc_debug:sfcdebug.obj
 0001:0001eb90       sf_debug_get_current_machine_id 000000018001fb90 f   sfc_debug:sfcdebug.obj
 0001:0001ebb0       sf_debug_get_current_optional_integer 000000018001fbb0 f   sfc_debug:sfcdebug.obj
 0001:0001ebc0       sf_debug_get_current_machine_number 000000018001fbc0 f   sfc_debug:sfcdebug.obj
 0001:0001ebe0       sf_debug_get_current_machine_name 000000018001fbe0 f   sfc_debug:sfcdebug.obj
 0001:0001ec00       sf_debug_get_current_chart_id 000000018001fc00 f   sfc_debug:sfcdebug.obj
 0001:0001ec50       sf_debug_get_current_chart_number 000000018001fc50 f   sfc_debug:sfcdebug.obj
 0001:0001ec60       sf_debug_get_current_instance_number 000000018001fc60 f   sfc_debug:sfcdebug.obj
 0001:0001ec70       sf_debug_get_current_is_minor_time_step 000000018001fc70 f   sfc_debug:sfcdebug.obj
 0001:0001ecf0       sf_debug_get_current_object_type 000000018001fcf0 f   sfc_debug:sfcdebug.obj
 0001:0001ed00       sf_debug_get_current_instance_handle 000000018001fd00 f   sfc_debug:sfcdebug.obj
 0001:0001ed60       sf_debug_get_current_event_type 000000018001fd60 f   sfc_debug:sfcdebug.obj
 0001:0001ed70       sf_debug_get_current_object_id 000000018001fd70 f   sfc_debug:sfcdebug.obj
 0001:0001edb0       sf_debug_get_current_active_event_type 000000018001fdb0 f   sfc_debug:sfcdebug.obj
 0001:0001edc0       sf_debug_get_current_active_event_id 000000018001fdc0 f   sfc_debug:sfcdebug.obj
 0001:0001ee00       sf_debug_get_current_tag_type 000000018001fe00 f   sfc_debug:sfcdebug.obj
 0001:0001ee10       sf_debug_get_current_simulation_time 000000018001fe10 f   sfc_debug:sfcdebug.obj
 0001:0001ee20       sf_debug_get_current_coverage_percentage 000000018001fe20 f   sfc_debug:sfcdebug.obj
 0001:0001ee30       sf_debug_current_statement_context 000000018001fe30 f   sfc_debug:sfcdebug.obj
 0001:0001eec0       sf_debug_get_current_statement_info 000000018001fec0 f   sfc_debug:sfcdebug.obj
 0001:0001f040       sf_debug_terminate_instance 0000000180020040 f   sfc_debug:sfcdebug.obj
 0001:0001f350       sf_debug_assertion_failed  0000000180020350 f   sfc_debug:sfcdebug.obj
 0001:0001f500       sf_debug_set_number_of_data_with_change_event_for_machine 0000000180020500 f   sfc_debug:sfcdebug.obj
 0001:0001f540       sf_debug_set_machine_event_thresholds 0000000180020540 f   sfc_debug:sfcdebug.obj
 0001:0001f560       sf_debug_set_machine_event_scope 0000000180020560 f   sfc_debug:sfcdebug.obj
 0001:0001f5a0       sf_debug_set_machine_data_thresholds 00000001800205a0 f   sfc_debug:sfcdebug.obj
 0001:0001f5e0       sf_debug_set_machine_data_scope 00000001800205e0 f   sfc_debug:sfcdebug.obj
 0001:0001f670       sf_debug_set_machine_data_name 0000000180020670 f   sfc_debug:sfcdebug.obj
 0001:0001f710       sf_debug_set_machine_data_size 0000000180020710 f   sfc_debug:sfcdebug.obj
 0001:0001f850       sf_debug_set_machine_data_type 0000000180020850 f   sfc_debug:sfcdebug.obj
 0001:0001f9c0       sf_debug_get_chart_data_number 00000001800209c0 f   sfc_debug:sfcdebug.obj
 0001:0001f9e0       sf_debug_get_chart_event_number 00000001800209e0 f   sfc_debug:sfcdebug.obj
 0001:0001fa00       sf_debug_set_chart_state_info 0000000180020a00 f   sfc_debug:sfcdebug.obj
 0001:0001fa80       sf_debug_set_chart_decomposition 0000000180020a80 f   sfc_debug:sfcdebug.obj
 0001:0001faf0       sf_debug_set_chart_substate_count 0000000180020af0 f   sfc_debug:sfcdebug.obj
 0001:0001fbd0       sf_debug_set_chart_substate_index 0000000180020bd0 f   sfc_debug:sfcdebug.obj
 0001:0001fc40       sf_debug_set_chart_state_substate_count 0000000180020c40 f   sfc_debug:sfcdebug.obj
 0001:0001fd50       sf_debug_set_chart_state_substate_index 0000000180020d50 f   sfc_debug:sfcdebug.obj
 0001:0001fdd0       sf_debug_set_number_of_data_with_change_event_for_chart 0000000180020dd0 f   sfc_debug:sfcdebug.obj
 0001:0001fe50       sf_debug_set_number_of_states_with_entry_event_for_chart 0000000180020e50 f   sfc_debug:sfcdebug.obj
 0001:0001fec0       sf_debug_set_number_of_states_with_exit_event_for_chart 0000000180020ec0 f   sfc_debug:sfcdebug.obj
 0001:0001ff30       sf_debug_set_chart_disable_implicit_casting 0000000180020f30 f   sfc_debug:sfcdebug.obj
 0001:0001ffa0       sf_debug_set_chart_event_thresholds 0000000180020fa0 f   sfc_debug:sfcdebug.obj
 0001:00020010       sf_debug_set_chart_data_compiled_props 0000000180021010 f   sfc_debug:sfcdebug.obj
 0001:00020360       sf_debug_set_chart_data_props 0000000180021360 f   sfc_debug:sfcdebug.obj
 0001:00020680       sf_debug_check_fi_license  0000000180021680 f   sfc_debug:sfcdebug.obj
 0001:00020870       sf_debug_symbol_scope_push 0000000180021870 f   sfc_debug:sfcdebug.obj
 0001:000208b0       sf_debug_symbol_scope_push_eml 00000001800218b0 f   sfc_debug:sfcdebug.obj
 0001:00020900       sf_debug_symbol_scope_pop  0000000180021900 f   sfc_debug:sfcdebug.obj
 0001:00020940       sf_debug_symbol_scope_add_importable 0000000180021940 f   sfc_debug:sfcdebug.obj
 0001:000209c0       sf_debug_symbol_scope_add  00000001800219c0 f   sfc_debug:sfcdebug.obj
 0001:00020a40       sf_debug_symbol_scope_add_dyn_importable 0000000180021a40 f   sfc_debug:sfcdebug.obj
 0001:00020b00       sf_debug_symbol_scope_add_dyn 0000000180021b00 f   sfc_debug:sfcdebug.obj
 0001:00020b30       sf_debug_symbol_scope_add_eml_importable 0000000180021b30 f   sfc_debug:sfcdebug.obj
 0001:00020b70       sf_debug_symbol_scope_add_eml 0000000180021b70 f   sfc_debug:sfcdebug.obj
 0001:00020bb0       sf_debug_symbol_scope_add_eml_dyn_importable 0000000180021bb0 f   sfc_debug:sfcdebug.obj
 0001:00020c20       sf_debug_symbol_scope_add_eml_dyn 0000000180021c20 f   sfc_debug:sfcdebug.obj
 0001:00020c80       sf_debug_symbol_switch     0000000180021c80 f   sfc_debug:sfcdebug.obj
 0001:00020ca0       sf_debug_symbol_scope_add_verbose 0000000180021ca0 f   sfc_debug:sfcdebug.obj
 0001:00020d70       sf_debug_set_machine_data_value_ptr 0000000180021d70 f   sfc_debug:sfcdebug.obj
 0001:00020db0       sf_debug_set_instance_data_value_ptr 0000000180021db0 f   sfc_debug:sfcdebug.obj
 0001:00020e70       sf_debug_unset_instance_data_value_ptr 0000000180021e70 f   sfc_debug:sfcdebug.obj
 0001:00020f20       sf_debug_set_chart_event_scope 0000000180021f20 f   sfc_debug:sfcdebug.obj
 0001:00020fa0       sf_debug_set_chart_transition_coverage_maps 0000000180021fa0 f   sfc_debug:sfcdebug.obj
 0001:000210b0       sf_debug_set_chart_state_coverage_maps 00000001800220b0 f   sfc_debug:sfcdebug.obj
 0001:00021190       sf_debug_set_instance_transition_coverage_weights 0000000180022190 f   sfc_debug:sfcdebug.obj
 0001:00021230       sf_debug_set_instance_state_coverage_weights 0000000180022230 f   sfc_debug:sfcdebug.obj
 0001:00021480       sf_debug_unload_machine    0000000180022480 f   sfc_debug:sfcdebug.obj
 0001:000214d0       sf_debug_load_machine      00000001800224d0 f   sfc_debug:sfcdebug.obj
 0001:000215d0       sf_debug_set_active_instance_in_data_dictionary 00000001800225d0 f   sfc_debug:sfcdebug.obj
 0001:000217b0       sf_debug_set_active_instance 00000001800227b0 f   sfc_debug:sfcdebug.obj
 0001:000218f0       sf_debug_chart_visiblity_change 00000001800228f0 f   sfc_debug:sfcdebug.obj
 0001:000219d0       sf_debug_select_chart      00000001800229d0 f   sfc_debug:sfcdebug.obj
 0001:00021aa0       sf_debug_set_instance_cv_ids 0000000180022aa0 f   sfc_debug:sfcdebug.obj
 0001:00021db0       sf_debug_select_charts     0000000180022db0 f   sfc_debug:sfcdebug.obj
 0001:00021ef0       sf_debug_initialized       0000000180022ef0 f   sfc_debug:sfcdebug.obj
 0001:00021f00       sf_debug_is_uninterruptible 0000000180022f00 f   sfc_debug:sfcdebug.obj
 0001:00021f30       sf_debug_initialize_debugger_gui 0000000180022f30 f   sfc_debug:sfcdebug.obj
 0001:00022320       sf_debug_resume            0000000180023320 f   sfc_debug:sfcdebug.obj
 0001:00022340       sf_debug_go                0000000180023340 f   sfc_debug:sfcdebug.obj
 0001:00022350       sf_debug_break             0000000180023350 f   sfc_debug:sfcdebug.obj
 0001:00022360       sf_debug_step_over         0000000180023360 f   sfc_debug:sfcdebug.obj
 0001:00022370       sf_debug_step_out          0000000180023370 f   sfc_debug:sfcdebug.obj
 0001:00022380       sf_debug_set_disable_all_breakpoints 0000000180023380 f   sfc_debug:sfcdebug.obj
 0001:00022390       sf_debug_disable_all_breakpoints_and_go 0000000180023390 f   sfc_debug:sfcdebug.obj
 0001:000223a0       sf_debug_break_on_chart_entry 00000001800233a0 f   sfc_debug:sfcdebug.obj
 0001:000223b0       sf_debug_break_on_event_broadcast 00000001800233b0 f   sfc_debug:sfcdebug.obj
 0001:000223c0       sf_debug_break_on_state_entry 00000001800233c0 f   sfc_debug:sfcdebug.obj
 0001:000223d0       sf_debug_break_between_times 00000001800233d0 f   sfc_debug:sfcdebug.obj
 0001:000223f0       sf_debug_browse_data       00000001800233f0 f   sfc_debug:sfcdebug.obj
 0001:00022410       sf_debug_watch_data        0000000180023410 f   sfc_debug:sfcdebug.obj
 0001:00022430       sf_debug_assign_data       0000000180023430 f   sfc_debug:sfcdebug.obj
 0001:00022450       sf_debug_whos              0000000180023450 f   sfc_debug:sfcdebug.obj
 0001:00022470       sf_debug_get_consistency_info 0000000180023470 f   sfc_debug:sfcdebug.obj
 0001:00022480       sf_debug_browse_trace      0000000180023480 f   sfc_debug:sfcdebug.obj
 0001:00022490       sf_debug_set_breakpoints   0000000180023490 f   sfc_debug:sfcdebug.obj
 0001:000225f0       sf_debug_set_eml_breakpoints 00000001800235f0 f   sfc_debug:sfcdebug.obj
 0001:00022750       sf_debug_set_script_breakpoints 0000000180023750 f   sfc_debug:sfcdebug.obj
 0001:000227d0       sf_debug_add_script_breakpoints 00000001800237d0 f   sfc_debug:sfcdebug.obj
 0001:00022840       sf_debug_clear_script_breakpoints 0000000180023840 f   sfc_debug:sfcdebug.obj
 0001:000228b0       sf_debug_query_script_breakpoints 00000001800238b0 f   sfc_debug:sfcdebug.obj
 0001:00022970       sf_debug_get_eml_script_id 0000000180023970 f   sfc_debug:sfcdebug.obj
 0001:000229c0       sf_debug_set_watch         00000001800239c0 f   sfc_debug:sfcdebug.obj
 0001:00022bf0       sf_debug_get_coverage      0000000180023bf0 f   sfc_debug:sfcdebug.obj
 0001:00022c00       sf_debug_get_instance_handle 0000000180023c00 f   sfc_debug:sfcdebug.obj
 0001:00022c90       sf_debug_get_active_states 0000000180023c90 f   sfc_debug:sfcdebug.obj
 0001:00022ca0       sf_debug_get_animation     0000000180023ca0 f   sfc_debug:sfcdebug.obj
 0001:00022cb0       sf_debug_set_animation     0000000180023cb0 f   sfc_debug:sfcdebug.obj
 0001:00022cc0       sf_debug_animate           0000000180023cc0 f   sfc_debug:sfcdebug.obj
 0001:00022cf0       sf_debug_cycle_detection_check 0000000180023cf0 f   sfc_debug:sfcdebug.obj
 0001:00022d00       sf_debug_data_range_check  0000000180023d00 f   sfc_debug:sfcdebug.obj
 0001:00022d10       sf_debug_transition_conflict_check 0000000180023d10 f   sfc_debug:sfcdebug.obj
 0001:00022d20       sf_debug_state_consistency_check 0000000180023d20 f   sfc_debug:sfcdebug.obj
 0001:00022d30       sf_debug_data_range_check_enabled 0000000180023d30 f   sfc_debug:sfcdebug.obj
 0001:00022d50       sf_debug_transition_conflict_check_enabled 0000000180023d50 f   sfc_debug:sfcdebug.obj
 0001:00022d70       sf_debug_transition_conflict_check_begin 0000000180023d70 f   sfc_debug:sfcdebug.obj
 0001:00022d90       sf_debug_transition_conflict_check_end 0000000180023d90 f   sfc_debug:sfcdebug.obj
 0001:00022db0       sf_debug_stop_debugging    0000000180023db0 f   sfc_debug:sfcdebug.obj
 0001:00022de0       sf_debug_is_cycle_detected 0000000180023de0 f   sfc_debug:sfcdebug.obj
 0001:00022df0       sf_debug_is_array_bounds_detected 0000000180023df0 f   sfc_debug:sfcdebug.obj
 0001:00022e00       sf_debug_get_state_vectors_data_size 0000000180023e00 f   sfc_debug:sfcdebug.obj
 0001:00022e40       sf_debug_get_state_vectors_data 0000000180023e40 f   sfc_debug:sfcdebug.obj
 0001:00022f40       sf_debug_set_state_vectors_data 0000000180023f40 f   sfc_debug:sfcdebug.obj
 0001:00023200       sf_debug_get_script_index  0000000180024200 f   sfc_debug:sfcdebug.obj
 0001:00023390       sf_debug_add_script        0000000180024390 f   sfc_debug:sfcdebug.obj
 0001:00023520       cv_eval_point              0000000180024520 f   sfc_debug:sfcdebug.obj
 0001:00023690       sf_debug_cv_init_state     0000000180024690 f   sfc_debug:sfcdebug.obj
 0001:000237b0       sf_debug_cv_init_chart     00000001800247b0 f   sfc_debug:sfcdebug.obj
 0001:00023890       sf_debug_cv_init_trans     0000000180024890 f   sfc_debug:sfcdebug.obj
 0001:00023a00       cv_eml_init_script         0000000180024a00 f   sfc_debug:sfcdebug.obj
 0001:00023ae0       cv_eml_init_fcn            0000000180024ae0 f   sfc_debug:sfcdebug.obj
 0001:00023b90       cv_eml_init_testobjective  0000000180024b90 f   sfc_debug:sfcdebug.obj
 0001:00023c40       cv_eml_init_if             0000000180024c40 f   sfc_debug:sfcdebug.obj
 0001:00023cf0       cv_eml_init_for            0000000180024cf0 f   sfc_debug:sfcdebug.obj
 0001:00023da0       cv_eml_init_while          0000000180024da0 f   sfc_debug:sfcdebug.obj
 0001:00023e50       cv_eml_init_mcdc           0000000180024e50 f   sfc_debug:sfcdebug.obj
 0001:00023f50       cv_eml_init_switch         0000000180024f50 f   sfc_debug:sfcdebug.obj
 0001:00024030       cv_eml_eval                0000000180025030 f   sfc_debug:sfcdebug.obj
 0001:00024110       sf_debug_bm_is_a_eml_breakpoint 0000000180025110 f   sfc_debug:sfcdebug.obj
 0001:00024260       sf_debug_temporal_threshold 0000000180025260 f   sfc_debug:sfcdebug.obj
 0001:000245c0       sf_debug_transition_conflict_error 00000001800255c0 f   sfc_debug:sfcdebug.obj
 0001:00024940       sf_debug_state_inconsistency_error 0000000180025940 f   sfc_debug:sfcdebug.obj
 0001:00024a60       sf_debug_check_for_state_inconsistency 0000000180025a60 f   sfc_debug:sfcdebug.obj
 0001:00024a90       sf_debug_cycle_detecton_error 0000000180025a90 f   sfc_debug:sfcdebug.obj
 0001:00025280       sf_debug_size_eq_check_1d  0000000180026280 f   sfc_debug:sfcdebug.obj
 0001:000252a0       sf_debug_size_eq_check_nd  00000001800262a0 f   sfc_debug:sfcdebug.obj
 0001:00025480       sf_debug_dim_size_eq_check 0000000180026480 f   sfc_debug:sfcdebug.obj
 0001:000254b0       sf_debug_dim_size_geq_check 00000001800264b0 f   sfc_debug:sfcdebug.obj
 0001:000254e0       sf_debug_sub_assign_size_check_nd 00000001800264e0 f   sfc_debug:sfcdebug.obj
 0001:00025720       sf_debug_matrix_matrix_index_check 0000000180026720 f   sfc_debug:sfcdebug.obj
 0001:00025750       sf_debug_vector_vector_index_check 0000000180026750 f   sfc_debug:sfcdebug.obj
 0001:00025780       sf_debug_runtime_error_msgid 0000000180026780 f   sfc_debug:sfcdebug.obj
 0001:00025810       sf_debug_data_array_bounds_error_check 0000000180026810 f   sfc_debug:sfcdebug.obj
 0001:00025920       sf_debug_eml_data_array_bounds_error_check 0000000180026920 f   sfc_debug:sfcdebug.obj
 0001:00025e00       sf_debug_integer_check     0000000180026e00 f   sfc_debug:sfcdebug.obj
 0001:00025ee0       sf_debug_not_nan_check     0000000180026ee0 f   sfc_debug:sfcdebug.obj
 0001:00025fa0       sf_debug_non_negative_check 0000000180026fa0 f   sfc_debug:sfcdebug.obj
 0001:00026060       sf_debug_overflow_detection 0000000180027060 f   sfc_debug:sfcdebug.obj
 0001:00026750       sf_debug_cast_to_real32_T  0000000180027750 f   sfc_debug:sfcdebug.obj
 0001:00026810       sf_debug_cast_to_int8_T    0000000180027810 f   sfc_debug:sfcdebug.obj
 0001:000268d0       sf_debug_cast_to_uint8_T   00000001800278d0 f   sfc_debug:sfcdebug.obj
 0001:00026990       sf_debug_cast_to_int16_T   0000000180027990 f   sfc_debug:sfcdebug.obj
 0001:00026a50       sf_debug_cast_to_uint16_T  0000000180027a50 f   sfc_debug:sfcdebug.obj
 0001:00026b10       sf_debug_cast_to_int32_T   0000000180027b10 f   sfc_debug:sfcdebug.obj
 0001:00026bd0       sf_debug_cast_to_uint32_T  0000000180027bd0 f   sfc_debug:sfcdebug.obj
 0001:00026c90       sf_debug_data_range_error  0000000180027c90 f   sfc_debug:sfcdebug.obj
 0001:00027110       sf_debug_data_range_error_wrapper_min_max 0000000180028110 f   sfc_debug:sfcdebug.obj
 0001:00027200       sf_debug_data_range_error_wrapper_min 0000000180028200 f   sfc_debug:sfcdebug.obj
 0001:000272e0       sf_debug_data_range_error_wrapper_max 00000001800282e0 f   sfc_debug:sfcdebug.obj
 0001:000273c0       sf_debug_data_range_wrapper 00000001800283c0 f   sfc_debug:sfcdebug.obj
 0001:00027470       sf_debug_set_current_status_info 0000000180028470 f   sfc_debug:sfcdebug.obj
 0001:00027820       sf_debug_call              0000000180028820 f   sfc_debug:sfcdebug.obj
 0001:000286e0       sf_debug_initialize_machine 00000001800296e0 f   sfc_debug:sfcdebug.obj
 0001:000289f0       sf_debug_initialize_chart  00000001800299f0 f   sfc_debug:sfcdebug.obj
 0001:00028ed0       sf_debug_ensure_script     0000000180029ed0 f   sfc_debug:sfcdebug.obj
 0001:00028f90       cv_script_init_script      0000000180029f90 f   sfc_debug:sfcdebug.obj
 0001:00029070       cv_script_init_fcn         000000018002a070 f   sfc_debug:sfcdebug.obj
 0001:00029120       cv_script_init_testobjective 000000018002a120 f   sfc_debug:sfcdebug.obj
 0001:000291d0       cv_script_init_if          000000018002a1d0 f   sfc_debug:sfcdebug.obj
 0001:00029280       cv_script_init_for         000000018002a280 f   sfc_debug:sfcdebug.obj
 0001:00029330       cv_script_init_while       000000018002a330 f   sfc_debug:sfcdebug.obj
 0001:000293e0       cv_script_init_mcdc        000000018002a3e0 f   sfc_debug:sfcdebug.obj
 0001:000294e0       cv_script_init_switch      000000018002a4e0 f   sfc_debug:sfcdebug.obj
 0001:000295c0       cv_script_eval             000000018002a5c0 f   sfc_debug:sfcdebug.obj
 0001:000296a0       eml_debug_line_call        000000018002a6a0 f   sfc_debug:sfcdebug.obj
 0001:00029850       sf_debug_terminate         000000018002a850 f   sfc_debug:sfcdebug.obj
 0001:000299c0       sf_debug_set_script_cv_ids 000000018002a9c0 f   sfc_debug:sfcdebug.obj
 0001:00029b90       sf_debug_api               000000018002ab90 f   sfc_debug:sfc_api.obj
 0001:0002b3c0       sf_debug_sm_terminate      000000018002c3c0 f   sfc_debug:sfdb_animation.obj
 0001:0002b580       sf_debug_reset_path_objects 000000018002c580 f   sfc_debug:sfdb_animation.obj
 0001:0002b600       sf_debug_sm_reset_object_selection_status 000000018002c600 f   sfc_debug:sfdb_animation.obj
 0001:0002b6a0       sf_debug_sm_reset_state_buffer 000000018002c6a0 f   sfc_debug:sfdb_animation.obj
 0001:0002b770       sf_debug_sm_store_state_buffer 000000018002c770 f   sfc_debug:sfdb_animation.obj
 0001:0002b7f0       sf_debug_sm_restore_state_buffer1 000000018002c7f0 f   sfc_debug:sfdb_animation.obj
 0001:0002b860       sf_debug_sm_restore_state_buffer2 000000018002c860 f   sfc_debug:sfdb_animation.obj
 0001:0002b8d0       sf_debug_sm_chart_active   000000018002c8d0 f   sfc_debug:sfdb_animation.obj
 0001:0002b920       sf_debug_sm_select_active_objects 000000018002c920 f   sfc_debug:sfdb_animation.obj
 0001:0002bdd0       sf_debug_sm_is_chart_active 000000018002cdd0 f   sfc_debug:sfdb_animation.obj
 0001:0002be10       sf_debug_sm_is_state_active 000000018002ce10 f   sfc_debug:sfdb_animation.obj
 0001:0002c050       sf_debug_sm_get_active_states 000000018002d050 f   sfc_debug:sfdb_animation.obj
 0001:0002c610       sf_debug_sm_initialize_instance 000000018002d610 f   sfc_debug:sfdb_animation.obj
 0001:0002c860       sf_debug_sm_change_object_selection_status 000000018002d860 f   sfc_debug:sfdb_animation.obj
 0001:0002cb50       cv_create_interface        000000018002db50 f   sfc_debug:cv_sfinterface.obj
 0001:0002ceb0       cv_init_trans              000000018002deb0 f   sfc_debug:cv_sfinterface.obj
 0001:0002cf00       cv_init_state              000000018002df00 f   sfc_debug:cv_sfinterface.obj
 0001:0002cf70       cv_init_chart              000000018002df70 f   sfc_debug:cv_sfinterface.obj
 0001:0002cfc0       cv_dec_update_call         000000018002dfc0 f   sfc_debug:cv_sfinterface.obj
 0001:0002d000       cv_cond_update_call        000000018002e000 f   sfc_debug:cv_sfinterface.obj
 0001:0002d040       cv_sigrange_update         000000018002e040 f   sfc_debug:cv_sfinterface.obj
 0001:0002d080       cvsf_eml_eval              000000018002e080 f   sfc_debug:cv_sfinterface.obj
 0001:0002d160       cvsf_eml_init_script       000000018002e160 f   sfc_debug:cv_sfinterface.obj
 0001:0002d1e0       cvsf_eml_init_fcn          000000018002e1e0 f   sfc_debug:cv_sfinterface.obj
 0001:0002d240       cvsf_eml_init_testobjective 000000018002e240 f   sfc_debug:cv_sfinterface.obj
 0001:0002d2a0       cvsf_eml_init_if           000000018002e2a0 f   sfc_debug:cv_sfinterface.obj
 0001:0002d300       cvsf_eml_init_for          000000018002e300 f   sfc_debug:cv_sfinterface.obj
 0001:0002d350       cvsf_eml_init_while        000000018002e350 f   sfc_debug:cv_sfinterface.obj
 0001:0002d3a0       cvsf_eml_init_mcdc         000000018002e3a0 f   sfc_debug:cv_sfinterface.obj
 0001:0002d430       cvsf_eml_init_switch       000000018002e430 f   sfc_debug:cv_sfinterface.obj
 0001:0002d4a0       cvsf_script_eval           000000018002e4a0 f   sfc_debug:cv_sfinterface.obj
 0001:0002d580       cvsf_script_init_script    000000018002e580 f   sfc_debug:cv_sfinterface.obj
 0001:0002d600       cvsf_script_init_fcn       000000018002e600 f   sfc_debug:cv_sfinterface.obj
 0001:0002d660       cvsf_script_init_testobjective 000000018002e660 f   sfc_debug:cv_sfinterface.obj
 0001:0002d6c0       cvsf_script_init_if        000000018002e6c0 f   sfc_debug:cv_sfinterface.obj
 0001:0002d720       cvsf_script_init_for       000000018002e720 f   sfc_debug:cv_sfinterface.obj
 0001:0002d770       cvsf_script_init_while     000000018002e770 f   sfc_debug:cv_sfinterface.obj
 0001:0002d7c0       cvsf_script_init_mcdc      000000018002e7c0 f   sfc_debug:cv_sfinterface.obj
 0001:0002d850       cvsf_script_init_switch    000000018002e850 f   sfc_debug:cv_sfinterface.obj
 0001:0002d8c0       cv_destroy_interface       000000018002e8c0 f   sfc_debug:cv_sfinterface.obj
 0001:0002d8e0       cv_create_instance_objects 000000018002e8e0 f   sfc_debug:cv_sfinterface.obj
 0001:0002dd90       cv_is_enabled              000000018002ed90 f   sfc_debug:cv_sfinterface.obj
 0001:0002dda0       sf_debug_cv_initialize_script 000000018002eda0 f   sfc_debug:cv_sfinterface.obj
 0001:0002df50       sf_debug_cv_initialize_instance 000000018002ef50 f   sfc_debug:cv_sfinterface.obj
 0001:0002e2f0       sf_debug_cv_terminate_chart 000000018002f2f0 f   sfc_debug:cv_sfinterface.obj
 0001:0002e430       cv_call_trans_test         000000018002f430 f   sfc_debug:cv_sfinterface.obj
 0001:0002e440       cv_call_sub_cond_test      000000018002f440 f   sfc_debug:cv_sfinterface.obj
 0001:0002e570       sf_debug_hm_initialize_instance 000000018002f570 f   sfc_debug:sfdb_handle_management.obj
 0001:0002eaf0       sf_debug_hm_get_object_id  000000018002faf0 f   sfc_debug:sfdb_handle_management.obj
 0001:00030a60       sf_debug_object_is_eml_function 0000000180031a60 f   sfc_debug:sfdb_handle_management.obj
 0001:00030ad0       sf_debug_hm_initialize_ids_in_machine 0000000180031ad0 f   sfc_debug:sfdb_handle_management.obj
 0001:00030c40       sf_debug_hm_initialize_ids_in_chart 0000000180031c40 f   sfc_debug:sfdb_handle_management.obj
 0001:00030d80       sf_debug_hm_initialize_chart 0000000180031d80 f   sfc_debug:sfdb_handle_management.obj
 0001:00031530       sf_debug_hm_terminate      0000000180032530 f   sfc_debug:sfdb_handle_management.obj
 0001:00031590       sf_debug_hm_initialize_machine 0000000180032590 f   sfc_debug:sfdb_handle_management.obj
 0001:00031d40       sf_debug_st_initialize_machine 0000000180032d40 f   sfc_debug:sfdb_data_browse.obj
 0001:00031e00       sf_debug_st_initialize_instance 0000000180032e00 f   sfc_debug:sfdb_data_browse.obj
 0001:00032030       sf_debug_st_terminate      0000000180033030 f   sfc_debug:sfdb_data_browse.obj
 0001:000323d0       sf_debug_st_set_data_value_ptr_in_machine 00000001800333d0 f   sfc_debug:sfdb_data_browse.obj
 0001:00032460       sf_debug_st_set_data_value_ptr_in_instance 0000000180033460 f   sfc_debug:sfdb_data_browse.obj
 0001:00032540       sf_debug_st_unset_data_value_ptr_in_machine 0000000180033540 f   sfc_debug:sfdb_data_browse.obj
 0001:000325b0       sf_debug_st_unset_data_value_ptr_in_instance 00000001800335b0 f   sfc_debug:sfdb_data_browse.obj
 0001:000328c0       sf_debug_mx_value          00000001800338c0 f   sfc_debug:sfdb_data_browse.obj
 0001:00032920       sf_debug_mx_packed_vector  0000000180033920 f   sfc_debug:sfdb_data_browse.obj
 0001:00032a00       sf_debug_mx_uint_vector    0000000180033a00 f   sfc_debug:sfdb_data_browse.obj
 0001:00032ac0       sf_debug_st_get_double_value_from_void_ptr_vector 0000000180033ac0 f   sfc_debug:sfdb_data_browse.obj
 0001:000335b0       sf_debug_st_browse_data    00000001800345b0 f   sfc_debug:sfdb_data_browse.obj
 0001:00033d50       sf_debug_ss_initialize     0000000180034d50 f   sfc_debug:sfdb_symbol_scope.obj
 0001:00033d70       sf_debug_ss_terminate      0000000180034d70 f   sfc_debug:sfdb_symbol_scope.obj
 0001:00033e00       sf_debug_ss_push_symbol_scope 0000000180034e00 f   sfc_debug:sfdb_symbol_scope.obj
 0001:00033f00       sf_debug_ss_push_symbol_scope_eml 0000000180034f00 f   sfc_debug:sfdb_symbol_scope.obj
 0001:00033f60       sf_debug_ss_pop_symbol_scope 0000000180034f60 f   sfc_debug:sfdb_symbol_scope.obj
 0001:00034010       sf_debug_ss_add_symbol     0000000180035010 f   sfc_debug:sfdb_symbol_scope.obj
 0001:00034170       sf_debug_ss_add_symbol_eml 0000000180035170 f   sfc_debug:sfdb_symbol_scope.obj
 0001:00034e50       sf_debug_ss_set_data_value 0000000180035e50 f   sfc_debug:sfdb_symbol_scope.obj
 0001:000352f0       sf_debug_ss_watch_data     00000001800362f0 f   sfc_debug:sfdb_symbol_scope.obj
 0001:00035390       sf_debug_ss_assign_data    0000000180036390 f   sfc_debug:sfdb_symbol_scope.obj
 0001:00035d90       get_data_entry_name        0000000180036d90 f   sfc_debug:sfdb_symbol_scope.obj
 0001:00035de0       sf_debug_ss_whos           0000000180036de0 f   sfc_debug:sfdb_symbol_scope.obj
 0001:000364f0       sf_debug_cc_initialize_chart 00000001800374f0 f   sfc_debug:sfdb_coverage.obj
 0001:00036ee0       sf_debug_cc_initialize_instance 0000000180037ee0 f   sfc_debug:sfdb_coverage.obj
 0001:00037ce0       sf_debug_cc_terminate      0000000180038ce0 f   sfc_debug:sfdb_coverage.obj
 0001:00037dd0       sf_debug_cc_set_transition_maps 0000000180038dd0 f   sfc_debug:sfdb_coverage.obj
 0001:00037f00       sf_debug_cc_set_state_maps 0000000180038f00 f   sfc_debug:sfdb_coverage.obj
 0001:00037fe0       sf_debug_cc_set_transition_weights 0000000180038fe0 f   sfc_debug:sfdb_coverage.obj
 0001:000382b0       sf_debug_cc_set_state_weights 00000001800392b0 f   sfc_debug:sfdb_coverage.obj
 0001:00038580       sf_debug_cc_mark_transition_guard 0000000180039580 f   sfc_debug:sfdb_coverage.obj
 0001:00038610       sf_debug_cc_mark_transition_trigger 0000000180039610 f   sfc_debug:sfdb_coverage.obj
 0001:000386a0       sf_debug_cc_mark_transition_decision 00000001800396a0 f   sfc_debug:sfdb_coverage.obj
 0001:00038710       sf_debug_cc_mark_transition_condition_action 0000000180039710 f   sfc_debug:sfdb_coverage.obj
 0001:00038760       sf_debug_cc_mark_transition_transition_action 0000000180039760 f   sfc_debug:sfdb_coverage.obj
 0001:000387b0       sf_debug_cc_mark_state_entry 00000001800397b0 f   sfc_debug:sfdb_coverage.obj
 0001:00038800       sf_debug_cc_mark_state_during 0000000180039800 f   sfc_debug:sfdb_coverage.obj
 0001:00038850       sf_debug_cc_mark_state_exit 0000000180039850 f   sfc_debug:sfdb_coverage.obj
 0001:00039090       sf_debug_cc_get_coverage   000000018003a090 f   sfc_debug:sfdb_coverage.obj
 0001:00039630       sf_debug_bm_clear_script_breakpoints 000000018003a630 f   sfc_debug:sfdb_breakpoints.obj
 0001:00039660       sf_debug_bm_set_script_breakpoint 000000018003a660 f   sfc_debug:sfdb_breakpoints.obj
 0001:000396e0       sf_debug_bm_clear_single_script_breakpoint 000000018003a6e0 f   sfc_debug:sfdb_breakpoints.obj
 0001:00039760       sf_debug_bm_query_script_breakpoint 000000018003a760 f   sfc_debug:sfdb_breakpoints.obj
 0001:000397b0       sf_debug_bm_initialize_scripts 000000018003a7b0 f   sfc_debug:sfdb_breakpoints.obj
 0001:00039ed0       sf_debug_bm_terminate      000000018003aed0 f   sfc_debug:sfdb_breakpoints.obj
 0001:0003a1c0       sf_debug_bm_remove_all_breakpoints_in_machine 000000018003b1c0 f   sfc_debug:sfdb_breakpoints.obj
 0001:0003a230       sf_debug_bm_remove_all_breakpoints_in_chart 000000018003b230 f   sfc_debug:sfdb_breakpoints.obj
 0001:0003a380       sf_debug_bm_initialize_global_breakpoints 000000018003b380 f   sfc_debug:sfdb_breakpoints.obj
 0001:0003a500       sf_debug_bm_set_breakpoint 000000018003b500 f   sfc_debug:sfdb_breakpoints.obj
 0001:0003ab30       sf_debug_bm_set_eml_breakpoint 000000018003bb30 f   sfc_debug:sfdb_breakpoints.obj
 0001:0003abd0       sf_debug_bm_initialize_machine_breakpoint_map 000000018003bbd0 f   sfc_debug:sfdb_breakpoints.obj
 0001:0003aff0       sf_debug_bm_is_a_breakpoint 000000018003bff0 f   sfc_debug:sfdb_breakpoints.obj
 0001:0003b510       sf_debug_bm_get_all_breakpoints_in_machine 000000018003c510 f   sfc_debug:sfdb_breakpoints.obj
 0001:0003b810       sf_debug_bm_get_all_breakpoints_in_chart 000000018003c810 f   sfc_debug:sfdb_breakpoints.obj
 0001:0003c4d0       sf_debug_bm_initialize_machine 000000018003d4d0 f   sfc_debug:sfdb_breakpoints.obj
 0001:0003c5a0       sf_debug_bm_initialize_chart 000000018003d5a0 f   sfc_debug:sfdb_breakpoints.obj
 0001:0003c9c0       sf_debug_sc_terminate      000000018003d9c0 f   sfc_debug:sfdb_state_consistency.obj
 0001:0003ccf0       sf_debug_sc_is_chart_consistent 000000018003dcf0 f   sfc_debug:sfdb_state_consistency.obj
 0001:0003cfa0       sf_debug_sc_get_consistency_error_info 000000018003dfa0 f   sfc_debug:sfdb_state_consistency.obj
 0001:0003d3f0       sf_debug_tm_terminate      000000018003e3f0 f   sfc_debug:sfdb_call_stack.obj
 0001:0003d4b0       sf_debug_tm_push_chart_instance 000000018003e4b0 f   sfc_debug:sfdb_call_stack.obj
 0001:0003d600       sf_debug_tm_pop_chart_instance 000000018003e600 f   sfc_debug:sfdb_call_stack.obj
 0001:0003d660       sf_debug_tm_push_trace_node 000000018003e660 f   sfc_debug:sfdb_call_stack.obj
 0001:0003d7f0       sf_debug_tm_pop_trace_node 000000018003e7f0 f   sfc_debug:sfdb_call_stack.obj
 0001:0003d870       sf_debug_tm_get_current_global_trace_index 000000018003e870 f   sfc_debug:sfdb_call_stack.obj
 0001:0003d880       sf_debug_tm_get_current_local_trace_index 000000018003e880 f   sfc_debug:sfdb_call_stack.obj
 0001:0003d8b0       sf_debug_tm_set_cycle_detected_flag 000000018003e8b0 f   sfc_debug:sfdb_call_stack.obj
 0001:0003d8f0       sf_debug_tm_set_cycle_started_flag 000000018003e8f0 f   sfc_debug:sfdb_call_stack.obj
 0001:0003d930       sf_debug_tm_get_chart_number_from_stack 000000018003e930 f   sfc_debug:sfdb_call_stack.obj
 0001:0003db30       sf_debug_tm_browse_trace   000000018003eb30 f   sfc_debug:sfdb_call_stack.obj
 0001:0003de70       sf_debug_cd_initialize_instance 000000018003ee70 f   sfc_debug:sfdb_cycle_detection.obj
 0001:0003e120       sf_debug_cd_mark_processed_transition_in_instance 000000018003f120 f   sfc_debug:sfdb_cycle_detection.obj
 0001:0003e1c0       sf_debug_cd_checksum_push  000000018003f1c0 f   sfc_debug:sfdb_cycle_detection.obj
 0001:0003e480       sf_debug_cd_checksum_pop   000000018003f480 f   sfc_debug:sfdb_cycle_detection.obj
 0001:0003e4f0       sf_debug_cd_turn_off_cycle_detection 000000018003f4f0 f   sfc_debug:sfdb_cycle_detection.obj
 0001:0003e540       sf_debug_cd_terminate      000000018003f540 f   sfc_debug:sfdb_cycle_detection.obj
 0001:0003e780       md5_initialize_state       000000018003f780 f   sfc_debug:ckmd5.obj
 0001:0003f1f0       md5_update_state           00000001800401f0 f   sfc_debug:ckmd5.obj
 0001:0003f210       md5_get_hash               0000000180040210 f   sfc_debug:ckmd5.obj
 0001:0003f240       md5_get_hash_for_a_single_string 0000000180040240 f   sfc_debug:ckmd5.obj
 0001:0003f2a4       mxGetPr                    00000001800402a4 f   libmx:libmx.dll
 0001:0003f2aa       mxCreateDoubleScalar       00000001800402aa f   libmx:libmx.dll
 0001:0003f2b0       mxSetField_730             00000001800402b0 f   libmx:libmx.dll
 0001:0003f2b6       mxCreateDoubleMatrix_730   00000001800402b6 f   libmx:libmx.dll
 0001:0003f2bc       mxCreateStructMatrix_730   00000001800402bc f   libmx:libmx.dll
 0001:0003f2c2       mxDestroyArray             00000001800402c2 f   libmx:libmx.dll
 0001:0003f2c8       mxCreateString             00000001800402c8 f   libmx:libmx.dll
 0001:0003f2ce       mxDuplicateArray           00000001800402ce f   libmx:libmx.dll
 0001:0003f2d4       mxGetString_730            00000001800402d4 f   libmx:libmx.dll
 0001:0003f2da       mxIsChar                   00000001800402da f   libmx:libmx.dll
 0001:0003f2e0       mxGetClassID               00000001800402e0 f   libmx:libmx.dll
 0001:0003f2e6       mxIsNumeric                00000001800402e6 f   libmx:libmx.dll
 0001:0003f2ec       mxIsComplex                00000001800402ec f   libmx:libmx.dll
 0001:0003f2f2       mxGetN                     00000001800402f2 f   libmx:libmx.dll
 0001:0003f2f8       mxGetM                     00000001800402f8 f   libmx:libmx.dll
 0001:0003f2fe       mxCalloc                   00000001800402fe f   libmx:libmx.dll
 0001:0003f304       mxGetScalar                0000000180040304 f   libmx:libmx.dll
 0001:0003f30a       mxIsLogical                000000018004030a f   libmx:libmx.dll
 0001:0003f310       mxCreateDoubleMatrix_700   0000000180040310 f   libmx:libmx.dll
 0001:0003f316       mxFree                     0000000180040316 f   libmx:libmx.dll
 0001:0003f31c       mxArrayToString            000000018004031c f   libmx:libmx.dll
 0001:0003f322       mxCreateCellMatrix_700     0000000180040322 f   libmx:libmx.dll
 0001:0003f328       mxSetCell_700              0000000180040328 f   libmx:libmx.dll
 0001:0003f32e       mxGetCell_700              000000018004032e f   libmx:libmx.dll
 0001:0003f334       mxGetClassName             0000000180040334 f   libmx:libmx.dll
 0001:0003f33a       mxSetField_700             000000018004033a f   libmx:libmx.dll
 0001:0003f340       mxAddField                 0000000180040340 f   libmx:libmx.dll
 0001:0003f346       mxGetField_700             0000000180040346 f   libmx:libmx.dll
 0001:0003f34c       mxGetNumberOfElements      000000018004034c f   libmx:libmx.dll
 0001:0003f352       mxIsStruct                 0000000180040352 f   libmx:libmx.dll
 0001:0003f358       mxIsClass                  0000000180040358 f   libmx:libmx.dll
 0001:0003f35e       mxGetLogicals              000000018004035e f   libmx:libmx.dll
 0001:0003f364       mxIsSparse                 0000000180040364 f   libmx:libmx.dll
 0001:0003f36a       mxSetFieldByNumber_700     000000018004036a f   libmx:libmx.dll
 0001:0003f370       mxGetFieldByNumber_700     0000000180040370 f   libmx:libmx.dll
 0001:0003f376       mxGetFieldNameByNumber     0000000180040376 f   libmx:libmx.dll
 0001:0003f37c       mxGetNumberOfFields        000000018004037c f   libmx:libmx.dll
 0001:0003f382       mxCreateStructMatrix_700   0000000180040382 f   libmx:libmx.dll
 0001:0003f388       mxGetFieldNumber           0000000180040388 f   libmx:libmx.dll
 0001:0003f38e       mxIsNaN                    000000018004038e f   libmx:libmx.dll
 0001:0003f394       mxIsEmpty                  0000000180040394 f   libmx:libmx.dll
 0001:0003f39a       mxGetData                  000000018004039a f   libmx:libmx.dll
 0001:0003f3a0       mxGetImagData              00000001800403a0 f   libmx:libmx.dll
 0001:0003f3a6       mxArrayClassIDName         00000001800403a6 f   libmx:libmx.dll
 0001:0003f3ac       mxCreateNumericMatrix_700  00000001800403ac f   libmx:libmx.dll
 0001:0003f3b2       mxCreateStructArray_700    00000001800403b2 f   libmx:libmx.dll
 0001:0003f3b8       mxCalcSingleSubscript_700  00000001800403b8 f   libmx:libmx.dll
 0001:0003f3be       mxGetDimensions_700        00000001800403be f   libmx:libmx.dll
 0001:0003f3c4       mxGetNumberOfDimensions_700 00000001800403c4 f   libmx:libmx.dll
 0001:0003f3ca       mxCreateNumericArray_700   00000001800403ca f   libmx:libmx.dll
 0001:0003f3d0       mxGetElementSize           00000001800403d0 f   libmx:libmx.dll
 0001:0003f3d6       mxCreateStringFromNChars_700 00000001800403d6 f   libmx:libmx.dll
 0001:0003f3dc       mxGetString_700            00000001800403dc f   libmx:libmx.dll
 0001:0003f3e2       mxIsLogicalScalarTrue      00000001800403e2 f   libmx:libmx.dll
 0001:0003f3e8       mxCreateLogicalScalar      00000001800403e8 f   libmx:libmx.dll
 0001:0003f3ee       mexUnlock                  00000001800403ee f   libmex:libmex.dll
 0001:0003f3f4       mexIsLocked                00000001800403f4 f   libmex:libmex.dll
 0001:0003f3fa       mexWarnMsgTxt              00000001800403fa f   libmex:libmex.dll
 0001:0003f400       mexCallMATLAB              0000000180040400 f   libmex:libmex.dll
 0001:0003f406       mexErrMsgTxt               0000000180040406 f   libmex:libmex.dll
 0001:0003f40c       mexSetTrapFlag             000000018004040c f   libmex:libmex.dll
 0001:0003f412       mexMakeArrayPersistent     0000000180040412 f   libmex:libmex.dll
 0001:0003f418       mexPutVariable             0000000180040418 f   libmex:libmex.dll
 0001:0003f41e       mexGetVariable             000000018004041e f   libmex:libmex.dll
 0001:0003f424       mexLock                    0000000180040424 f   libmex:libmex.dll
 0001:0003f42a       mexMakeMemoryPersistent    000000018004042a f   libmex:libmex.dll
 0001:0003f430       mexFunctionName            0000000180040430 f   libmex:libmex.dll
 0001:0003f436       ssRegisterDataTypeFxpFSlopeFixExpBias 0000000180040436 f   libfixedpoint:libfixedpoint.dll
 0001:0003f43c       utVSNprintf                000000018004043c f   libut:libut.dll
 0001:0003f442       utCPUtime                  0000000180040442 f   libut:libut.dll
 0001:0003f448       utFree                     0000000180040448 f   libut:libut.dll
 0001:0003f44e       utMalloc                   000000018004044e f   libut:libut.dll
 0001:0003f454       muDoubleScalarSqrt         0000000180040454 f   libmwmathutil:libmwmathutil.dll
 0001:0003f45a       emlrtCheckBuiltInCtxR2011a 000000018004045a f   libemlrt:libemlrt.dll
 0001:0003f460       emlrtCheckVsBuiltInCtxR2011a 0000000180040460 f   libemlrt:libemlrt.dll
 0001:0003f466       emlrtCheckEnumR2009a       0000000180040466 f   libemlrt:libemlrt.dll
 0001:0003f46c       emlrtCreateEnumR2010a      000000018004046c f   libemlrt:libemlrt.dll
 0001:0003f472       emlrtGetEnumElementR2009a  0000000180040472 f   libemlrt:libemlrt.dll
 0001:0003f478       emlrtCreateReference       0000000180040478 f   libemlrt:libemlrt.dll
 0001:0003f47e       emlrtImportVsFiArrayR2009b 000000018004047e f   libemlrt:libemlrt.dll
 0001:0003f484       emlrtExtractMessageId      0000000180040484 f   libemlrt:libemlrt.dll
 0001:0003f48a       emlrtTranslateMessageIDtoLCPstring 000000018004048a f   libemlrt:libemlrt.dll
 0001:0003f490       emlrtGetEnumUnderlyingArrayR2009a 0000000180040490 f   libemlrt:libemlrt.dll
 0001:0003f496       emlrtIsEnumR2009a          0000000180040496 f   libemlrt:libemlrt.dll
 0001:0003f49c       __GSHandlerCheckCommon     000000018004049c f   MSVCRT:gshandler.obj
 0001:0003f500       __GSHandlerCheck           0000000180040500 f   MSVCRT:gshandler.obj
 0001:0003f51e       strlen                     000000018004051e f   MSVCRT:MSVCR100.dll
 0001:0003f540       __security_check_cookie    0000000180040540 f   MSVCRT:amdsecgs.obj
 0001:0003f560       memset                     0000000180040560 f   MSVCRT:MSVCR100.dll
 0001:0003f566       malloc                     0000000180040566 f   MSVCRT:MSVCR100.dll
 0001:0003f56c       free                       000000018004056c f   MSVCRT:MSVCR100.dll
 0001:0003f572       strcmp                     0000000180040572 f   MSVCRT:MSVCR100.dll
 0001:0003f578       sprintf                    0000000180040578 f   MSVCRT:MSVCR100.dll
 0001:0003f57e       strcat                     000000018004057e f   MSVCRT:MSVCR100.dll
 0001:0003f584       memcpy                     0000000180040584 f   MSVCRT:MSVCR100.dll
 0001:0003f58c       NtCurrentTeb               000000018004058c f i MSVCRT:crtdll.obj
 0001:0003f5f8       _CRT_INIT                  00000001800405f8 f   MSVCRT:crtdll.obj
 0001:0003f990       _DllMainCRTStartup         0000000180040990 f   MSVCRT:crtdll.obj
 0001:0003f9ce       strncpy                    00000001800409ce f   MSVCRT:MSVCR100.dll
 0001:0003f9f0       __chkstk                   00000001800409f0 f   MSVCRT:chkstk.obj
 0001:0003f9f0       _alloca_probe              00000001800409f0     MSVCRT:chkstk.obj
 0001:0003fa3e       longjmp                    0000000180040a3e f   MSVCRT:MSVCR100.dll
 0001:0003fa44       strncmp                    0000000180040a44 f   MSVCRT:MSVCR100.dll
 0001:0003fa4a       ceil                       0000000180040a4a f   MSVCRT:MSVCR100.dll
 0001:0003fa50       strrchr                    0000000180040a50 f   MSVCRT:MSVCR100.dll
 0001:0003fa56       _setjmp                    0000000180040a56 f   MSVCRT:MSVCR100.dll
 0001:0003fa5c       calloc                     0000000180040a5c f   MSVCRT:MSVCR100.dll
 0001:0003fa62       realloc                    0000000180040a62 f   MSVCRT:MSVCR100.dll
 0001:0003fa68       ldexp                      0000000180040a68 f   MSVCRT:MSVCR100.dll
 0001:0003fa70       __report_gsfailure         0000000180040a70 f   MSVCRT:gs_report.obj
 0001:0003fbbc       __clean_type_info_names    0000000180040bbc f   MSVCRT:tncleanup.obj
 0001:0003fbc8       _onexit                    0000000180040bc8 f   MSVCRT:atonexit.obj
 0001:0003fc78       atexit                     0000000180040c78 f   MSVCRT:atonexit.obj
 0001:0003fc90       _RTC_Initialize            0000000180040c90 f   MSVCRT:_initsect_.obj
 0001:0003fcc8       _RTC_Terminate             0000000180040cc8 f   MSVCRT:_initsect_.obj
 0001:0003fd00       _malloc_crt                0000000180040d00 f   MSVCRT:MSVCR100.dll
 0001:0003fd10       _ValidateImageBase         0000000180040d10 f   MSVCRT:pesect.obj
 0001:0003fd40       _FindPESection             0000000180040d40 f   MSVCRT:pesect.obj
 0001:0003fd90       _IsNonwritableInCurrentImage 0000000180040d90 f   MSVCRT:pesect.obj
 0001:0003fdd2       _initterm                  0000000180040dd2 f   MSVCRT:MSVCR100.dll
 0001:0003fdd8       _initterm_e                0000000180040dd8 f   MSVCRT:MSVCR100.dll
 0001:0003fdde       _encoded_null              0000000180040dde f   MSVCRT:MSVCR100.dll
 0001:0003fde4       _amsg_exit                 0000000180040de4 f   MSVCRT:MSVCR100.dll
 0001:0003fdea       __C_specific_handler       0000000180040dea f   MSVCRT:MSVCR100.dll
 0001:0003fdf0       __CppXcptFilter            0000000180040df0 f   MSVCRT:MSVCR100.dll
 0001:0003fdf8       DllMain                    0000000180040df8 f   MSVCRT:dllmain.obj
 0001:0003fe1c       __security_init_cookie     0000000180040e1c f   MSVCRT:gs_support.obj
 0001:0003fed0       __crt_debugger_hook        0000000180040ed0 f   MSVCRT:MSVCR100.dll
 0001:0003fed6       __clean_type_info_names_internal 0000000180040ed6 f   MSVCRT:MSVCR100.dll
 0001:0003fedc       _unlock                    0000000180040edc f   MSVCRT:MSVCR100.dll
 0001:0003fee2       __dllonexit                0000000180040ee2 f   MSVCRT:MSVCR100.dll
 0001:0003fee8       _lock                      0000000180040ee8 f   MSVCRT:MSVCR100.dll
 0001:0003feee       EncodePointer              0000000180040eee f   kernel32:KERNEL32.dll
 0001:0003fef4       DecodePointer              0000000180040ef4 f   kernel32:KERNEL32.dll
 0001:0003fefa       Sleep                      0000000180040efa f   kernel32:KERNEL32.dll
 0001:0003ff00       TerminateProcess           0000000180040f00 f   kernel32:KERNEL32.dll
 0001:0003ff06       GetCurrentProcess          0000000180040f06 f   kernel32:KERNEL32.dll
 0001:0003ff0c       UnhandledExceptionFilter   0000000180040f0c f   kernel32:KERNEL32.dll
 0001:0003ff12       SetUnhandledExceptionFilter 0000000180040f12 f   kernel32:KERNEL32.dll
 0001:0003ff18       IsDebuggerPresent          0000000180040f18 f   kernel32:KERNEL32.dll
 0001:0003ff1e       RtlVirtualUnwind           0000000180040f1e f   kernel32:KERNEL32.dll
 0001:0003ff24       RtlLookupFunctionEntry     0000000180040f24 f   kernel32:KERNEL32.dll
 0001:0003ff2a       RtlCaptureContext          0000000180040f2a f   kernel32:KERNEL32.dll
 0001:0003ff30       DisableThreadLibraryCalls  0000000180040f30 f   kernel32:KERNEL32.dll
 0001:0003ff36       QueryPerformanceCounter    0000000180040f36 f   kernel32:KERNEL32.dll
 0001:0003ff3c       GetTickCount               0000000180040f3c f   kernel32:KERNEL32.dll
 0001:0003ff42       GetCurrentThreadId         0000000180040f42 f   kernel32:KERNEL32.dll
 0001:0003ff48       GetCurrentProcessId        0000000180040f48 f   kernel32:KERNEL32.dll
 0001:0003ff4e       GetSystemTimeAsFileTime    0000000180040f4e f   kernel32:KERNEL32.dll
 0002:00000000       __imp_GetSystemTimeAsFileTime 0000000180041000     kernel32:KERNEL32.dll
 0002:00000008       __imp_GetCurrentProcessId  0000000180041008     kernel32:KERNEL32.dll
 0002:00000010       __imp_GetCurrentThreadId   0000000180041010     kernel32:KERNEL32.dll
 0002:00000018       __imp_GetTickCount         0000000180041018     kernel32:KERNEL32.dll
 0002:00000020       __imp_QueryPerformanceCounter 0000000180041020     kernel32:KERNEL32.dll
 0002:00000028       __imp_DisableThreadLibraryCalls 0000000180041028     kernel32:KERNEL32.dll
 0002:00000030       __imp_RtlCaptureContext    0000000180041030     kernel32:KERNEL32.dll
 0002:00000038       __imp_RtlLookupFunctionEntry 0000000180041038     kernel32:KERNEL32.dll
 0002:00000040       __imp_RtlVirtualUnwind     0000000180041040     kernel32:KERNEL32.dll
 0002:00000048       __imp_IsDebuggerPresent    0000000180041048     kernel32:KERNEL32.dll
 0002:00000050       __imp_SetUnhandledExceptionFilter 0000000180041050     kernel32:KERNEL32.dll
 0002:00000058       __imp_UnhandledExceptionFilter 0000000180041058     kernel32:KERNEL32.dll
 0002:00000060       __imp_GetCurrentProcess    0000000180041060     kernel32:KERNEL32.dll
 0002:00000068       __imp_TerminateProcess     0000000180041068     kernel32:KERNEL32.dll
 0002:00000070       __imp_Sleep                0000000180041070     kernel32:KERNEL32.dll
 0002:00000078       __imp_DecodePointer        0000000180041078     kernel32:KERNEL32.dll
 0002:00000080       __imp_EncodePointer        0000000180041080     kernel32:KERNEL32.dll
 0002:00000088       \177KERNEL32_NULL_THUNK_DATA 0000000180041088     kernel32:KERNEL32.dll
 0002:00000090       __imp__onexit              0000000180041090     MSVCRT:MSVCR100.dll
 0002:00000098       __imp__lock                0000000180041098     MSVCRT:MSVCR100.dll
 0002:000000a0       __imp___dllonexit          00000001800410a0     MSVCRT:MSVCR100.dll
 0002:000000a8       __imp__unlock              00000001800410a8     MSVCRT:MSVCR100.dll
 0002:000000b0       __imp___clean_type_info_names_internal 00000001800410b0     MSVCRT:MSVCR100.dll
 0002:000000b8       __imp___crt_debugger_hook  00000001800410b8     MSVCRT:MSVCR100.dll
 0002:000000c0       __imp___CppXcptFilter      00000001800410c0     MSVCRT:MSVCR100.dll
 0002:000000c8       __imp___C_specific_handler 00000001800410c8     MSVCRT:MSVCR100.dll
 0002:000000d0       __imp__amsg_exit           00000001800410d0     MSVCRT:MSVCR100.dll
 0002:000000d8       __imp__encoded_null        00000001800410d8     MSVCRT:MSVCR100.dll
 0002:000000e0       __imp__initterm_e          00000001800410e0     MSVCRT:MSVCR100.dll
 0002:000000e8       __imp__initterm            00000001800410e8     MSVCRT:MSVCR100.dll
 0002:000000f0       __imp__malloc_crt          00000001800410f0     MSVCRT:MSVCR100.dll
 0002:000000f8       __imp_ldexp                00000001800410f8     MSVCRT:MSVCR100.dll
 0002:00000100       __imp_realloc              0000000180041100     MSVCRT:MSVCR100.dll
 0002:00000108       __imp_calloc               0000000180041108     MSVCRT:MSVCR100.dll
 0002:00000110       __imp__setjmp              0000000180041110     MSVCRT:MSVCR100.dll
 0002:00000118       __imp_strrchr              0000000180041118     MSVCRT:MSVCR100.dll
 0002:00000120       __imp_ceil                 0000000180041120     MSVCRT:MSVCR100.dll
 0002:00000128       __imp_strncmp              0000000180041128     MSVCRT:MSVCR100.dll
 0002:00000130       __imp_longjmp              0000000180041130     MSVCRT:MSVCR100.dll
 0002:00000138       __imp_strncpy              0000000180041138     MSVCRT:MSVCR100.dll
 0002:00000140       __imp_memcpy               0000000180041140     MSVCRT:MSVCR100.dll
 0002:00000148       __imp_strcat               0000000180041148     MSVCRT:MSVCR100.dll
 0002:00000150       __imp_sprintf              0000000180041150     MSVCRT:MSVCR100.dll
 0002:00000158       __imp_strcmp               0000000180041158     MSVCRT:MSVCR100.dll
 0002:00000160       __imp_free                 0000000180041160     MSVCRT:MSVCR100.dll
 0002:00000168       __imp_malloc               0000000180041168     MSVCRT:MSVCR100.dll
 0002:00000170       __imp_memset               0000000180041170     MSVCRT:MSVCR100.dll
 0002:00000178       __imp_strlen               0000000180041178     MSVCRT:MSVCR100.dll
 0002:00000180       \177MSVCR100_NULL_THUNK_DATA 0000000180041180     MSVCRT:MSVCR100.dll
 0002:00000188       __imp_emlrtIsEnumR2009a    0000000180041188     libemlrt:libemlrt.dll
 0002:00000190       __imp_emlrtGetEnumUnderlyingArrayR2009a 0000000180041190     libemlrt:libemlrt.dll
 0002:00000198       __imp_emlrtTranslateMessageIDtoLCPstring 0000000180041198     libemlrt:libemlrt.dll
 0002:000001a0       __imp_emlrtExtractMessageId 00000001800411a0     libemlrt:libemlrt.dll
 0002:000001a8       __imp_emlrtImportVsFiArrayR2009b 00000001800411a8     libemlrt:libemlrt.dll
 0002:000001b0       __imp_emlrtCreateReference 00000001800411b0     libemlrt:libemlrt.dll
 0002:000001b8       __imp_emlrtGetEnumElementR2009a 00000001800411b8     libemlrt:libemlrt.dll
 0002:000001c0       __imp_emlrtCreateEnumR2010a 00000001800411c0     libemlrt:libemlrt.dll
 0002:000001c8       __imp_emlrtCheckEnumR2009a 00000001800411c8     libemlrt:libemlrt.dll
 0002:000001d0       __imp_emlrtCheckVsBuiltInCtxR2011a 00000001800411d0     libemlrt:libemlrt.dll
 0002:000001d8       __imp_emlrtCheckBuiltInCtxR2011a 00000001800411d8     libemlrt:libemlrt.dll
 0002:000001e0       \177libemlrt_NULL_THUNK_DATA 00000001800411e0     libemlrt:libemlrt.dll
 0002:000001e8       __imp_ssRegisterDataTypeFxpFSlopeFixExpBias 00000001800411e8     libfixedpoint:libfixedpoint.dll
 0002:000001f0       \177libfixedpoint_NULL_THUNK_DATA 00000001800411f0     libfixedpoint:libfixedpoint.dll
 0002:000001f8       __imp_mexPutVariable       00000001800411f8     libmex:libmex.dll
 0002:00000200       __imp_mexGetVariable       0000000180041200     libmex:libmex.dll
 0002:00000208       __imp_mexLock              0000000180041208     libmex:libmex.dll
 0002:00000210       __imp_mexMakeMemoryPersistent 0000000180041210     libmex:libmex.dll
 0002:00000218       __imp_mexFunctionName      0000000180041218     libmex:libmex.dll
 0002:00000220       __imp_mexMakeArrayPersistent 0000000180041220     libmex:libmex.dll
 0002:00000228       __imp_mexSetTrapFlag       0000000180041228     libmex:libmex.dll
 0002:00000230       __imp_mexIsLocked          0000000180041230     libmex:libmex.dll
 0002:00000238       __imp_mexWarnMsgTxt        0000000180041238     libmex:libmex.dll
 0002:00000240       __imp_mexUnlock            0000000180041240     libmex:libmex.dll
 0002:00000248       __imp_mexCallMATLAB        0000000180041248     libmex:libmex.dll
 0002:00000250       __imp_mexErrMsgTxt         0000000180041250     libmex:libmex.dll
 0002:00000258       \177libmex_NULL_THUNK_DATA 0000000180041258     libmex:libmex.dll
 0002:00000260       __imp_muDoubleScalarSqrt   0000000180041260     libmwmathutil:libmwmathutil.dll
 0002:00000268       \177libmwmathutil_NULL_THUNK_DATA 0000000180041268     libmwmathutil:libmwmathutil.dll
 0002:00000270       __imp_mxCreateStructMatrix_730 0000000180041270     libmx:libmx.dll
 0002:00000278       __imp_mxSetField_730       0000000180041278     libmx:libmx.dll
 0002:00000280       __imp_mxCreateDoubleScalar 0000000180041280     libmx:libmx.dll
 0002:00000288       __imp_mxCreateDoubleMatrix_730 0000000180041288     libmx:libmx.dll
 0002:00000290       __imp_mxDestroyArray       0000000180041290     libmx:libmx.dll
 0002:00000298       __imp_mxCreateLogicalScalar 0000000180041298     libmx:libmx.dll
 0002:000002a0       __imp_mxIsLogicalScalarTrue 00000001800412a0     libmx:libmx.dll
 0002:000002a8       __imp_mxGetString_700      00000001800412a8     libmx:libmx.dll
 0002:000002b0       __imp_mxCreateStringFromNChars_700 00000001800412b0     libmx:libmx.dll
 0002:000002b8       __imp_mxGetElementSize     00000001800412b8     libmx:libmx.dll
 0002:000002c0       __imp_mxCreateNumericArray_700 00000001800412c0     libmx:libmx.dll
 0002:000002c8       __imp_mxGetNumberOfDimensions_700 00000001800412c8     libmx:libmx.dll
 0002:000002d0       __imp_mxGetDimensions_700  00000001800412d0     libmx:libmx.dll
 0002:000002d8       __imp_mxCalcSingleSubscript_700 00000001800412d8     libmx:libmx.dll
 0002:000002e0       __imp_mxCreateStructArray_700 00000001800412e0     libmx:libmx.dll
 0002:000002e8       __imp_mxCreateNumericMatrix_700 00000001800412e8     libmx:libmx.dll
 0002:000002f0       __imp_mxArrayClassIDName   00000001800412f0     libmx:libmx.dll
 0002:000002f8       __imp_mxGetImagData        00000001800412f8     libmx:libmx.dll
 0002:00000300       __imp_mxGetData            0000000180041300     libmx:libmx.dll
 0002:00000308       __imp_mxIsEmpty            0000000180041308     libmx:libmx.dll
 0002:00000310       __imp_mxIsNaN              0000000180041310     libmx:libmx.dll
 0002:00000318       __imp_mxGetFieldNumber     0000000180041318     libmx:libmx.dll
 0002:00000320       __imp_mxCreateStructMatrix_700 0000000180041320     libmx:libmx.dll
 0002:00000328       __imp_mxGetNumberOfFields  0000000180041328     libmx:libmx.dll
 0002:00000330       __imp_mxGetFieldNameByNumber 0000000180041330     libmx:libmx.dll
[...]
 0001:000176f0       _ml_generic_castability_check 00000001800186f0 f   sfc_mex:sfc_mex.obj
 0001:00018450       ml_generic_castability_check 0000000180019450 f   sfc_mex:sfc_mex.obj
 0001:000184f0       ml_check_mx_array_for_single_castability 00000001800194f0 f   sfc_mex:sfc_mex.obj
 0001:00018590       ml_check_mx_array_for_logical_castability 0000000180019590 f   sfc_mex:sfc_mex.obj
 0001:00018630       ml_check_mx_array_for_int8_castability 0000000180019630 f   sfc_mex:sfc_mex.obj
 0001:000186e0       ml_check_mx_array_for_uint8_castability 00000001800196e0 f   sfc_mex:sfc_mex.obj
 0001:00018740       ml_check_mx_array_for_int16_castability 0000000180019740 f   sfc_mex:sfc_mex.obj
 0001:000187a0       ml_check_mx_array_for_uint16_castability 00000001800197a0 f   sfc_mex:sfc_mex.obj
 0001:00018800       ml_check_mx_array_for_int32_castability 0000000180019800 f   sfc_mex:sfc_mex.obj
 0001:00018860       ml_check_mx_array_for_uint32_castability 0000000180019860 f   sfc_mex:sfc_mex.obj
 0001:000188c0       ml_check_mx_array_for_castability 00000001800198c0 f   sfc_mex:sfc_mex.obj
 0001:000191f0       set_data_value             000000018001a1f0 f   sfc_mex:sfc_mex.obj
 0001:00019560       get_data_value             000000018001a560 f   sfc_mex:sfc_mex.obj
 0001:00019670       get_next_element_address   000000018001a670 f   sfc_mex:sfc_mex.obj
 0001:00019740       sf_normalize_index         000000018001a740 f   sfc_mex:sfc_mex.obj
 0001:00019ad0       ml_array_index_bound_check 000000018001aad0 f   sfc_mex:sfc_mex.obj
 0001:0001a5f0       mx_value                   000000018001b5f0 f   sfc_mex:sfc_mex.obj
 0001:0001a640       sf_create_numeric_array    000000018001b640 f   sfc_mex:sfc_mex.obj
 0001:0001a6e0       sf_mex_assign_to_mx_array  000000018001b6e0 f   sfc_mex:sfc_mex.obj
 0001:0001aa30       assign_from_mx_array       000000018001ba30 f   sfc_mex:sfc_mex.obj
 0001:0001b260       sf_mex_import_v            000000018001c260 f   sfc_mex:sfc_mex.obj
 0001:0001b830       get_machine_and_chart_file_number 000000018001c830 f   sfc_mex:sfc_sf.obj
 0001:0001b920       get_sfun_block_specialization 000000018001c920 f   sfc_mex:sfc_sf.obj
 0001:0001b9a0       call_sf_machine_global_method_dispatcher 000000018001c9a0 f   sfc_mex:sfc_sf.obj
 0001:0001bbd0       mdl_zeroCrossings_processing 000000018001cbd0 f   sfc_mex:sfc_sf.obj
 0001:0001bca0       mdl_derivatives_processing 000000018001cca0 f   sfc_mex:sfc_sf.obj
 0001:0001bf60       mdl_outputs_continuous_legacy 000000018001cf60 f   sfc_mex:sfc_sf.obj
 0001:0001bfe0       mdl_outputs_processing     000000018001cfe0 f   sfc_mex:sfc_sf.obj
 0001:0001c210       mdl_enable_processing      000000018001d210 f   sfc_mex:sfc_sf.obj
 0001:0001c2e0       mdl_disable_processing     000000018001d2e0 f   sfc_mex:sfc_sf.obj
 0001:0001cc30       write_symbol_mapping       000000018001dc30 f   sfc_mex:sfc_sf.obj
 0001:0001d350       sf_call_output_fcn_enable_disable 000000018001e350 f   sfc_mex:sfc_sf.obj
 0001:0001d5d0       set_dwork_information_from_mx_array 000000018001e5d0 f   sfc_mex:sfc_sf.obj
 0001:0001dec0       ptr2mxStruct               000000018001eec0 f   sfc_mex:sfc_sf.obj
 0001:0001e1d0       SNPRINTF_WRAPPER           000000018001f1d0 f   sfc_debug:sfcdebug.obj
 0001:0001e1f0       sf_debug_chart_instance_initialized_quick 000000018001f1f0 f   sfc_debug:sfcdebug.obj
 0001:0001e200       sf_debug_chart_instance_initialized 000000018001f200 f   sfc_debug:sfcdebug.obj
 0001:0001e3a0       sfrtAddSize                000000018001f3a0 f   sfc_debug:sfcdebug.obj
 0001:0001e460       sfrtGenSizeString          000000018001f460 f   sfc_debug:sfcdebug.obj
 0001:0001eb70       sf_debug_sim_status_listener 000000018001fb70 f   sfc_debug:sfcdebug.obj
 0001:0001f0e0       sf_debug_form_mask_bits    00000001800200e0 f   sfc_debug:sfcdebug.obj
 0001:0001f120       sf_debug_form_sf_data_type_offsets 0000000180020120 f   sfc_debug:sfcdebug.obj
 0001:0001f1e0       sf_debug_free_all          00000001800201e0 f   sfc_debug:sfcdebug.obj
 0001:0001f360       sf_debug_append_debugger_context 0000000180020360 f   sfc_debug:sfcdebug.obj
 0001:0001f620       local_strdup               0000000180020620 f   sfc_debug:sfcdebug.obj
 0001:00020500       sf_debug_em_terminate      0000000180021500 f   sfc_debug:sfcdebug.obj
 0001:00020540       sf_debug_push_eml_function 0000000180021540 f   sfc_debug:sfcdebug.obj
 0001:000205e0       sf_debug_pop_eml_function  00000001800215e0 f   sfc_debug:sfcdebug.obj
 0001:000212e0       sf_debug_get_machine_number_from_id_or_name 00000001800222e0 f   sfc_debug:sfcdebug.obj
 0001:00021430       sf_debug_get_chart_number_from_id 0000000180022430 f   sfc_debug:sfcdebug.obj
 0001:000220a0       sf_debug_transfer_control_to_debugger_GUI 00000001800230a0 f   sfc_debug:sfcdebug.obj
 0001:00023040       sf_debug_scripts_rehash    0000000180024040 f   sfc_debug:sfcdebug.obj
 0001:00023280       sf_debug_get_script_line_count 0000000180024280 f   sfc_debug:sfcdebug.obj
 0001:00023990       cv_eml_state_cvId          0000000180024990 f   sfc_debug:sfcdebug.obj
 0001:00024bb0       sf_debug_data_array_bounds_error 0000000180025bb0 f   sfc_debug:sfcdebug.obj
 0001:00024fe0       eml_debug_runtime_error_doclink 0000000180025fe0 f   sfc_debug:sfcdebug.obj
 0001:00025160       sf_debug_runtime_error     0000000180026160 f   sfc_debug:sfcdebug.obj
 0001:000251d0       sf_debug_matlab_error      00000001800261d0 f   sfc_debug:sfcdebug.obj
 0001:00025a80       sf_debug_data_value_error  0000000180026a80 f   sfc_debug:sfcdebug.obj
 0001:00026380       sf_debug_data_loss_error   0000000180027380 f   sfc_debug:sfcdebug.obj
 0001:00026fe0       call_cv_range_check        0000000180027fe0 f   sfc_debug:sfcdebug.obj
 0001:000277b0       sf_debug_invoke_cycle_detection_code 00000001800287b0 f   sfc_debug:sfcdebug.obj
 0001:00028620       sf_reset_debug_info_struct 0000000180029620 f   sfc_debug:sfcdebug.obj
 0001:00028f10       cv_script_cvId             0000000180029f10 f   sfc_debug:sfcdebug.obj
 0001:00029d00       sfc_api_chart_visible      000000018002ad00 f   sfc_debug:sfc_api.obj
 0001:00029d80       sfc_api_active_instance    000000018002ad80 f   sfc_debug:sfc_api.obj
 0001:00029e00       sfc_api_machine_load       000000018002ae00 f   sfc_debug:sfc_api.obj
 0001:00029ed0       sfc_api_debugger_alive     000000018002aed0 f   sfc_debug:sfc_api.obj
 0001:00029ee0       sfc_api_go                 000000018002aee0 f   sfc_debug:sfc_api.obj
 0001:00029ef0       sfc_api_step_over          000000018002aef0 f   sfc_debug:sfc_api.obj
 0001:00029f00       sfc_api_step_out           000000018002af00 f   sfc_debug:sfc_api.obj
 0001:00029f10       sfc_api_resume             000000018002af10 f   sfc_debug:sfc_api.obj
 0001:00029f20       sfc_api_break              000000018002af20 f   sfc_debug:sfc_api.obj
 0001:00029f30       sfc_api_stop_debugging     000000018002af30 f   sfc_debug:sfc_api.obj
 0001:00029f80       sfc_api_is_cycle_detected  000000018002af80 f   sfc_debug:sfc_api.obj
 0001:00029fd0       sfc_api_is_array_bounds_detected 000000018002afd0 f   sfc_debug:sfc_api.obj
 0001:0002a020       sfc_api_set_disable_all_breakpoints 000000018002b020 f   sfc_debug:sfc_api.obj
 0001:0002a090       sfc_api_disable_all_breakpoints_and_go 000000018002b090 f   sfc_debug:sfc_api.obj
 0001:0002a0a0       sfc_api_close              000000018002b0a0 f   sfc_debug:sfc_api.obj
 0001:0002a0b0       sfc_api_browse_data        000000018002b0b0 f   sfc_debug:sfc_api.obj
 0001:0002a120       sfc_api_watch_data         000000018002b120 f   sfc_debug:sfc_api.obj
 0001:0002a1c0       sfc_api_assign_data        000000018002b1c0 f   sfc_debug:sfc_api.obj
 0001:0002a260       sfc_api_whos               000000018002b260 f   sfc_debug:sfc_api.obj
 0001:0002a2f0       sfc_api_get_consistency_info 000000018002b2f0 f   sfc_debug:sfc_api.obj
 0001:0002a300       sfc_api_browse_trace       000000018002b300 f   sfc_debug:sfc_api.obj
 0001:0002a310       sfc_api_break_on_chart_entry 000000018002b310 f   sfc_debug:sfc_api.obj
 0001:0002a330       sfc_api_break_on_event_broadcast 000000018002b330 f   sfc_debug:sfc_api.obj
 0001:0002a350       sfc_api_break_on_state_entry 000000018002b350 f   sfc_debug:sfc_api.obj
 0001:0002a370       sfc_api_set_watch          000000018002b370 f   sfc_debug:sfc_api.obj
 0001:0002a410       sfc_api_set_breakpoints    000000018002b410 f   sfc_debug:sfc_api.obj
 0001:0002a4b0       sfc_api_set_eml_breakpoints 000000018002b4b0 f   sfc_debug:sfc_api.obj
 0001:0002a530       sfc_api_set_script_breakpoints 000000018002b530 f   sfc_debug:sfc_api.obj
 0001:0002a580       sfc_api_add_script_breakpoints 000000018002b580 f   sfc_debug:sfc_api.obj
 0001:0002a5d0       sfc_api_clear_script_breakpoints 000000018002b5d0 f   sfc_debug:sfc_api.obj
 0001:0002a620       sfc_api_query_script_breakpoints 000000018002b620 f   sfc_debug:sfc_api.obj
 0001:0002a680       sfc_api_get_script_id      000000018002b680 f   sfc_debug:sfc_api.obj
 0001:0002a740       sfc_api_get_active_states  000000018002b740 f   sfc_debug:sfc_api.obj
 0001:0002a7c0       sfc_api_break_between_times 000000018002b7c0 f   sfc_debug:sfc_api.obj
 0001:0002a820       sfc_api_get_instance_handle 000000018002b820 f   sfc_debug:sfc_api.obj
 0001:0002a8d0       sfc_api_get_coverage       000000018002b8d0 f   sfc_debug:sfc_api.obj
 0001:0002a950       sfc_api_set_animation      000000018002b950 f   sfc_debug:sfc_api.obj
 0001:0002a9a0       sfc_api_select_chart       000000018002b9a0 f   sfc_debug:sfc_api.obj
 0001:0002aa00       sfc_api_select_charts      000000018002ba00 f   sfc_debug:sfc_api.obj
 0001:0002aa30       sfc_api_cycle_detection_check 000000018002ba30 f   sfc_debug:sfc_api.obj
 0001:0002aa80       sfc_api_data_range_check   000000018002ba80 f   sfc_debug:sfc_api.obj
 0001:0002aad0       sfc_api_transition_conflict_check 000000018002bad0 f   sfc_debug:sfc_api.obj
 0001:0002ab20       sfc_api_state_consistency_check 000000018002bb20 f   sfc_debug:sfc_api.obj
 0001:0002ab70       sfc_api_set_instance_cv_ids 000000018002bb70 f   sfc_debug:sfc_api.obj
 0001:0002ac80       sfc_api_set_script_cv_ids  000000018002bc80 f   sfc_debug:sfc_api.obj
 0001:0002ad20       sfc_api_get_current_machine_id 000000018002bd20 f   sfc_debug:sfc_api.obj
 0001:0002ad50       sfc_api_get_current_machine_number 000000018002bd50 f   sfc_debug:sfc_api.obj
 0001:0002ad80       sfc_api_get_current_chart_number 000000018002bd80 f   sfc_debug:sfc_api.obj
 0001:0002adb0       sfc_api_get_current_instance_number 000000018002bdb0 f   sfc_debug:sfc_api.obj
 0001:0002ade0       sfc_api_get_current_instance_handle 000000018002bde0 f   sfc_debug:sfc_api.obj
 0001:0002ae00       sfc_api_get_current_is_minor_time_step 000000018002be00 f   sfc_debug:sfc_api.obj
 0001:0002ae30       sfc_api_get_current_machine_name 000000018002be30 f   sfc_debug:sfc_api.obj
 0001:0002ae50       sfc_api_get_current_chart_id 000000018002be50 f   sfc_debug:sfc_api.obj
 0001:0002ae80       sfc_api_get_current_object_type 000000018002be80 f   sfc_debug:sfc_api.obj
 0001:0002aeb0       sfc_api_get_current_event_type 000000018002beb0 f   sfc_debug:sfc_api.obj
 0001:0002aee0       sfc_api_get_current_object_id 000000018002bee0 f   sfc_debug:sfc_api.obj
 0001:0002af10       sfc_get_current_active_event_type 000000018002bf10 f   sfc_debug:sfc_api.obj
 0001:0002af40       sfc_api_get_current_active_event_id 000000018002bf40 f   sfc_debug:sfc_api.obj
 0001:0002af70       sfc_api_get_current_simulation_time 000000018002bf70 f   sfc_debug:sfc_api.obj
 0001:0002af90       sfc_get_current_tag_type   000000018002bf90 f   sfc_debug:sfc_api.obj
 0001:0002afc0       sfc_get_current_coverage_percentage 000000018002bfc0 f   sfc_debug:sfc_api.obj
 0001:0002afe0       sfc_get_current_statement_context 000000018002bfe0 f   sfc_debug:sfc_api.obj
 0001:0002b000       sfc_get_current_optional_integer 000000018002c000 f   sfc_debug:sfc_api.obj
 0001:0002b030       sfc_get_current_statement_info 000000018002c030 f   sfc_debug:sfc_api.obj
 0001:0002b0d0       sfc_api_get                000000018002c0d0 f   sfc_debug:sfc_api.obj
 0001:0002b230       sf_debug_sm_is_using_unified_editors 000000018002c230 f   sfc_debug:sfdb_animation.obj
 0001:0002b2d0       sf_debug_sm_is_chart_visible_in_unified_editors 000000018002c2d0 f   sfc_debug:sfdb_animation.obj
 0001:0002b390       sf_debug_sm_check_if_chart_is_visible 000000018002c390 f   sfc_debug:sfdb_animation.obj
 0001:0002be90       sf_debug_sm_fill_state_activity_data 000000018002ce90 f   sfc_debug:sfdb_animation.obj
 0001:0002e480       sf_debug_hm_get_simulink_handle 000000018002f480 f   sfc_debug:sfdb_handle_management.obj
 0001:0002efd0       sf_debug_hm_initialize_globals 000000018002ffd0 f   sfc_debug:sfdb_handle_management.obj
 0001:0002f0d0       sf_debug_hm_get_machine_debug_flag 00000001800300d0 f   sfc_debug:sfdb_handle_management.obj
 0001:0002f240       sf_debug_hm_get_machine_id 0000000180030240 f   sfc_debug:sfdb_handle_management.obj
 0001:0002f360       sf_debug_hm_get_chart_id   0000000180030360 f   sfc_debug:sfdb_handle_management.obj
 0001:0002f500       sf_debug_hm_register_executing_SFunction 0000000180030500 f   sfc_debug:sfdb_handle_management.obj
 0001:0002f6a0       sf_debug_hm_get_chart_active_instance 00000001800306a0 f   sfc_debug:sfdb_handle_management.obj
 0001:0002f810       sf_debug_hm_get_chart_visibility 0000000180030810 f   sfc_debug:sfdb_handle_management.obj
 0001:0002f960       sf_debug_hm_form_object_boolean_properties 0000000180030960 f   sfc_debug:sfdb_handle_management.obj
 0001:0002fc30       sf_debug_hm_form_object_properties 0000000180030c30 f   sfc_debug:sfdb_handle_management.obj
 0001:0002fe70       sf_debug_hm_terminate_charts 0000000180030e70 f   sfc_debug:sfdb_handle_management.obj
 0001:000305e0       sf_debug_hm_terminate_machines 00000001800315e0 f   sfc_debug:sfdb_handle_management.obj
 0001:00031f00       void_ptr_stack_vector_free_total 0000000180032f00 f   sfc_debug:sfdb_data_browse.obj
 0001:00031f90       sf_debug_st_terminate_machine 0000000180032f90 f   sfc_debug:sfdb_data_browse.obj
 0001:00031fd0       sf_debug_st_terminate_instance 0000000180032fd0 f   sfc_debug:sfdb_data_browse.obj
 0001:00032380       push_on_to_void_ptr_stack  0000000180033380 f   sfc_debug:sfdb_data_browse.obj
 0001:00032510       pop_from_void_ptr_stack    0000000180033510 f   sfc_debug:sfdb_data_browse.obj
 0001:00032640       sf_debug_st_get_data_value 0000000180033640 f   sfc_debug:sfdb_data_browse.obj
 0001:00032bd0       mx_value                   0000000180033bd0 f   sfc_debug:sfdb_data_browse.obj
 0001:00032c10       sf_debug_st_fill_data_struct 0000000180033c10 f   sfc_debug:sfdb_data_browse.obj
 0001:00032f50       data_type_format_strings   0000000180033f50 f   sfc_debug:sfdb_data_browse.obj
 0001:00033000       sf_debug_st_fill_data      0000000180034000 f   sfc_debug:sfdb_data_browse.obj
 0001:00034240       sf_debug_ss_copy_dimension 0000000180035240 f   sfc_debug:sfdb_symbol_scope.obj
 0001:00034300       sf_debug_ss_get_number_elements 0000000180035300 f   sfc_debug:sfdb_symbol_scope.obj
 0001:00034320       sf_debug_ss_fill_data_struct 0000000180035320 f   sfc_debug:sfdb_symbol_scope.obj
 0001:00034670       sf_debug_ss_reset_data_info 0000000180035670 f   sfc_debug:sfdb_symbol_scope.obj
 0001:000346d0       sf_debug_fill_data_info_by_symbol_scope_entry 00000001800356d0 f   sfc_debug:sfdb_symbol_scope.obj
 0001:00034790       sf_debug_fill_data_info_by_data_vector 0000000180035790 f   sfc_debug:sfdb_symbol_scope.obj
 0001:000349e0       sf_debug_ss_get_data_info  00000001800359e0 f   sfc_debug:sfdb_symbol_scope.obj
 0001:00034cd0       sf_debug_select_mex_function 0000000180035cd0 f   sfc_debug:sfdb_symbol_scope.obj
 0001:00034d00       sf_debug_is_dyn_matrix_initialized 0000000180035d00 f   sfc_debug:sfdb_symbol_scope.obj
 0001:00034d20       sf_debug_ss_set_data_value_try 0000000180035d20 f   sfc_debug:sfdb_symbol_scope.obj
 0001:00034ef0       sf_debug_ss_get_data_value 0000000180035ef0 f   sfc_debug:sfdb_symbol_scope.obj
 0001:00035440       sf_debug_ss_data_bytes_string 0000000180036440 f   sfc_debug:sfdb_symbol_scope.obj
 0001:000354f0       sf_debug_ss_data_class_string 00000001800364f0 f   sfc_debug:sfdb_symbol_scope.obj
 0001:00035880       sf_debug_ss_data_size_string 0000000180036880 f   sfc_debug:sfdb_symbol_scope.obj
 0001:00035960       sf_debug_ss_data_create_data_info_struct 0000000180036960 f   sfc_debug:sfdb_symbol_scope.obj
 0001:00035c30       sf_debug_ss_data_create_name_value_pair 0000000180036c30 f   sfc_debug:sfdb_symbol_scope.obj
 0001:00035cd0       sf_debug_ss_data_get_whos_info 0000000180036cd0 f   sfc_debug:sfdb_symbol_scope.obj
 0001:00035ce0       same_named_data_in_data_array 0000000180036ce0 f   sfc_debug:sfdb_symbol_scope.obj
 0001:00037550       sf_debug_cc_terminate_chart 0000000180038550 f   sfc_debug:sfdb_coverage.obj
 0001:000378f0       sf_debug_cc_terminate_instance 00000001800388f0 f   sfc_debug:sfdb_coverage.obj
 0001:000384e0       sf_debug_cc_mark_object_if_needed 00000001800394e0 f   sfc_debug:sfdb_coverage.obj
 0001:000388a0       sf_debug_cc_fill_transition_coverage_data 00000001800398a0 f   sfc_debug:sfdb_coverage.obj
 0001:00038a30       sf_debug_cc_fill_transition_coverage_map 0000000180039a30 f   sfc_debug:sfdb_coverage.obj
 0001:00038ce0       sf_debug_cc_fill_state_coverage_map 0000000180039ce0 f   sfc_debug:sfdb_coverage.obj
 0001:00038f30       sf_debug_cc_fill_state_coverage_data 0000000180039f30 f   sfc_debug:sfdb_coverage.obj
 0001:00039b70       sf_debug_bm_initialize_eml 000000018003ab70 f   sfc_debug:sfdb_breakpoints.obj
 0001:0003ace0       sf_debug_bm_map_debug_tag_to_breakpoint_tag 000000018003bce0 f   sfc_debug:sfdb_breakpoints.obj
 0001:0003adc0       sf_debug_bm_is_a_eml_breakpoint_impl 000000018003bdc0 f   sfc_debug:sfdb_breakpoints.obj
 0001:0003c840       sf_debug_sc_push_on_error_stack 000000018003d840 f   sfc_debug:sfdb_state_consistency.obj
 0001:0003c970       sf_debug_sc_reset_error_stack 000000018003d970 f   sfc_debug:sfdb_state_consistency.obj
 0001:0003cb00       sf_debug_sc_is_state_inconsistent 000000018003db00 f   sfc_debug:sfdb_state_consistency.obj
 0001:0003ce00       sf_debug_sc_fill_consistency_info 000000018003de00 f   sfc_debug:sfdb_state_consistency.obj
 0001:0003d3e0       void_assertion_fcn         000000018003e3e0 f   sfc_debug:sfdb_call_stack.obj
 0001:0003d960       sf_debug_tm_fill_local_trace 000000018003e960 f   sfc_debug:sfdb_call_stack.obj
 0001:0003df30       sf_debug_cd_terminate_instance 000000018003ef30 f   sfc_debug:sfdb_cycle_detection.obj
 0001:0003df90       sf_debug_cd_free_checksum_stack 000000018003ef90 f   sfc_debug:sfdb_cycle_detection.obj
 0001:0003dfe0       sf_debug_cd_reset_pack_strings 000000018003efe0 f   sfc_debug:sfdb_cycle_detection.obj
 0001:0003e6a0       md5file_clear              000000018003f6a0 f   sfc_debug:ckmd5.obj
 0001:0003e6d0       Encode                     000000018003f6d0 f   sfc_debug:ckmd5.obj
 0001:0003e720       Decode                     000000018003f720 f   sfc_debug:ckmd5.obj
 0001:0003e7c0       MD5Transform               000000018003f7c0 f   sfc_debug:ckmd5.obj
 0001:0003f010       md5file_addn               0000000180040010 f   sfc_debug:ckmd5.obj
 0001:0003f0e0       md5file_hash               00000001800400e0 f   sfc_debug:ckmd5.obj
 0001:0003f598       pre_c_init                 0000000180040598 f   MSVCRT:crtdll.obj
 0001:0003f854       __DllMainCRTStartup        0000000180040854 f   MSVCRT:crtdll.obj
 0001:0003ff60       __DllMainCRTStartup$filt$0 0000000180040f60 f   MSVCRT:crtdll.obj
 0001:0003ff90       __DllMainCRTStartup$fin$1  0000000180040f90 f   MSVCRT:crtdll.obj
 0001:0003ffaa       _onexit$fin$0              0000000180040faa f   MSVCRT:atonexit.obj
 0001:0003ffd0       _IsNonwritableInCurrentImage$filt$0 0000000180040fd0 f   MSVCRT:pesect.obj
