 nlinear_model_sfun

 Timestamp is 54401e2a (Thu Oct 16 16:36:10 2014)

 Preferred load address is 0000000180000000

 Start         Length     Name                   Class
 0001:00000000 0003fc94H .text                   CODE
 0001:0003fca0 00000092H .text$x                 CODE
 0002:00000000 00000458H .idata$5                DATA
 0002:00000458 00000008H .CRT$XCA                DATA
 0002:00000460 00000008H .CRT$XCZ                DATA
 0002:00000468 00000008H .CRT$XIA                DATA
 0002:00000470 00000008H .CRT$XIAA               DATA
 0002:00000478 00000008H .CRT$XIZ                DATA
 0002:00000480 00004b0cH .rdata                  DATA
 0002:00004f90 00000008H .rtc$IAA                DATA
 0002:00004f98 00000008H .rtc$IZZ                DATA
 0002:00004fa0 00000008H .rtc$TAA                DATA
 0002:00004fa8 00000008H .rtc$TZZ                DATA
 0002:00004fb0 0000420cH .xdata                  DATA
 0002:000091bc 000000a0H .idata$2                DATA
 0002:0000925c 00000014H .idata$3                DATA
 0002:00009270 00000458H .idata$4                DATA
 0002:000096c8 000009eaH .idata$6                DATA
 0002:0000a0c0 00000058H .edata                  DATA
 0003:00000000 00002fe8H .data                   DATA
 0003:00003000 00002678H .bss                    DATA
 0004:00000000 00003294H .pdata                  DATA

  Address         Publics by Value              Rva+Base               Lib:Object

 0000:00000000       ___safe_se_handler_count   0000000000000000     <absolute>
 0000:00000000       ___safe_se_handler_table   0000000000000000     <absolute>
 0000:00000000       __ImageBase                0000000180000000     <linker-defined>
 0001:00000000       sf_c1_nlinear_model_get_eml_resolved_functions_info 0000000180001000 f   c1_nlinear_model.obj
 0001:00000d90       sf_c1_nlinear_model_get_check_sum 0000000180001d90 f   c1_nlinear_model.obj
 0001:00000e10       sf_c1_nlinear_model_get_autoinheritance_info 0000000180001e10 f   c1_nlinear_model.obj
 0001:000017b0       sf_internal_get_sim_state_c1_nlinear_model 00000001800027b0 f   c1_nlinear_model.obj
 0001:00001b50       sf_internal_set_sim_state_c1_nlinear_model 0000000180002b50 f   c1_nlinear_model.obj
 0001:00002010       c1_nlinear_model_method_dispatcher 0000000180003010 f   c1_nlinear_model.obj
 0001:00007340       sf_c2_nlinear_model_get_eml_resolved_functions_info 0000000180008340 f   c2_nlinear_model.obj
 0001:00007b60       sf_c2_nlinear_model_get_check_sum 0000000180008b60 f   c2_nlinear_model.obj
 0001:00007be0       sf_c2_nlinear_model_get_autoinheritance_info 0000000180008be0 f   c2_nlinear_model.obj
 0001:00008580       sf_internal_get_sim_state_c2_nlinear_model 0000000180009580 f   c2_nlinear_model.obj
 0001:00008920       sf_internal_set_sim_state_c2_nlinear_model 0000000180009920 f   c2_nlinear_model.obj
 0001:00008de0       c2_nlinear_model_method_dispatcher 0000000180009de0 f   c2_nlinear_model.obj
 0001:0000d830       sf_process_check_sum_call  000000018000e830 f   nlinear_model_sfun_registry.obj
 0001:0000d880       sf_process_autoinheritance_call 000000018000e880 f   nlinear_model_sfun_registry.obj
 0001:0000da00       sf_process_get_eml_resolved_functions_info_call 000000018000ea00 f   nlinear_model_sfun_registry.obj
 0001:0000db80       sf_mex_unlock_call         000000018000eb80 f   nlinear_model_sfun_registry.obj
 0001:0000dc30       sf_machine_global_initializer_called 000000018000ec30 f   nlinear_model_sfun_registry.obj
 0001:0000dc60       sf_machine_global_method_dispatcher 000000018000ec60 f   nlinear_model_sfun_registry.obj
 0001:0000dcc0       sf_machine_global_terminator 000000018000ecc0 f   nlinear_model_sfun_registry.obj
 0001:0000dd00       sf_register_machine_exported_symbols 000000018000ed00 f   nlinear_model_sfun_registry.obj
 0001:0000dd20       callCustomFcn              000000018000ed20 f   nlinear_model_sfun_registry.obj
 0001:0000dd30       sf_machine_global_initializer 000000018000ed30 f   nlinear_model_sfun_registry.obj
 0001:0000dda0       _ssSetStateAbsTol          000000018000eda0 f   nlinear_model_sfun_registry.obj
 0001:0000de80       _ssGetAbsTol               000000018000ee80 f   nlinear_model_sfun_registry.obj
 0001:0000def0       _ssSetInputPortMatrixDimensions 000000018000eef0 f   nlinear_model_sfun_registry.obj
 0001:0000e000       _ssSetOutputPortMatrixDimensions 000000018000f000 f   nlinear_model_sfun_registry.obj
 0001:0000e110       _ssSetInputPortVectorDimension 000000018000f110 f   nlinear_model_sfun_registry.obj
 0001:0000e1e0       _ssSetOutputPortVectorDimension 000000018000f1e0 f   nlinear_model_sfun_registry.obj
 0001:0000e2b0       ssIsRunTimeParamTunable    000000018000f2b0 f   nlinear_model_sfun_registry.obj
 0001:0000e320       ssGetSFuncBlockHandle      000000018000f320 f   nlinear_model_sfun_registry.obj
 0001:0000e390       _ssGetCurrentInputPortWidth 000000018000f390 f   nlinear_model_sfun_registry.obj
 0001:0000e4b0       _ssGetCurrentOutputPortWidth 000000018000f4b0 f   nlinear_model_sfun_registry.obj
 0001:0000e5d0       _ssGetCallSystemNumFcnCallDestinations 000000018000f5d0 f   nlinear_model_sfun_registry.obj
 0001:0000e640       ssWarning                  000000018000f640 f   nlinear_model_sfun_registry.obj
 0001:0000e750       ssGetIsZeroCrossControlDisabled 000000018000f750 f   nlinear_model_sfun_registry.obj
 0001:0000e7c0       ssSetIsInputPortUsedForContZcSignal 000000018000f7c0 f   nlinear_model_sfun_registry.obj
 0001:0000e830       ssSetZcSignalIsZcElementDisc 000000018000f830 f   nlinear_model_sfun_registry.obj
 0001:0000e8e0       ssSetZcSignalName          000000018000f8e0 f   nlinear_model_sfun_registry.obj
 0001:0000e950       ssSetZcSignalWidth         000000018000f950 f   nlinear_model_sfun_registry.obj
 0001:0000e9c0       ssSetZcSignalZcEventType   000000018000f9c0 f   nlinear_model_sfun_registry.obj
 0001:0000ea30       ssSetZcSignalType          000000018000fa30 f   nlinear_model_sfun_registry.obj
 0001:0000eaa0       ssSetZcSignalZcTol         000000018000faa0 f   nlinear_model_sfun_registry.obj
 0001:0000eb10       ssSetZcSignalNeedsEventNotification 000000018000fb10 f   nlinear_model_sfun_registry.obj
 0001:0000eb80       ssCreateAndAddZcSignalInfo 000000018000fb80 f   nlinear_model_sfun_registry.obj
 0001:0000ebf0       ssCloneAndAddZcSignalInfo  000000018000fbf0 f   nlinear_model_sfun_registry.obj
 0001:0000ec60       ssGetNumZcSignals          000000018000fc60 f   nlinear_model_sfun_registry.obj
 0001:0000ecd0       ssGetZcSignalVector        000000018000fcd0 f   nlinear_model_sfun_registry.obj
 0001:0000ed40       ssGetZcSignalZcEvents      000000018000fd40 f   nlinear_model_sfun_registry.obj
 0001:0000edb0       ssGetZcSignalName          000000018000fdb0 f   nlinear_model_sfun_registry.obj
 0001:0000ee20       ssGetZcSignalWidth         000000018000fe20 f   nlinear_model_sfun_registry.obj
 0001:0000ee90       ssGetZcSignalZcEventType   000000018000fe90 f   nlinear_model_sfun_registry.obj
 0001:0000ef00       ssGetZcSignalType          000000018000ff00 f   nlinear_model_sfun_registry.obj
 0001:0000ef70       ssGetZcSignalZcTol         000000018000ff70 f   nlinear_model_sfun_registry.obj
 0001:0000eff0       ssGetZcSignalNeedsEventNotification 000000018000fff0 f   nlinear_model_sfun_registry.obj
 0001:0000f060       ssGetZcSignalIsZcElementDisc 0000000180010060 f   nlinear_model_sfun_registry.obj
 0001:0000f100       ssGetIsInputPortElementContinuous 0000000180010100 f   nlinear_model_sfun_registry.obj
 0001:0000f1a0       _ssGetInputPortSignalPtrsFcn 00000001800101a0 f   nlinear_model_sfun_registry.obj
 0001:0000f460       _ssGetInputPortSignalFcn   0000000180010460 f   nlinear_model_sfun_registry.obj
 0001:0000f680       _ssSetInputPortDirectFeedThroughFcn 0000000180010680 f   nlinear_model_sfun_registry.obj
 0001:0000f7e0       _ssSetInputPortReusableFcn 00000001800107e0 f   nlinear_model_sfun_registry.obj
 0001:0000f8d0       _ssSetOutputPortReusableFcn 00000001800108d0 f   nlinear_model_sfun_registry.obj
 0001:0000f9b0       ssGetDTypeIdFromMxArray    00000001800109b0 f   nlinear_model_sfun_registry.obj
 0001:0000fad0       ssWriteRTWStr              0000000180010ad0 f   nlinear_model_sfun_registry.obj
 0001:0000fb30       ssWriteRTWMxVectParam      0000000180010b30 f   nlinear_model_sfun_registry.obj
 0001:0000fb90       ssWriteRTWMx2dMatParam     0000000180010b90 f   nlinear_model_sfun_registry.obj
 0001:0000fc10       ssWriteRTWNameValuePair    0000000180010c10 f   nlinear_model_sfun_registry.obj
 0001:00010100       ssWriteRTWParameters       0000000180011100 f   nlinear_model_sfun_registry.obj
 0001:00010700       ssWriteRTWParamSettings    0000000180011700 f   nlinear_model_sfun_registry.obj
 0001:00010dd0       ssWriteRTWWorkVect         0000000180011dd0 f   nlinear_model_sfun_registry.obj
 0001:000112d0       mexFunction                00000001800122d0 f   nlinear_model_sfun_registry.obj
 0001:00012f10       ProcessMexSfunctionEveryCall 0000000180013f10 f   nlinear_model_sfun_registry.obj
 0001:00013080       nlinear_model_initializer  0000000180014080 f   nlinear_model_sfun.obj
 0001:00013090       nlinear_model_terminator   0000000180014090 f   nlinear_model_sfun.obj
 0001:000130a0       sf_nlinear_model_method_dispatcher 00000001800140a0 f   nlinear_model_sfun.obj
 0001:00013110       sf_nlinear_model_process_check_sum_call 0000000180014110 f   nlinear_model_sfun.obj
 0001:00013530       sf_nlinear_model_autoinheritance_info 0000000180014530 f   nlinear_model_sfun.obj
 0001:00013640       sf_nlinear_model_get_eml_resolved_functions_info 0000000180014640 f   nlinear_model_sfun.obj
 0001:000137b0       nlinear_model_debug_initialize 00000001800147b0 f   nlinear_model_sfun.obj
 0001:00013820       nlinear_model_register_exported_symbols 0000000180014820 f   nlinear_model_sfun.obj
 0001:000138d0       sf_mex_mx_is_numeric       00000001800148d0 f   sfc_mex:sfc_mex.obj
 0001:00013910       strcmp_ignore_ws           0000000180014910 f   sfc_mex:sfc_mex.obj
 0001:00013a50       sf_mex_duplicatearraysafe  0000000180014a50 f   sfc_mex:sfc_mex.obj
 0001:00013bb0       sf_set_error_debugger_context_message_fcn 0000000180014bb0 f   sfc_mex:sfc_mex.obj
 0001:00013bc0       sf_set_debugger_matlab_error_fcn 0000000180014bc0 f   sfc_mex:sfc_mex.obj
 0001:00013bf0       sf_set_error_prefix_string 0000000180014bf0 f   sfc_mex:sfc_mex.obj
 0001:00013c20       sf_get_error_prefix_string 0000000180014c20 f   sfc_mex:sfc_mex.obj
 0001:00013c30       sf_get_current_jmp_buf_ptr 0000000180014c30 f   sfc_mex:sfc_mex.obj
 0001:00013c40       sf_set_current_jmp_buf_ptr 0000000180014c40 f   sfc_mex:sfc_mex.obj
 0001:00013c50       sf_mex_set_halt_simulation 0000000180014c50 f   sfc_mex:sfc_mex.obj
 0001:00013c60       sf_mex_get_halt_simulation 0000000180014c60 f   sfc_mex:sfc_mex.obj
 0001:00013c70       sf_mex_clear_error_message 0000000180014c70 f   sfc_mex:sfc_mex.obj
 0001:00013c90       sf_mex_get_error_message_for_read 0000000180014c90 f   sfc_mex:sfc_mex.obj
 0001:00013ca0       sf_mex_get_error_message_buffer_length 0000000180014ca0 f   sfc_mex:sfc_mex.obj
 0001:00013d80       sf_mex_warning_message     0000000180014d80 f   sfc_mex:sfc_mex.obj
 0001:00013df0       sf_mex_v_errbuf_createf    0000000180014df0 f   sfc_mex:sfc_mex.obj
 0001:00013e00       sf_mex_errbuf_createf      0000000180014e00 f   sfc_mex:sfc_mex.obj
 0001:00013e30       sf_mex_v_errbuf_catf       0000000180014e30 f   sfc_mex:sfc_mex.obj
 0001:00013e70       sf_mex_errbuf_catf         0000000180014e70 f   sfc_mex:sfc_mex.obj
 0001:00013ec0       sf_mex_errbuf_copy         0000000180014ec0 f   sfc_mex:sfc_mex.obj
 0001:00013ed0       sf_mex_errbuf_clear        0000000180014ed0 f   sfc_mex:sfc_mex.obj
 0001:00013ee0       sf_mex_errbuf_isempty      0000000180014ee0 f   sfc_mex:sfc_mex.obj
 0001:00013ff0       sf_mex_set_error_status    0000000180014ff0 f   sfc_mex:sfc_mex.obj
 0001:00014040       sf_mex_error_direct_call   0000000180015040 f   sfc_mex:sfc_mex.obj
 0001:00014060       sf_mex_error_message_no_long_jump 0000000180015060 f   sfc_mex:sfc_mex.obj
 0001:00014080       sf_mex_long_jump_on_error  0000000180015080 f   sfc_mex:sfc_mex.obj
 0001:000140b0       sf_mex_call_matlab         00000001800150b0 f   sfc_mex:sfc_mex.obj
 0001:000141d0       sf_mex_check_builtin       00000001800151d0 f   sfc_mex:sfc_mex.obj
 0001:00014210       sf_mex_check_builtin_vs    0000000180015210 f   sfc_mex:sfc_mex.obj
 0001:00014270       sf_mex_check_enum          0000000180015270 f   sfc_mex:sfc_mex.obj
 0001:000142a0       sf_mex_create_enum         00000001800152a0 f   sfc_mex:sfc_mex.obj
 0001:000142c0       sf_mex_get_enum_element    00000001800152c0 f   sfc_mex:sfc_mex.obj
 0001:000142d0       sf_mex_createcellarray     00000001800152d0 f   sfc_mex:sfc_mex.obj
 0001:000142e0       sf_mex_setcell             00000001800152e0 f   sfc_mex:sfc_mex.obj
 0001:000142f0       sf_mex_getcell             00000001800152f0 f   sfc_mex:sfc_mex.obj
 0001:00014300       sf_mex_dup                 0000000180015300 f   sfc_mex:sfc_mex.obj
 0001:00014320       sf_mex_assign              0000000180015320 f   sfc_mex:sfc_mex.obj
 0001:00014380       sf_mex_destroy             0000000180015380 f   sfc_mex:sfc_mex.obj
 0001:000143b0       mx_array_has_fi_type       00000001800153b0 f   sfc_mex:sfc_mex.obj
 0001:000143e0       sf_mex_convert_from_fi     00000001800153e0 f   sfc_mex:sfc_mex.obj
 0001:00014490       sf_mex_convert_to_double   0000000180015490 f   sfc_mex:sfc_mex.obj
 0001:000145b0       sf_mex_import_fi_vs        00000001800155b0 f   sfc_mex:sfc_mex.obj
 0001:00014770       sf_matrix_matrix_index_ok  0000000180015770 f   sfc_mex:sfc_mex.obj
 0001:00014800       sf_vector_vector_index_ok  0000000180015800 f   sfc_mex:sfc_mex.obj
 0001:00014830       ssGetCurrentInputPortDimensions_wrapper 0000000180015830 f   sfc_mex:sfc_mex.obj
 0001:00014850       ssGetCurrentOutputPortDimensions_wrapper 0000000180015850 f   sfc_mex:sfc_mex.obj
 0001:00014870       sf_mex_emlrt_context_is_debug_mode 0000000180015870 f   sfc_mex:sfc_mex.obj
 0001:00014880       sf_mex_emlrt_context_set_debug_mode 0000000180015880 f   sfc_mex:sfc_mex.obj
 0001:000148f0       sf_clear_error_manager_info 00000001800158f0 f   sfc_mex:sfc_mex.obj
 0001:00014940       sf_mex_stop_simulation_abruptly_wo_error 0000000180015940 f   sfc_mex:sfc_mex.obj
 0001:00014980       sf_mex_error_message       0000000180015980 f   sfc_mex:sfc_mex.obj
 0001:000149e0       sf_react_to_error_in_matlab_call 00000001800159e0 f   sfc_mex:sfc_mex.obj
 0001:00014a10       sf_mex_addfield            0000000180015a10 f   sfc_mex:sfc_mex.obj
 0001:00014ab0       sf_mex_getfield            0000000180015ab0 f   sfc_mex:sfc_mex.obj
 0001:00014db0       sf_mex_check_class         0000000180015db0 f   sfc_mex:sfc_mex.obj
 0001:00014ea0       sf_mex_is_real             0000000180015ea0 f   sfc_mex:sfc_mex.obj
 0001:00015310       sf_mex_decode_encoded_mx_struct_array 0000000180016310 f   sfc_mex:sfc_mex.obj
 0001:000155f0       sf_mex_lw_bounds_check     00000001800165f0 f   sfc_mex:sfc_mex.obj
 0001:00015620       sf_mex_lw_size_eq_check_1d 0000000180016620 f   sfc_mex:sfc_mex.obj
 0001:00015640       sf_mex_lw_size_eq_check_nd 0000000180016640 f   sfc_mex:sfc_mex.obj
 0001:00015820       sf_mex_lw_dim_size_eq_check 0000000180016820 f   sfc_mex:sfc_mex.obj
 0001:00015850       sf_mex_lw_dim_size_geq_check 0000000180016850 f   sfc_mex:sfc_mex.obj
 0001:00015880       sf_mex_lw_sub_assign_size_check_nd 0000000180016880 f   sfc_mex:sfc_mex.obj
 0001:00015ab0       sf_mex_lw_runtime_error_msgid 0000000180016ab0 f   sfc_mex:sfc_mex.obj
 0001:00015ba0       sf_mex_lw_matrix_matrix_index_check 0000000180016ba0 f   sfc_mex:sfc_mex.obj
 0001:00015bc0       sf_mex_lw_vector_vector_index_check 0000000180016bc0 f   sfc_mex:sfc_mex.obj
 0001:00015c00       sf_mex_lw_non_negative_check 0000000180016c00 f   sfc_mex:sfc_mex.obj
 0001:00015c40       sf_mex_overflow_error      0000000180016c40 f   sfc_mex:sfc_mex.obj
 0001:00015c50       sf_mex_dividebyzero_error  0000000180016c50 f   sfc_mex:sfc_mex.obj
 0001:00015c60       sf_mex_unsafe_enum_error   0000000180016c60 f   sfc_mex:sfc_mex.obj
 0001:00015c70       sf_emlrtErrHandler         0000000180016c70 f   sfc_mex:sfc_mex.obj
 0001:00015d30       sf_mex_printf              0000000180016d30 f   sfc_mex:sfc_mex.obj
 0001:00015ec0       sf_mex_check_size          0000000180016ec0 f   sfc_mex:sfc_mex.obj
 0001:00016190       sf_mex_check_struct        0000000180017190 f   sfc_mex:sfc_mex.obj
 0001:000163f0       sf_mex_check_struct_vs     00000001800173f0 f   sfc_mex:sfc_mex.obj
 0001:00016480       sf_mex_check_fi            0000000180017480 f   sfc_mex:sfc_mex.obj
 0001:00016580       sf_mex_check_fi_vs         0000000180017580 f   sfc_mex:sfc_mex.obj
 0001:00016620       sf_echo_expression         0000000180017620 f   sfc_mex:sfc_mex.obj
 0001:00016680       sf_assertion_failed        0000000180017680 f   sfc_mex:sfc_mex.obj
 0001:00016960       sf_mex_evalin              0000000180017960 f   sfc_mex:sfc_mex.obj
 0001:00016bd0       sf_mex_export              0000000180017bd0 f   sfc_mex:sfc_mex.obj
 0001:00016c90       sf_mex_get_ml_var_no_error 0000000180017c90 f   sfc_mex:sfc_mex.obj
 0001:00016e30       sf_mex_get_ml_var          0000000180017e30 f   sfc_mex:sfc_mex.obj
 0001:000172d0       ml_set_element_value_in_array 00000001800182d0 f   sfc_mex:sfc_mex.obj
 0001:000189a0       sf_mex_call_impl           00000001800199a0 f   sfc_mex:sfc_mex.obj
 0001:00018ed0       sf_mex_call_debug          0000000180019ed0 f   sfc_mex:sfc_mex.obj
 0001:00018f00       sf_mex_call                0000000180019f00 f   sfc_mex:sfc_mex.obj
 0001:00019550       sf_mex_createstruct        000000018001a550 f   sfc_mex:sfc_mex.obj
 0001:00019640       sf_mex_createstructarray   000000018001a640 f   sfc_mex:sfc_mex.obj
 0001:000196c0       sf_mex_get_mx_datatype_from_sf_datatype 000000018001a6c0 f   sfc_mex:sfc_mex.obj
 0001:000199d0       sf_mex_ml_var_sub          000000018001a9d0 f   sfc_mex:sfc_mex.obj
 0001:00019ba0       sf_mex_ml_var_subsasgn     000000018001aba0 f   sfc_mex:sfc_mex.obj
 0001:00019f90       sf_mex_sub                 000000018001af90 f   sfc_mex:sfc_mex.obj
 0001:0001a190       sf_mex_subsasgn            000000018001b190 f   sfc_mex:sfc_mex.obj
 0001:0001a670       sf_mex_create              000000018001b670 f   sfc_mex:sfc_mex.obj
 0001:0001b0c0       sf_mex_import_named        000000018001c0c0 f   sfc_mex:sfc_mex.obj
 0001:0001b120       sf_mex_import              000000018001c120 f   sfc_mex:sfc_mex.obj
 0001:0001b170       sf_mex_import_vs           000000018001c170 f   sfc_mex:sfc_mex.obj
 0001:0001b280       sf_mex_lower_fixpt_mx_array 000000018001c280 f   sfc_mex:sfc_mex.obj
 0001:0001b870       sim_mode_is_rtw_gen        000000018001c870 f   sfc_mex:sfc_sf.obj
 0001:0001b8a0       sim_mode_is_external       000000018001c8a0 f   sfc_mex:sfc_sf.obj
 0001:0001b8b0       sim_mode_is_modelref_sim   000000018001c8b0 f   sfc_mex:sfc_sf.obj
 0001:0001b8d0       mdlInitializeSizes         000000018001c8d0 f   sfc_mex:sfc_sf.obj
 0001:0001b8f0       mdlInitializeSampleTimes   000000018001c8f0 f   sfc_mex:sfc_sf.obj
 0001:0001b930       mdlZeroCrossings           000000018001c930 f   sfc_mex:sfc_sf.obj
 0001:0001ba10       mdlDerivatives             000000018001ca10 f   sfc_mex:sfc_sf.obj
 0001:0001bac0       mdl_initialize_conditions_processing 000000018001cac0 f   sfc_mex:sfc_sf.obj
 0001:0001baf0       mdlInitializeConditions    000000018001caf0 f   sfc_mex:sfc_sf.obj
 0001:0001bbb0       mdlGetSimState             000000018001cbb0 f   sfc_mex:sfc_sf.obj
 0001:0001bbc0       mdlSetSimState             000000018001cbc0 f   sfc_mex:sfc_sf.obj
 0001:0001bbd0       mdl_ext_mode_exec_processing 000000018001cbd0 f   sfc_mex:sfc_sf.obj
 0001:0001bbf0       mdlExtModeExec             000000018001cbf0 f   sfc_mex:sfc_sf.obj
 0001:0001bd80       mdlTerminate               000000018001cd80 f   sfc_mex:sfc_sf.obj
 0001:0001bdf0       mdlRTW                     000000018001cdf0 f   sfc_mex:sfc_sf.obj
 0001:0001be20       mdlSetWorkWidths           000000018001ce20 f   sfc_mex:sfc_sf.obj
 0001:0001be30       mdlProcessParameters       000000018001ce30 f   sfc_mex:sfc_sf.obj
 0001:0001be40       mdl_start_processing       000000018001ce40 f   sfc_mex:sfc_sf.obj
 0001:0001be80       mdlStart                   000000018001ce80 f   sfc_mex:sfc_sf.obj
 0001:0001bf70       mdlEnable                  000000018001cf70 f   sfc_mex:sfc_sf.obj
 0001:0001c040       mdlDisable                 000000018001d040 f   sfc_mex:sfc_sf.obj
 0001:0001c0f0       sf_get_chart_instance_ptr  000000018001d0f0 f   sfc_mex:sfc_sf.obj
 0001:0001c110       sf_rtw_info_uint_prop      000000018001d110 f   sfc_mex:sfc_sf.obj
 0001:0001c280       sf_is_chart_inlinable      000000018001d280 f   sfc_mex:sfc_sf.obj
 0001:0001c2a0       sf_mark_output_events_with_multiple_callers 000000018001d2a0 f   sfc_mex:sfc_sf.obj
 0001:0001c460       sf_mark_chart_reusable_outputs 000000018001d460 f   sfc_mex:sfc_sf.obj
 0001:0001c6e0       sf_mark_chart_expressionable_inputs 000000018001d6e0 f   sfc_mex:sfc_sf.obj
 0001:0001ca40       sf_get_subchart_simstruct  000000018001da40 f   sfc_mex:sfc_sf.obj
 0001:0001ca90       sf_write_symbol_mapping    000000018001da90 f   sfc_mex:sfc_sf.obj
 0001:0001cce0       sf_get_fixpt_data_type_id  000000018001dce0 f   sfc_mex:sfc_sf.obj
 0001:0001cd20       sf_get_enum_data_type_id   000000018001dd20 f   sfc_mex:sfc_sf.obj
 0001:0001cd60       sf_get_param_data_type_id  000000018001dd60 f   sfc_mex:sfc_sf.obj
 0001:0001cd90       sf_mex_listen_for_ctrl_c_force 000000018001dd90 f   sfc_mex:sfc_sf.obj
 0001:0001cea0       sf_mex_draw_now            000000018001dea0 f   sfc_mex:sfc_sf.obj
 0001:0001cee0       sf_mex_set_debugger_sim_status_listener_fcn 000000018001dee0 f   sfc_mex:sfc_sf.obj
 0001:0001cef0       sf_mex_listen_for_ctrl_c   000000018001def0 f   sfc_mex:sfc_sf.obj
 0001:0001cf80       sf_mex_get_sfun_param      000000018001df80 f   sfc_mex:sfc_sf.obj
 0001:0001cfd0       sf_get_runtime_param_data  000000018001dfd0 f   sfc_mex:sfc_sf.obj
 0001:0001d010       sf_call_output_fcn_call    000000018001e010 f   sfc_mex:sfc_sf.obj
 0001:0001d150       sf_call_output_fcn_enable  000000018001e150 f   sfc_mex:sfc_sf.obj
 0001:0001d1e0       sf_call_output_fcn_disable 000000018001e1e0 f   sfc_mex:sfc_sf.obj
 0001:0001d270       sf_clear_rtw_identifier    000000018001e270 f   sfc_mex:sfc_sf.obj
 0001:0001da60       sf_set_encoded_dwork_info  000000018001ea60 f   sfc_mex:sfc_sf.obj
 0001:0001dab0       sf_get_dwork_info_from_mat_file 000000018001eab0 f   sfc_mex:sfc_sf.obj
 0001:0001dca0       sf_set_rtw_dwork_info      000000018001eca0 f   sfc_mex:sfc_sf.obj
 0001:0001de10       mdlOutputs                 000000018001ee10 f   sfc_mex:sfc_sf.obj
 0001:0001dfb0       sf_debug_disp              000000018001efb0 f   sfc_debug:sfcdebug.obj
 0001:0001e210       sf_debug_data_runtime_size_mismatch_error_check 000000018001f210 f   sfc_debug:sfcdebug.obj
 0001:0001e2b0       sf_debug_try_loading_machine 000000018001f2b0 f   sfc_debug:sfcdebug.obj
 0001:0001e3b0       sf_debug_reset_current_state_configuration 000000018001f3b0 f   sfc_debug:sfcdebug.obj
 0001:0001e440       sf_debug_store_current_state_configuration 000000018001f440 f   sfc_debug:sfcdebug.obj
 0001:0001e4d0       sf_debug_restore_previous_state_configuration 000000018001f4d0 f   sfc_debug:sfcdebug.obj
 0001:0001e560       sf_debug_restore_previous_state_configuration2 000000018001f560 f   sfc_debug:sfcdebug.obj
 0001:0001e5f0       sf_debug_get_event_scope   000000018001f5f0 f   sfc_debug:sfcdebug.obj
 0001:0001e760       use_debugger_step_animation 000000018001f760 f   sfc_debug:sfcdebug.obj
 0001:0001e780       sf_debug_get_script_id     000000018001f780 f   sfc_debug:sfcdebug.obj
 0001:0001e810       sf_debug_set_script_translation 000000018001f810 f   sfc_debug:sfcdebug.obj
 0001:0001e8d0       sf_debug_get_current_machine_id 000000018001f8d0 f   sfc_debug:sfcdebug.obj
 0001:0001e8f0       sf_debug_get_current_optional_integer 000000018001f8f0 f   sfc_debug:sfcdebug.obj
 0001:0001e900       sf_debug_get_current_machine_number 000000018001f900 f   sfc_debug:sfcdebug.obj
 0001:0001e920       sf_debug_get_current_machine_name 000000018001f920 f   sfc_debug:sfcdebug.obj
 0001:0001e940       sf_debug_get_current_chart_id 000000018001f940 f   sfc_debug:sfcdebug.obj
 0001:0001e990       sf_debug_get_current_chart_number 000000018001f990 f   sfc_debug:sfcdebug.obj
 0001:0001e9a0       sf_debug_get_current_instance_number 000000018001f9a0 f   sfc_debug:sfcdebug.obj
 0001:0001e9b0       sf_debug_get_current_is_minor_time_step 000000018001f9b0 f   sfc_debug:sfcdebug.obj
 0001:0001ea30       sf_debug_get_current_object_type 000000018001fa30 f   sfc_debug:sfcdebug.obj
 0001:0001ea40       sf_debug_get_current_instance_handle 000000018001fa40 f   sfc_debug:sfcdebug.obj
 0001:0001eaa0       sf_debug_get_current_event_type 000000018001faa0 f   sfc_debug:sfcdebug.obj
 0001:0001eab0       sf_debug_get_current_object_id 000000018001fab0 f   sfc_debug:sfcdebug.obj
 0001:0001eaf0       sf_debug_get_current_active_event_type 000000018001faf0 f   sfc_debug:sfcdebug.obj
 0001:0001eb00       sf_debug_get_current_active_event_id 000000018001fb00 f   sfc_debug:sfcdebug.obj
 0001:0001eb40       sf_debug_get_current_tag_type 000000018001fb40 f   sfc_debug:sfcdebug.obj
 0001:0001eb50       sf_debug_get_current_simulation_time 000000018001fb50 f   sfc_debug:sfcdebug.obj
 0001:0001eb60       sf_debug_get_current_coverage_percentage 000000018001fb60 f   sfc_debug:sfcdebug.obj
 0001:0001eb70       sf_debug_current_statement_context 000000018001fb70 f   sfc_debug:sfcdebug.obj
 0001:0001ec00       sf_debug_get_current_statement_info 000000018001fc00 f   sfc_debug:sfcdebug.obj
 0001:0001ed80       sf_debug_terminate_instance 000000018001fd80 f   sfc_debug:sfcdebug.obj
 0001:0001f090       sf_debug_assertion_failed  0000000180020090 f   sfc_debug:sfcdebug.obj
 0001:0001f240       sf_debug_set_number_of_data_with_change_event_for_machine 0000000180020240 f   sfc_debug:sfcdebug.obj
 0001:0001f280       sf_debug_set_machine_event_thresholds 0000000180020280 f   sfc_debug:sfcdebug.obj
 0001:0001f2a0       sf_debug_set_machine_event_scope 00000001800202a0 f   sfc_debug:sfcdebug.obj
 0001:0001f2e0       sf_debug_set_machine_data_thresholds 00000001800202e0 f   sfc_debug:sfcdebug.obj
 0001:0001f320       sf_debug_set_machine_data_scope 0000000180020320 f   sfc_debug:sfcdebug.obj
 0001:0001f3b0       sf_debug_set_machine_data_name 00000001800203b0 f   sfc_debug:sfcdebug.obj
 0001:0001f450       sf_debug_set_machine_data_size 0000000180020450 f   sfc_debug:sfcdebug.obj
 0001:0001f590       sf_debug_set_machine_data_type 0000000180020590 f   sfc_debug:sfcdebug.obj
 0001:0001f700       sf_debug_get_chart_data_number 0000000180020700 f   sfc_debug:sfcdebug.obj
 0001:0001f720       sf_debug_get_chart_event_number 0000000180020720 f   sfc_debug:sfcdebug.obj
 0001:0001f740       sf_debug_set_chart_state_info 0000000180020740 f   sfc_debug:sfcdebug.obj
 0001:0001f7c0       sf_debug_set_chart_decomposition 00000001800207c0 f   sfc_debug:sfcdebug.obj
 0001:0001f830       sf_debug_set_chart_substate_count 0000000180020830 f   sfc_debug:sfcdebug.obj
 0001:0001f910       sf_debug_set_chart_substate_index 0000000180020910 f   sfc_debug:sfcdebug.obj
 0001:0001f980       sf_debug_set_chart_state_substate_count 0000000180020980 f   sfc_debug:sfcdebug.obj
 0001:0001fa90       sf_debug_set_chart_state_substate_index 0000000180020a90 f   sfc_debug:sfcdebug.obj
 0001:0001fb10       sf_debug_set_number_of_data_with_change_event_for_chart 0000000180020b10 f   sfc_debug:sfcdebug.obj
 0001:0001fb90       sf_debug_set_number_of_states_with_entry_event_for_chart 0000000180020b90 f   sfc_debug:sfcdebug.obj
 0001:0001fc00       sf_debug_set_number_of_states_with_exit_event_for_chart 0000000180020c00 f   sfc_debug:sfcdebug.obj
 0001:0001fc70       sf_debug_set_chart_disable_implicit_casting 0000000180020c70 f   sfc_debug:sfcdebug.obj
 0001:0001fce0       sf_debug_set_chart_event_thresholds 0000000180020ce0 f   sfc_debug:sfcdebug.obj
 0001:0001fd50       sf_debug_set_chart_data_compiled_props 0000000180020d50 f   sfc_debug:sfcdebug.obj
 0001:000200a0       sf_debug_set_chart_data_props 00000001800210a0 f   sfc_debug:sfcdebug.obj
 0001:000203c0       sf_debug_check_fi_license  00000001800213c0 f   sfc_debug:sfcdebug.obj
 0001:000205b0       sf_debug_symbol_scope_push 00000001800215b0 f   sfc_debug:sfcdebug.obj
 0001:000205f0       sf_debug_symbol_scope_push_eml 00000001800215f0 f   sfc_debug:sfcdebug.obj
 0001:00020640       sf_debug_symbol_scope_pop  0000000180021640 f   sfc_debug:sfcdebug.obj
 0001:00020680       sf_debug_symbol_scope_add_importable 0000000180021680 f   sfc_debug:sfcdebug.obj
 0001:00020700       sf_debug_symbol_scope_add  0000000180021700 f   sfc_debug:sfcdebug.obj
 0001:00020780       sf_debug_symbol_scope_add_dyn_importable 0000000180021780 f   sfc_debug:sfcdebug.obj
 0001:00020840       sf_debug_symbol_scope_add_dyn 0000000180021840 f   sfc_debug:sfcdebug.obj
 0001:00020870       sf_debug_symbol_scope_add_eml_importable 0000000180021870 f   sfc_debug:sfcdebug.obj
 0001:000208b0       sf_debug_symbol_scope_add_eml 00000001800218b0 f   sfc_debug:sfcdebug.obj
 0001:000208f0       sf_debug_symbol_scope_add_eml_dyn_importable 00000001800218f0 f   sfc_debug:sfcdebug.obj
 0001:00020960       sf_debug_symbol_scope_add_eml_dyn 0000000180021960 f   sfc_debug:sfcdebug.obj
 0001:000209c0       sf_debug_symbol_switch     00000001800219c0 f   sfc_debug:sfcdebug.obj
 0001:000209e0       sf_debug_symbol_scope_add_verbose 00000001800219e0 f   sfc_debug:sfcdebug.obj
 0001:00020ab0       sf_debug_set_machine_data_value_ptr 0000000180021ab0 f   sfc_debug:sfcdebug.obj
 0001:00020af0       sf_debug_set_instance_data_value_ptr 0000000180021af0 f   sfc_debug:sfcdebug.obj
 0001:00020bb0       sf_debug_unset_instance_data_value_ptr 0000000180021bb0 f   sfc_debug:sfcdebug.obj
 0001:00020c60       sf_debug_set_chart_event_scope 0000000180021c60 f   sfc_debug:sfcdebug.obj
 0001:00020ce0       sf_debug_set_chart_transition_coverage_maps 0000000180021ce0 f   sfc_debug:sfcdebug.obj
 0001:00020df0       sf_debug_set_chart_state_coverage_maps 0000000180021df0 f   sfc_debug:sfcdebug.obj
 0001:00020ed0       sf_debug_set_instance_transition_coverage_weights 0000000180021ed0 f   sfc_debug:sfcdebug.obj
 0001:00020f70       sf_debug_set_instance_state_coverage_weights 0000000180021f70 f   sfc_debug:sfcdebug.obj
 0001:000211c0       sf_debug_unload_machine    00000001800221c0 f   sfc_debug:sfcdebug.obj
 0001:00021210       sf_debug_load_machine      0000000180022210 f   sfc_debug:sfcdebug.obj
 0001:00021310       sf_debug_set_active_instance_in_data_dictionary 0000000180022310 f   sfc_debug:sfcdebug.obj
 0001:000214f0       sf_debug_set_active_instance 00000001800224f0 f   sfc_debug:sfcdebug.obj
 0001:00021630       sf_debug_chart_visiblity_change 0000000180022630 f   sfc_debug:sfcdebug.obj
 0001:00021710       sf_debug_select_chart      0000000180022710 f   sfc_debug:sfcdebug.obj
 0001:000217e0       sf_debug_set_instance_cv_ids 00000001800227e0 f   sfc_debug:sfcdebug.obj
 0001:00021af0       sf_debug_select_charts     0000000180022af0 f   sfc_debug:sfcdebug.obj
 0001:00021c30       sf_debug_initialized       0000000180022c30 f   sfc_debug:sfcdebug.obj
 0001:00021c40       sf_debug_is_uninterruptible 0000000180022c40 f   sfc_debug:sfcdebug.obj
 0001:00021c70       sf_debug_initialize_debugger_gui 0000000180022c70 f   sfc_debug:sfcdebug.obj
 0001:00022060       sf_debug_resume            0000000180023060 f   sfc_debug:sfcdebug.obj
 0001:00022080       sf_debug_go                0000000180023080 f   sfc_debug:sfcdebug.obj
 0001:00022090       sf_debug_break             0000000180023090 f   sfc_debug:sfcdebug.obj
 0001:000220a0       sf_debug_step_over         00000001800230a0 f   sfc_debug:sfcdebug.obj
 0001:000220b0       sf_debug_step_out          00000001800230b0 f   sfc_debug:sfcdebug.obj
 0001:000220c0       sf_debug_set_disable_all_breakpoints 00000001800230c0 f   sfc_debug:sfcdebug.obj
 0001:000220d0       sf_debug_disable_all_breakpoints_and_go 00000001800230d0 f   sfc_debug:sfcdebug.obj
 0001:000220e0       sf_debug_break_on_chart_entry 00000001800230e0 f   sfc_debug:sfcdebug.obj
 0001:000220f0       sf_debug_break_on_event_broadcast 00000001800230f0 f   sfc_debug:sfcdebug.obj
 0001:00022100       sf_debug_break_on_state_entry 0000000180023100 f   sfc_debug:sfcdebug.obj
 0001:00022110       sf_debug_break_between_times 0000000180023110 f   sfc_debug:sfcdebug.obj
 0001:00022130       sf_debug_browse_data       0000000180023130 f   sfc_debug:sfcdebug.obj
 0001:00022150       sf_debug_watch_data        0000000180023150 f   sfc_debug:sfcdebug.obj
 0001:00022170       sf_debug_assign_data       0000000180023170 f   sfc_debug:sfcdebug.obj
 0001:00022190       sf_debug_whos              0000000180023190 f   sfc_debug:sfcdebug.obj
 0001:000221b0       sf_debug_get_consistency_info 00000001800231b0 f   sfc_debug:sfcdebug.obj
 0001:000221c0       sf_debug_browse_trace      00000001800231c0 f   sfc_debug:sfcdebug.obj
 0001:000221d0       sf_debug_set_breakpoints   00000001800231d0 f   sfc_debug:sfcdebug.obj
 0001:00022330       sf_debug_set_eml_breakpoints 0000000180023330 f   sfc_debug:sfcdebug.obj
 0001:00022490       sf_debug_set_script_breakpoints 0000000180023490 f   sfc_debug:sfcdebug.obj
 0001:00022510       sf_debug_add_script_breakpoints 0000000180023510 f   sfc_debug:sfcdebug.obj
 0001:00022580       sf_debug_clear_script_breakpoints 0000000180023580 f   sfc_debug:sfcdebug.obj
 0001:000225f0       sf_debug_query_script_breakpoints 00000001800235f0 f   sfc_debug:sfcdebug.obj
 0001:000226b0       sf_debug_get_eml_script_id 00000001800236b0 f   sfc_debug:sfcdebug.obj
 0001:00022700       sf_debug_set_watch         0000000180023700 f   sfc_debug:sfcdebug.obj
 0001:00022930       sf_debug_get_coverage      0000000180023930 f   sfc_debug:sfcdebug.obj
 0001:00022940       sf_debug_get_instance_handle 0000000180023940 f   sfc_debug:sfcdebug.obj
 0001:000229d0       sf_debug_get_active_states 00000001800239d0 f   sfc_debug:sfcdebug.obj
 0001:000229e0       sf_debug_get_animation     00000001800239e0 f   sfc_debug:sfcdebug.obj
 0001:000229f0       sf_debug_set_animation     00000001800239f0 f   sfc_debug:sfcdebug.obj
 0001:00022a00       sf_debug_animate           0000000180023a00 f   sfc_debug:sfcdebug.obj
 0001:00022a30       sf_debug_cycle_detection_check 0000000180023a30 f   sfc_debug:sfcdebug.obj
 0001:00022a40       sf_debug_data_range_check  0000000180023a40 f   sfc_debug:sfcdebug.obj
 0001:00022a50       sf_debug_transition_conflict_check 0000000180023a50 f   sfc_debug:sfcdebug.obj
 0001:00022a60       sf_debug_state_consistency_check 0000000180023a60 f   sfc_debug:sfcdebug.obj
 0001:00022a70       sf_debug_data_range_check_enabled 0000000180023a70 f   sfc_debug:sfcdebug.obj
 0001:00022a90       sf_debug_transition_conflict_check_enabled 0000000180023a90 f   sfc_debug:sfcdebug.obj
 0001:00022ab0       sf_debug_transition_conflict_check_begin 0000000180023ab0 f   sfc_debug:sfcdebug.obj
 0001:00022ad0       sf_debug_transition_conflict_check_end 0000000180023ad0 f   sfc_debug:sfcdebug.obj
 0001:00022af0       sf_debug_stop_debugging    0000000180023af0 f   sfc_debug:sfcdebug.obj
 0001:00022b20       sf_debug_is_cycle_detected 0000000180023b20 f   sfc_debug:sfcdebug.obj
 0001:00022b30       sf_debug_is_array_bounds_detected 0000000180023b30 f   sfc_debug:sfcdebug.obj
 0001:00022b40       sf_debug_get_state_vectors_data_size 0000000180023b40 f   sfc_debug:sfcdebug.obj
 0001:00022b80       sf_debug_get_state_vectors_data 0000000180023b80 f   sfc_debug:sfcdebug.obj
 0001:00022c80       sf_debug_set_state_vectors_data 0000000180023c80 f   sfc_debug:sfcdebug.obj
 0001:00022f40       sf_debug_get_script_index  0000000180023f40 f   sfc_debug:sfcdebug.obj
 0001:000230d0       sf_debug_add_script        00000001800240d0 f   sfc_debug:sfcdebug.obj
 0001:00023260       cv_eval_point              0000000180024260 f   sfc_debug:sfcdebug.obj
 0001:000233d0       sf_debug_cv_init_state     00000001800243d0 f   sfc_debug:sfcdebug.obj
 0001:000234f0       sf_debug_cv_init_chart     00000001800244f0 f   sfc_debug:sfcdebug.obj
 0001:000235d0       sf_debug_cv_init_trans     00000001800245d0 f   sfc_debug:sfcdebug.obj
 0001:00023740       cv_eml_init_script         0000000180024740 f   sfc_debug:sfcdebug.obj
 0001:00023820       cv_eml_init_fcn            0000000180024820 f   sfc_debug:sfcdebug.obj
 0001:000238d0       cv_eml_init_testobjective  00000001800248d0 f   sfc_debug:sfcdebug.obj
 0001:00023980       cv_eml_init_if             0000000180024980 f   sfc_debug:sfcdebug.obj
 0001:00023a30       cv_eml_init_for            0000000180024a30 f   sfc_debug:sfcdebug.obj
 0001:00023ae0       cv_eml_init_while          0000000180024ae0 f   sfc_debug:sfcdebug.obj
 0001:00023b90       cv_eml_init_mcdc           0000000180024b90 f   sfc_debug:sfcdebug.obj
 0001:00023c90       cv_eml_init_switch         0000000180024c90 f   sfc_debug:sfcdebug.obj
 0001:00023d70       cv_eml_eval                0000000180024d70 f   sfc_debug:sfcdebug.obj
 0001:00023e50       sf_debug_bm_is_a_eml_breakpoint 0000000180024e50 f   sfc_debug:sfcdebug.obj
 0001:00023fa0       sf_debug_temporal_threshold 0000000180024fa0 f   sfc_debug:sfcdebug.obj
 0001:00024300       sf_debug_transition_conflict_error 0000000180025300 f   sfc_debug:sfcdebug.obj
 0001:00024680       sf_debug_state_inconsistency_error 0000000180025680 f   sfc_debug:sfcdebug.obj
 0001:000247a0       sf_debug_check_for_state_inconsistency 00000001800257a0 f   sfc_debug:sfcdebug.obj
 0001:000247d0       sf_debug_cycle_detecton_error 00000001800257d0 f   sfc_debug:sfcdebug.obj
 0001:00024fc0       sf_debug_size_eq_check_1d  0000000180025fc0 f   sfc_debug:sfcdebug.obj
 0001:00024fe0       sf_debug_size_eq_check_nd  0000000180025fe0 f   sfc_debug:sfcdebug.obj
 0001:000251c0       sf_debug_dim_size_eq_check 00000001800261c0 f   sfc_debug:sfcdebug.obj
 0001:000251f0       sf_debug_dim_size_geq_check 00000001800261f0 f   sfc_debug:sfcdebug.obj
 0001:00025220       sf_debug_sub_assign_size_check_nd 0000000180026220 f   sfc_debug:sfcdebug.obj
 0001:00025460       sf_debug_matrix_matrix_index_check 0000000180026460 f   sfc_debug:sfcdebug.obj
 0001:00025490       sf_debug_vector_vector_index_check 0000000180026490 f   sfc_debug:sfcdebug.obj
 0001:000254c0       sf_debug_runtime_error_msgid 00000001800264c0 f   sfc_debug:sfcdebug.obj
 0001:00025550       sf_debug_data_array_bounds_error_check 0000000180026550 f   sfc_debug:sfcdebug.obj
 0001:00025660       sf_debug_eml_data_array_bounds_error_check 0000000180026660 f   sfc_debug:sfcdebug.obj
 0001:00025b40       sf_debug_integer_check     0000000180026b40 f   sfc_debug:sfcdebug.obj
 0001:00025c20       sf_debug_not_nan_check     0000000180026c20 f   sfc_debug:sfcdebug.obj
 0001:00025ce0       sf_debug_non_negative_check 0000000180026ce0 f   sfc_debug:sfcdebug.obj
 0001:00025da0       sf_debug_overflow_detection 0000000180026da0 f   sfc_debug:sfcdebug.obj
 0001:00026490       sf_debug_cast_to_real32_T  0000000180027490 f   sfc_debug:sfcdebug.obj
 0001:00026550       sf_debug_cast_to_int8_T    0000000180027550 f   sfc_debug:sfcdebug.obj
 0001:00026610       sf_debug_cast_to_uint8_T   0000000180027610 f   sfc_debug:sfcdebug.obj
 0001:000266d0       sf_debug_cast_to_int16_T   00000001800276d0 f   sfc_debug:sfcdebug.obj
 0001:00026790       sf_debug_cast_to_uint16_T  0000000180027790 f   sfc_debug:sfcdebug.obj
 0001:00026850       sf_debug_cast_to_int32_T   0000000180027850 f   sfc_debug:sfcdebug.obj
 0001:00026910       sf_debug_cast_to_uint32_T  0000000180027910 f   sfc_debug:sfcdebug.obj
 0001:000269d0       sf_debug_data_range_error  00000001800279d0 f   sfc_debug:sfcdebug.obj
 0001:00026e50       sf_debug_data_range_error_wrapper_min_max 0000000180027e50 f   sfc_debug:sfcdebug.obj
 0001:00026f40       sf_debug_data_range_error_wrapper_min 0000000180027f40 f   sfc_debug:sfcdebug.obj
 0001:00027020       sf_debug_data_range_error_wrapper_max 0000000180028020 f   sfc_debug:sfcdebug.obj
 0001:00027100       sf_debug_data_range_wrapper 0000000180028100 f   sfc_debug:sfcdebug.obj
 0001:000271b0       sf_debug_set_current_status_info 00000001800281b0 f   sfc_debug:sfcdebug.obj
 0001:00027560       sf_debug_call              0000000180028560 f   sfc_debug:sfcdebug.obj
 0001:00028420       sf_debug_initialize_machine 0000000180029420 f   sfc_debug:sfcdebug.obj
 0001:00028730       sf_debug_initialize_chart  0000000180029730 f   sfc_debug:sfcdebug.obj
 0001:00028c10       sf_debug_ensure_script     0000000180029c10 f   sfc_debug:sfcdebug.obj
 0001:00028cd0       cv_script_init_script      0000000180029cd0 f   sfc_debug:sfcdebug.obj
 0001:00028db0       cv_script_init_fcn         0000000180029db0 f   sfc_debug:sfcdebug.obj
 0001:00028e60       cv_script_init_testobjective 0000000180029e60 f   sfc_debug:sfcdebug.obj
 0001:00028f10       cv_script_init_if          0000000180029f10 f   sfc_debug:sfcdebug.obj
 0001:00028fc0       cv_script_init_for         0000000180029fc0 f   sfc_debug:sfcdebug.obj
 0001:00029070       cv_script_init_while       000000018002a070 f   sfc_debug:sfcdebug.obj
 0001:00029120       cv_script_init_mcdc        000000018002a120 f   sfc_debug:sfcdebug.obj
 0001:00029220       cv_script_init_switch      000000018002a220 f   sfc_debug:sfcdebug.obj
 0001:00029300       cv_script_eval             000000018002a300 f   sfc_debug:sfcdebug.obj
 0001:000293e0       eml_debug_line_call        000000018002a3e0 f   sfc_debug:sfcdebug.obj
 0001:00029590       sf_debug_terminate         000000018002a590 f   sfc_debug:sfcdebug.obj
 0001:00029700       sf_debug_set_script_cv_ids 000000018002a700 f   sfc_debug:sfcdebug.obj
 0001:000298d0       sf_debug_api               000000018002a8d0 f   sfc_debug:sfc_api.obj
 0001:0002b100       sf_debug_sm_terminate      000000018002c100 f   sfc_debug:sfdb_animation.obj
 0001:0002b2c0       sf_debug_reset_path_objects 000000018002c2c0 f   sfc_debug:sfdb_animation.obj
 0001:0002b340       sf_debug_sm_reset_object_selection_status 000000018002c340 f   sfc_debug:sfdb_animation.obj
 0001:0002b3e0       sf_debug_sm_reset_state_buffer 000000018002c3e0 f   sfc_debug:sfdb_animation.obj
 0001:0002b4b0       sf_debug_sm_store_state_buffer 000000018002c4b0 f   sfc_debug:sfdb_animation.obj
 0001:0002b530       sf_debug_sm_restore_state_buffer1 000000018002c530 f   sfc_debug:sfdb_animation.obj
 0001:0002b5a0       sf_debug_sm_restore_state_buffer2 000000018002c5a0 f   sfc_debug:sfdb_animation.obj
 0001:0002b610       sf_debug_sm_chart_active   000000018002c610 f   sfc_debug:sfdb_animation.obj
 0001:0002b660       sf_debug_sm_select_active_objects 000000018002c660 f   sfc_debug:sfdb_animation.obj
 0001:0002bb10       sf_debug_sm_is_chart_active 000000018002cb10 f   sfc_debug:sfdb_animation.obj
 0001:0002bb50       sf_debug_sm_is_state_active 000000018002cb50 f   sfc_debug:sfdb_animation.obj
 0001:0002bd90       sf_debug_sm_get_active_states 000000018002cd90 f   sfc_debug:sfdb_animation.obj
 0001:0002c350       sf_debug_sm_initialize_instance 000000018002d350 f   sfc_debug:sfdb_animation.obj
 0001:0002c5a0       sf_debug_sm_change_object_selection_status 000000018002d5a0 f   sfc_debug:sfdb_animation.obj
 0001:0002c890       cv_create_interface        000000018002d890 f   sfc_debug:cv_sfinterface.obj
 0001:0002cbf0       cv_init_trans              000000018002dbf0 f   sfc_debug:cv_sfinterface.obj
 0001:0002cc40       cv_init_state              000000018002dc40 f   sfc_debug:cv_sfinterface.obj
 0001:0002ccb0       cv_init_chart              000000018002dcb0 f   sfc_debug:cv_sfinterface.obj
 0001:0002cd00       cv_dec_update_call         000000018002dd00 f   sfc_debug:cv_sfinterface.obj
 0001:0002cd40       cv_cond_update_call        000000018002dd40 f   sfc_debug:cv_sfinterface.obj
 0001:0002cd80       cv_sigrange_update         000000018002dd80 f   sfc_debug:cv_sfinterface.obj
 0001:0002cdc0       cvsf_eml_eval              000000018002ddc0 f   sfc_debug:cv_sfinterface.obj
 0001:0002cea0       cvsf_eml_init_script       000000018002dea0 f   sfc_debug:cv_sfinterface.obj
 0001:0002cf20       cvsf_eml_init_fcn          000000018002df20 f   sfc_debug:cv_sfinterface.obj
 0001:0002cf80       cvsf_eml_init_testobjective 000000018002df80 f   sfc_debug:cv_sfinterface.obj
 0001:0002cfe0       cvsf_eml_init_if           000000018002dfe0 f   sfc_debug:cv_sfinterface.obj
 0001:0002d040       cvsf_eml_init_for          000000018002e040 f   sfc_debug:cv_sfinterface.obj
 0001:0002d090       cvsf_eml_init_while        000000018002e090 f   sfc_debug:cv_sfinterface.obj
 0001:0002d0e0       cvsf_eml_init_mcdc         000000018002e0e0 f   sfc_debug:cv_sfinterface.obj
 0001:0002d170       cvsf_eml_init_switch       000000018002e170 f   sfc_debug:cv_sfinterface.obj
 0001:0002d1e0       cvsf_script_eval           000000018002e1e0 f   sfc_debug:cv_sfinterface.obj
 0001:0002d2c0       cvsf_script_init_script    000000018002e2c0 f   sfc_debug:cv_sfinterface.obj
 0001:0002d340       cvsf_script_init_fcn       000000018002e340 f   sfc_debug:cv_sfinterface.obj
 0001:0002d3a0       cvsf_script_init_testobjective 000000018002e3a0 f   sfc_debug:cv_sfinterface.obj
 0001:0002d400       cvsf_script_init_if        000000018002e400 f   sfc_debug:cv_sfinterface.obj
 0001:0002d460       cvsf_script_init_for       000000018002e460 f   sfc_debug:cv_sfinterface.obj
 0001:0002d4b0       cvsf_script_init_while     000000018002e4b0 f   sfc_debug:cv_sfinterface.obj
 0001:0002d500       cvsf_script_init_mcdc      000000018002e500 f   sfc_debug:cv_sfinterface.obj
 0001:0002d590       cvsf_script_init_switch    000000018002e590 f   sfc_debug:cv_sfinterface.obj
 0001:0002d600       cv_destroy_interface       000000018002e600 f   sfc_debug:cv_sfinterface.obj
 0001:0002d620       cv_create_instance_objects 000000018002e620 f   sfc_debug:cv_sfinterface.obj
 0001:0002dad0       cv_is_enabled              000000018002ead0 f   sfc_debug:cv_sfinterface.obj
 0001:0002dae0       sf_debug_cv_initialize_script 000000018002eae0 f   sfc_debug:cv_sfinterface.obj
 0001:0002dc90       sf_debug_cv_initialize_instance 000000018002ec90 f   sfc_debug:cv_sfinterface.obj
 0001:0002e030       sf_debug_cv_terminate_chart 000000018002f030 f   sfc_debug:cv_sfinterface.obj
 0001:0002e170       cv_call_trans_test         000000018002f170 f   sfc_debug:cv_sfinterface.obj
 0001:0002e180       cv_call_sub_cond_test      000000018002f180 f   sfc_debug:cv_sfinterface.obj
 0001:0002e2b0       sf_debug_hm_initialize_instance 000000018002f2b0 f   sfc_debug:sfdb_handle_management.obj
 0001:0002e830       sf_debug_hm_get_object_id  000000018002f830 f   sfc_debug:sfdb_handle_management.obj
 0001:000307a0       sf_debug_object_is_eml_function 00000001800317a0 f   sfc_debug:sfdb_handle_management.obj
 0001:00030810       sf_debug_hm_initialize_ids_in_machine 0000000180031810 f   sfc_debug:sfdb_handle_management.obj
 0001:00030980       sf_debug_hm_initialize_ids_in_chart 0000000180031980 f   sfc_debug:sfdb_handle_management.obj
 0001:00030ac0       sf_debug_hm_initialize_chart 0000000180031ac0 f   sfc_debug:sfdb_handle_management.obj
 0001:00031270       sf_debug_hm_terminate      0000000180032270 f   sfc_debug:sfdb_handle_management.obj
 0001:000312d0       sf_debug_hm_initialize_machine 00000001800322d0 f   sfc_debug:sfdb_handle_management.obj
 0001:00031a80       sf_debug_st_initialize_machine 0000000180032a80 f   sfc_debug:sfdb_data_browse.obj
 0001:00031b40       sf_debug_st_initialize_instance 0000000180032b40 f   sfc_debug:sfdb_data_browse.obj
 0001:00031d70       sf_debug_st_terminate      0000000180032d70 f   sfc_debug:sfdb_data_browse.obj
 0001:00032110       sf_debug_st_set_data_value_ptr_in_machine 0000000180033110 f   sfc_debug:sfdb_data_browse.obj
 0001:000321a0       sf_debug_st_set_data_value_ptr_in_instance 00000001800331a0 f   sfc_debug:sfdb_data_browse.obj
 0001:00032280       sf_debug_st_unset_data_value_ptr_in_machine 0000000180033280 f   sfc_debug:sfdb_data_browse.obj
 0001:000322f0       sf_debug_st_unset_data_value_ptr_in_instance 00000001800332f0 f   sfc_debug:sfdb_data_browse.obj
 0001:00032600       sf_debug_mx_value          0000000180033600 f   sfc_debug:sfdb_data_browse.obj
 0001:00032660       sf_debug_mx_packed_vector  0000000180033660 f   sfc_debug:sfdb_data_browse.obj
 0001:00032740       sf_debug_mx_uint_vector    0000000180033740 f   sfc_debug:sfdb_data_browse.obj
 0001:00032800       sf_debug_st_get_double_value_from_void_ptr_vector 0000000180033800 f   sfc_debug:sfdb_data_browse.obj
 0001:000332f0       sf_debug_st_browse_data    00000001800342f0 f   sfc_debug:sfdb_data_browse.obj
 0001:00033a90       sf_debug_ss_initialize     0000000180034a90 f   sfc_debug:sfdb_symbol_scope.obj
 0001:00033ab0       sf_debug_ss_terminate      0000000180034ab0 f   sfc_debug:sfdb_symbol_scope.obj
 0001:00033b40       sf_debug_ss_push_symbol_scope 0000000180034b40 f   sfc_debug:sfdb_symbol_scope.obj
 0001:00033c40       sf_debug_ss_push_symbol_scope_eml 0000000180034c40 f   sfc_debug:sfdb_symbol_scope.obj
 0001:00033ca0       sf_debug_ss_pop_symbol_scope 0000000180034ca0 f   sfc_debug:sfdb_symbol_scope.obj
 0001:00033d50       sf_debug_ss_add_symbol     0000000180034d50 f   sfc_debug:sfdb_symbol_scope.obj
 0001:00033eb0       sf_debug_ss_add_symbol_eml 0000000180034eb0 f   sfc_debug:sfdb_symbol_scope.obj
 0001:00034b90       sf_debug_ss_set_data_value 0000000180035b90 f   sfc_debug:sfdb_symbol_scope.obj
 0001:00035030       sf_debug_ss_watch_data     0000000180036030 f   sfc_debug:sfdb_symbol_scope.obj
 0001:000350d0       sf_debug_ss_assign_data    00000001800360d0 f   sfc_debug:sfdb_symbol_scope.obj
 0001:00035ad0       get_data_entry_name        0000000180036ad0 f   sfc_debug:sfdb_symbol_scope.obj
 0001:00035b20       sf_debug_ss_whos           0000000180036b20 f   sfc_debug:sfdb_symbol_scope.obj
 0001:00036230       sf_debug_cc_initialize_chart 0000000180037230 f   sfc_debug:sfdb_coverage.obj
 0001:00036c20       sf_debug_cc_initialize_instance 0000000180037c20 f   sfc_debug:sfdb_coverage.obj
 0001:00037a20       sf_debug_cc_terminate      0000000180038a20 f   sfc_debug:sfdb_coverage.obj
 0001:00037b10       sf_debug_cc_set_transition_maps 0000000180038b10 f   sfc_debug:sfdb_coverage.obj
 0001:00037c40       sf_debug_cc_set_state_maps 0000000180038c40 f   sfc_debug:sfdb_coverage.obj
 0001:00037d20       sf_debug_cc_set_transition_weights 0000000180038d20 f   sfc_debug:sfdb_coverage.obj
 0001:00037ff0       sf_debug_cc_set_state_weights 0000000180038ff0 f   sfc_debug:sfdb_coverage.obj
 0001:000382c0       sf_debug_cc_mark_transition_guard 00000001800392c0 f   sfc_debug:sfdb_coverage.obj
 0001:00038350       sf_debug_cc_mark_transition_trigger 0000000180039350 f   sfc_debug:sfdb_coverage.obj
 0001:000383e0       sf_debug_cc_mark_transition_decision 00000001800393e0 f   sfc_debug:sfdb_coverage.obj
 0001:00038450       sf_debug_cc_mark_transition_condition_action 0000000180039450 f   sfc_debug:sfdb_coverage.obj
 0001:000384a0       sf_debug_cc_mark_transition_transition_action 00000001800394a0 f   sfc_debug:sfdb_coverage.obj
 0001:000384f0       sf_debug_cc_mark_state_entry 00000001800394f0 f   sfc_debug:sfdb_coverage.obj
 0001:00038540       sf_debug_cc_mark_state_during 0000000180039540 f   sfc_debug:sfdb_coverage.obj
 0001:00038590       sf_debug_cc_mark_state_exit 0000000180039590 f   sfc_debug:sfdb_coverage.obj
 0001:00038dd0       sf_debug_cc_get_coverage   0000000180039dd0 f   sfc_debug:sfdb_coverage.obj
 0001:00039370       sf_debug_bm_clear_script_breakpoints 000000018003a370 f   sfc_debug:sfdb_breakpoints.obj
 0001:000393a0       sf_debug_bm_set_script_breakpoint 000000018003a3a0 f   sfc_debug:sfdb_breakpoints.obj
 0001:00039420       sf_debug_bm_clear_single_script_breakpoint 000000018003a420 f   sfc_debug:sfdb_breakpoints.obj
 0001:000394a0       sf_debug_bm_query_script_breakpoint 000000018003a4a0 f   sfc_debug:sfdb_breakpoints.obj
 0001:000394f0       sf_debug_bm_initialize_scripts 000000018003a4f0 f   sfc_debug:sfdb_breakpoints.obj
 0001:00039c10       sf_debug_bm_terminate      000000018003ac10 f   sfc_debug:sfdb_breakpoints.obj
 0001:00039f00       sf_debug_bm_remove_all_breakpoints_in_machine 000000018003af00 f   sfc_debug:sfdb_breakpoints.obj
 0001:00039f70       sf_debug_bm_remove_all_breakpoints_in_chart 000000018003af70 f   sfc_debug:sfdb_breakpoints.obj
 0001:0003a0c0       sf_debug_bm_initialize_global_breakpoints 000000018003b0c0 f   sfc_debug:sfdb_breakpoints.obj
 0001:0003a240       sf_debug_bm_set_breakpoint 000000018003b240 f   sfc_debug:sfdb_breakpoints.obj
 0001:0003a870       sf_debug_bm_set_eml_breakpoint 000000018003b870 f   sfc_debug:sfdb_breakpoints.obj
 0001:0003a910       sf_debug_bm_initialize_machine_breakpoint_map 000000018003b910 f   sfc_debug:sfdb_breakpoints.obj
 0001:0003ad30       sf_debug_bm_is_a_breakpoint 000000018003bd30 f   sfc_debug:sfdb_breakpoints.obj
 0001:0003b250       sf_debug_bm_get_all_breakpoints_in_machine 000000018003c250 f   sfc_debug:sfdb_breakpoints.obj
 0001:0003b550       sf_debug_bm_get_all_breakpoints_in_chart 000000018003c550 f   sfc_debug:sfdb_breakpoints.obj
 0001:0003c210       sf_debug_bm_initialize_machine 000000018003d210 f   sfc_debug:sfdb_breakpoints.obj
 0001:0003c2e0       sf_debug_bm_initialize_chart 000000018003d2e0 f   sfc_debug:sfdb_breakpoints.obj
 0001:0003c700       sf_debug_sc_terminate      000000018003d700 f   sfc_debug:sfdb_state_consistency.obj
 0001:0003ca30       sf_debug_sc_is_chart_consistent 000000018003da30 f   sfc_debug:sfdb_state_consistency.obj
 0001:0003cce0       sf_debug_sc_get_consistency_error_info 000000018003dce0 f   sfc_debug:sfdb_state_consistency.obj
 0001:0003d130       sf_debug_tm_terminate      000000018003e130 f   sfc_debug:sfdb_call_stack.obj
 0001:0003d1f0       sf_debug_tm_push_chart_instance 000000018003e1f0 f   sfc_debug:sfdb_call_stack.obj
 0001:0003d340       sf_debug_tm_pop_chart_instance 000000018003e340 f   sfc_debug:sfdb_call_stack.obj
 0001:0003d3a0       sf_debug_tm_push_trace_node 000000018003e3a0 f   sfc_debug:sfdb_call_stack.obj
 0001:0003d530       sf_debug_tm_pop_trace_node 000000018003e530 f   sfc_debug:sfdb_call_stack.obj
 0001:0003d5b0       sf_debug_tm_get_current_global_trace_index 000000018003e5b0 f   sfc_debug:sfdb_call_stack.obj
 0001:0003d5c0       sf_debug_tm_get_current_local_trace_index 000000018003e5c0 f   sfc_debug:sfdb_call_stack.obj
 0001:0003d5f0       sf_debug_tm_set_cycle_detected_flag 000000018003e5f0 f   sfc_debug:sfdb_call_stack.obj
 0001:0003d630       sf_debug_tm_set_cycle_started_flag 000000018003e630 f   sfc_debug:sfdb_call_stack.obj
 0001:0003d670       sf_debug_tm_get_chart_number_from_stack 000000018003e670 f   sfc_debug:sfdb_call_stack.obj
 0001:0003d870       sf_debug_tm_browse_trace   000000018003e870 f   sfc_debug:sfdb_call_stack.obj
 0001:0003dbb0       sf_debug_cd_initialize_instance 000000018003ebb0 f   sfc_debug:sfdb_cycle_detection.obj
 0001:0003de60       sf_debug_cd_mark_processed_transition_in_instance 000000018003ee60 f   sfc_debug:sfdb_cycle_detection.obj
 0001:0003df00       sf_debug_cd_checksum_push  000000018003ef00 f   sfc_debug:sfdb_cycle_detection.obj
 0001:0003e1c0       sf_debug_cd_checksum_pop   000000018003f1c0 f   sfc_debug:sfdb_cycle_detection.obj
 0001:0003e230       sf_debug_cd_turn_off_cycle_detection 000000018003f230 f   sfc_debug:sfdb_cycle_detection.obj
 0001:0003e280       sf_debug_cd_terminate      000000018003f280 f   sfc_debug:sfdb_cycle_detection.obj
 0001:0003e4c0       md5_initialize_state       000000018003f4c0 f   sfc_debug:ckmd5.obj
 0001:0003ef30       md5_update_state           000000018003ff30 f   sfc_debug:ckmd5.obj
 0001:0003ef50       md5_get_hash               000000018003ff50 f   sfc_debug:ckmd5.obj
 0001:0003ef80       md5_get_hash_for_a_single_string 000000018003ff80 f   sfc_debug:ckmd5.obj
 0001:0003efe4       mxGetPr                    000000018003ffe4 f   libmx:libmx.dll
 0001:0003efea       mxCreateDoubleScalar       000000018003ffea f   libmx:libmx.dll
 0001:0003eff0       mxSetField_730             000000018003fff0 f   libmx:libmx.dll
 0001:0003eff6       mxCreateDoubleMatrix_730   000000018003fff6 f   libmx:libmx.dll
 0001:0003effc       mxCreateStructMatrix_730   000000018003fffc f   libmx:libmx.dll
 0001:0003f002       mxDestroyArray             0000000180040002 f   libmx:libmx.dll
 0001:0003f008       mxCreateString             0000000180040008 f   libmx:libmx.dll
 0001:0003f00e       mxDuplicateArray           000000018004000e f   libmx:libmx.dll
 0001:0003f014       mxGetString_730            0000000180040014 f   libmx:libmx.dll
 0001:0003f01a       mxIsChar                   000000018004001a f   libmx:libmx.dll
 0001:0003f020       mxGetClassID               0000000180040020 f   libmx:libmx.dll
 0001:0003f026       mxIsNumeric                0000000180040026 f   libmx:libmx.dll
 0001:0003f02c       mxIsComplex                000000018004002c f   libmx:libmx.dll
 0001:0003f032       mxGetN                     0000000180040032 f   libmx:libmx.dll
 0001:0003f038       mxGetM                     0000000180040038 f   libmx:libmx.dll
 0001:0003f03e       mxCalloc                   000000018004003e f   libmx:libmx.dll
 0001:0003f044       mxGetScalar                0000000180040044 f   libmx:libmx.dll
 0001:0003f04a       mxIsLogical                000000018004004a f   libmx:libmx.dll
 0001:0003f050       mxCreateDoubleMatrix_700   0000000180040050 f   libmx:libmx.dll
 0001:0003f056       mxFree                     0000000180040056 f   libmx:libmx.dll
 0001:0003f05c       mxArrayToString            000000018004005c f   libmx:libmx.dll
 0001:0003f062       mxCreateCellMatrix_700     0000000180040062 f   libmx:libmx.dll
 0001:0003f068       mxSetCell_700              0000000180040068 f   libmx:libmx.dll
 0001:0003f06e       mxGetCell_700              000000018004006e f   libmx:libmx.dll
 0001:0003f074       mxGetClassName             0000000180040074 f   libmx:libmx.dll
 0001:0003f07a       mxSetField_700             000000018004007a f   libmx:libmx.dll
 0001:0003f080       mxAddField                 0000000180040080 f   libmx:libmx.dll
 0001:0003f086       mxGetField_700             0000000180040086 f   libmx:libmx.dll
 0001:0003f08c       mxGetNumberOfElements      000000018004008c f   libmx:libmx.dll
 0001:0003f092       mxIsStruct                 0000000180040092 f   libmx:libmx.dll
 0001:0003f098       mxIsClass                  0000000180040098 f   libmx:libmx.dll
 0001:0003f09e       mxGetLogicals              000000018004009e f   libmx:libmx.dll
 0001:0003f0a4       mxIsSparse                 00000001800400a4 f   libmx:libmx.dll
 0001:0003f0aa       mxSetFieldByNumber_700     00000001800400aa f   libmx:libmx.dll
 0001:0003f0b0       mxGetFieldByNumber_700     00000001800400b0 f   libmx:libmx.dll
 0001:0003f0b6       mxGetFieldNameByNumber     00000001800400b6 f   libmx:libmx.dll
 0001:0003f0bc       mxGetNumberOfFields        00000001800400bc f   libmx:libmx.dll
 0001:0003f0c2       mxCreateStructMatrix_700   00000001800400c2 f   libmx:libmx.dll
 0001:0003f0c8       mxGetFieldNumber           00000001800400c8 f   libmx:libmx.dll
 0001:0003f0ce       mxIsNaN                    00000001800400ce f   libmx:libmx.dll
 0001:0003f0d4       mxIsEmpty                  00000001800400d4 f   libmx:libmx.dll
 0001:0003f0da       mxGetData                  00000001800400da f   libmx:libmx.dll
 0001:0003f0e0       mxGetImagData              00000001800400e0 f   libmx:libmx.dll
 0001:0003f0e6       mxArrayClassIDName         00000001800400e6 f   libmx:libmx.dll
 0001:0003f0ec       mxCreateNumericMatrix_700  00000001800400ec f   libmx:libmx.dll
 0001:0003f0f2       mxCreateStructArray_700    00000001800400f2 f   libmx:libmx.dll
 0001:0003f0f8       mxCalcSingleSubscript_700  00000001800400f8 f   libmx:libmx.dll
 0001:0003f0fe       mxGetDimensions_700        00000001800400fe f   libmx:libmx.dll
 0001:0003f104       mxGetNumberOfDimensions_700 0000000180040104 f   libmx:libmx.dll
 0001:0003f10a       mxCreateNumericArray_700   000000018004010a f   libmx:libmx.dll
 0001:0003f110       mxGetElementSize           0000000180040110 f   libmx:libmx.dll
 0001:0003f116       mxCreateStringFromNChars_700 0000000180040116 f   libmx:libmx.dll
 0001:0003f11c       mxGetString_700            000000018004011c f   libmx:libmx.dll
 0001:0003f122       mxIsLogicalScalarTrue      0000000180040122 f   libmx:libmx.dll
 0001:0003f128       mxCreateLogicalScalar      0000000180040128 f   libmx:libmx.dll
 0001:0003f12e       mexUnlock                  000000018004012e f   libmex:libmex.dll
 0001:0003f134       mexIsLocked                0000000180040134 f   libmex:libmex.dll
 0001:0003f13a       mexWarnMsgTxt              000000018004013a f   libmex:libmex.dll
 0001:0003f140       mexCallMATLAB              0000000180040140 f   libmex:libmex.dll
 0001:0003f146       mexErrMsgTxt               0000000180040146 f   libmex:libmex.dll
 0001:0003f14c       mexSetTrapFlag             000000018004014c f   libmex:libmex.dll
 0001:0003f152       mexMakeArrayPersistent     0000000180040152 f   libmex:libmex.dll
 0001:0003f158       mexPutVariable             0000000180040158 f   libmex:libmex.dll
 0001:0003f15e       mexGetVariable             000000018004015e f   libmex:libmex.dll
 0001:0003f164       mexLock                    0000000180040164 f   libmex:libmex.dll
 0001:0003f16a       mexMakeMemoryPersistent    000000018004016a f   libmex:libmex.dll
 0001:0003f170       mexFunctionName            0000000180040170 f   libmex:libmex.dll
 0001:0003f176       ssRegisterDataTypeFxpFSlopeFixExpBias 0000000180040176 f   libfixedpoint:libfixedpoint.dll
 0001:0003f17c       utVSNprintf                000000018004017c f   libut:libut.dll
 0001:0003f182       utCPUtime                  0000000180040182 f   libut:libut.dll
 0001:0003f188       utFree                     0000000180040188 f   libut:libut.dll
 0001:0003f18e       utMalloc                   000000018004018e f   libut:libut.dll
 0001:0003f194       muDoubleScalarSqrt         0000000180040194 f   libmwmathutil:libmwmathutil.dll
 0001:0003f19a       emlrtCheckBuiltInCtxR2011a 000000018004019a f   libemlrt:libemlrt.dll
 0001:0003f1a0       emlrtCheckVsBuiltInCtxR2011a 00000001800401a0 f   libemlrt:libemlrt.dll
 0001:0003f1a6       emlrtCheckEnumR2009a       00000001800401a6 f   libemlrt:libemlrt.dll
 0001:0003f1ac       emlrtCreateEnumR2010a      00000001800401ac f   libemlrt:libemlrt.dll
 0001:0003f1b2       emlrtGetEnumElementR2009a  00000001800401b2 f   libemlrt:libemlrt.dll
 0001:0003f1b8       emlrtCreateReference       00000001800401b8 f   libemlrt:libemlrt.dll
 0001:0003f1be       emlrtImportVsFiArrayR2009b 00000001800401be f   libemlrt:libemlrt.dll
 0001:0003f1c4       emlrtExtractMessageId      00000001800401c4 f   libemlrt:libemlrt.dll
 0001:0003f1ca       emlrtTranslateMessageIDtoLCPstring 00000001800401ca f   libemlrt:libemlrt.dll
 0001:0003f1d0       emlrtGetEnumUnderlyingArrayR2009a 00000001800401d0 f   libemlrt:libemlrt.dll
 0001:0003f1d6       emlrtIsEnumR2009a          00000001800401d6 f   libemlrt:libemlrt.dll
 0001:0003f1dc       __GSHandlerCheckCommon     00000001800401dc f   MSVCRT:gshandler.obj
 0001:0003f240       __GSHandlerCheck           0000000180040240 f   MSVCRT:gshandler.obj
 0001:0003f25e       strlen                     000000018004025e f   MSVCRT:MSVCR100.dll
 0001:0003f280       __security_check_cookie    0000000180040280 f   MSVCRT:amdsecgs.obj
 0001:0003f2a0       memset                     00000001800402a0 f   MSVCRT:MSVCR100.dll
 0001:0003f2a6       malloc                     00000001800402a6 f   MSVCRT:MSVCR100.dll
 0001:0003f2ac       free                       00000001800402ac f   MSVCRT:MSVCR100.dll
 0001:0003f2b2       strcmp                     00000001800402b2 f   MSVCRT:MSVCR100.dll
 0001:0003f2b8       sprintf                    00000001800402b8 f   MSVCRT:MSVCR100.dll
 0001:0003f2be       strcat                     00000001800402be f   MSVCRT:MSVCR100.dll
 0001:0003f2c4       memcpy                     00000001800402c4 f   MSVCRT:MSVCR100.dll
 0001:0003f2cc       NtCurrentTeb               00000001800402cc f i MSVCRT:crtdll.obj
 0001:0003f338       _CRT_INIT                  0000000180040338 f   MSVCRT:crtdll.obj
 0001:0003f6d0       _DllMainCRTStartup         00000001800406d0 f   MSVCRT:crtdll.obj
 0001:0003f70e       strncpy                    000000018004070e f   MSVCRT:MSVCR100.dll
 0001:0003f730       __chkstk                   0000000180040730 f   MSVCRT:chkstk.obj
 0001:0003f730       _alloca_probe              0000000180040730     MSVCRT:chkstk.obj
 0001:0003f77e       longjmp                    000000018004077e f   MSVCRT:MSVCR100.dll
 0001:0003f784       strncmp                    0000000180040784 f   MSVCRT:MSVCR100.dll
 0001:0003f78a       ceil                       000000018004078a f   MSVCRT:MSVCR100.dll
 0001:0003f790       strrchr                    0000000180040790 f   MSVCRT:MSVCR100.dll
 0001:0003f796       _setjmp                    0000000180040796 f   MSVCRT:MSVCR100.dll
 0001:0003f79c       calloc                     000000018004079c f   MSVCRT:MSVCR100.dll
 0001:0003f7a2       realloc                    00000001800407a2 f   MSVCRT:MSVCR100.dll
 0001:0003f7a8       ldexp                      00000001800407a8 f   MSVCRT:MSVCR100.dll
 0001:0003f7b0       __report_gsfailure         00000001800407b0 f   MSVCRT:gs_report.obj
 0001:0003f8fc       __clean_type_info_names    00000001800408fc f   MSVCRT:tncleanup.obj
 0001:0003f908       _onexit                    0000000180040908 f   MSVCRT:atonexit.obj
 0001:0003f9b8       atexit                     00000001800409b8 f   MSVCRT:atonexit.obj
 0001:0003f9d0       _RTC_Initialize            00000001800409d0 f   MSVCRT:_initsect_.obj
 0001:0003fa08       _RTC_Terminate             0000000180040a08 f   MSVCRT:_initsect_.obj
 0001:0003fa40       _malloc_crt                0000000180040a40 f   MSVCRT:MSVCR100.dll
 0001:0003fa50       _ValidateImageBase         0000000180040a50 f   MSVCRT:pesect.obj
 0001:0003fa80       _FindPESection             0000000180040a80 f   MSVCRT:pesect.obj
 0001:0003fad0       _IsNonwritableInCurrentImage 0000000180040ad0 f   MSVCRT:pesect.obj
 0001:0003fb12       _initterm                  0000000180040b12 f   MSVCRT:MSVCR100.dll
 0001:0003fb18       _initterm_e                0000000180040b18 f   MSVCRT:MSVCR100.dll
 0001:0003fb1e       _encoded_null              0000000180040b1e f   MSVCRT:MSVCR100.dll
 0001:0003fb24       _amsg_exit                 0000000180040b24 f   MSVCRT:MSVCR100.dll
 0001:0003fb2a       __C_specific_handler       0000000180040b2a f   MSVCRT:MSVCR100.dll
 0001:0003fb30       __CppXcptFilter            0000000180040b30 f   MSVCRT:MSVCR100.dll
 0001:0003fb38       DllMain                    0000000180040b38 f   MSVCRT:dllmain.obj
 0001:0003fb5c       __security_init_cookie     0000000180040b5c f   MSVCRT:gs_support.obj
 0001:0003fc10       __crt_debugger_hook        0000000180040c10 f   MSVCRT:MSVCR100.dll
 0001:0003fc16       __clean_type_info_names_internal 0000000180040c16 f   MSVCRT:MSVCR100.dll
 0001:0003fc1c       _unlock                    0000000180040c1c f   MSVCRT:MSVCR100.dll
 0001:0003fc22       __dllonexit                0000000180040c22 f   MSVCRT:MSVCR100.dll
 0001:0003fc28       _lock                      0000000180040c28 f   MSVCRT:MSVCR100.dll
 0001:0003fc2e       EncodePointer              0000000180040c2e f   kernel32:KERNEL32.dll
 0001:0003fc34       DecodePointer              0000000180040c34 f   kernel32:KERNEL32.dll
 0001:0003fc3a       Sleep                      0000000180040c3a f   kernel32:KERNEL32.dll
 0001:0003fc40       TerminateProcess           0000000180040c40 f   kernel32:KERNEL32.dll
 0001:0003fc46       GetCurrentProcess          0000000180040c46 f   kernel32:KERNEL32.dll
 0001:0003fc4c       UnhandledExceptionFilter   0000000180040c4c f   kernel32:KERNEL32.dll
 0001:0003fc52       SetUnhandledExceptionFilter 0000000180040c52 f   kernel32:KERNEL32.dll
 0001:0003fc58       IsDebuggerPresent          0000000180040c58 f   kernel32:KERNEL32.dll
 0001:0003fc5e       RtlVirtualUnwind           0000000180040c5e f   kernel32:KERNEL32.dll
 0001:0003fc64       RtlLookupFunctionEntry     0000000180040c64 f   kernel32:KERNEL32.dll
 0001:0003fc6a       RtlCaptureContext          0000000180040c6a f   kernel32:KERNEL32.dll
 0001:0003fc70       DisableThreadLibraryCalls  0000000180040c70 f   kernel32:KERNEL32.dll
 0001:0003fc76       QueryPerformanceCounter    0000000180040c76 f   kernel32:KERNEL32.dll
 0001:0003fc7c       GetTickCount               0000000180040c7c f   kernel32:KERNEL32.dll
 0001:0003fc82       GetCurrentThreadId         0000000180040c82 f   kernel32:KERNEL32.dll
 0001:0003fc88       GetCurrentProcessId        0000000180040c88 f   kernel32:KERNEL32.dll
 0001:0003fc8e       GetSystemTimeAsFileTime    0000000180040c8e f   kernel32:KERNEL32.dll
 0002:00000000       __imp_GetSystemTimeAsFileTime 0000000180041000     kernel32:KERNEL32.dll
 0002:00000008       __imp_GetCurrentProcessId  0000000180041008     kernel32:KERNEL32.dll
 0002:00000010       __imp_GetCurrentThreadId   0000000180041010     kernel32:KERNEL32.dll
 0002:00000018       __imp_GetTickCount         0000000180041018     kernel32:KERNEL32.dll
 0002:00000020       __imp_QueryPerformanceCounter 0000000180041020     kernel32:KERNEL32.dll
 0002:00000028       __imp_DisableThreadLibraryCalls 0000000180041028     kernel32:KERNEL32.dll
 0002:00000030       __imp_RtlCaptureContext    0000000180041030     kernel32:KERNEL32.dll
 0002:00000038       __imp_RtlLookupFunctionEntry 0000000180041038     kernel32:KERNEL32.dll
 0002:00000040       __imp_RtlVirtualUnwind     0000000180041040     kernel32:KERNEL32.dll
 0002:00000048       __imp_IsDebuggerPresent    0000000180041048     kernel32:KERNEL32.dll
 0002:00000050       __imp_SetUnhandledExceptionFilter 0000000180041050     kernel32:KERNEL32.dll
 0002:00000058       __imp_UnhandledExceptionFilter 0000000180041058     kernel32:KERNEL32.dll
 0002:00000060       __imp_GetCurrentProcess    0000000180041060     kernel32:KERNEL32.dll
 0002:00000068       __imp_TerminateProcess     0000000180041068     kernel32:KERNEL32.dll
 0002:00000070       __imp_Sleep                0000000180041070     kernel32:KERNEL32.dll
 0002:00000078       __imp_DecodePointer        0000000180041078     kernel32:KERNEL32.dll
 0002:00000080       __imp_EncodePointer        0000000180041080     kernel32:KERNEL32.dll
 0002:00000088       \177KERNEL32_NULL_THUNK_DATA 0000000180041088     kernel32:KERNEL32.dll
 0002:00000090       __imp__onexit              0000000180041090     MSVCRT:MSVCR100.dll
 0002:00000098       __imp__lock                0000000180041098     MSVCRT:MSVCR100.dll
 0002:000000a0       __imp___dllonexit          00000001800410a0     MSVCRT:MSVCR100.dll
 0002:000000a8       __imp__unlock              00000001800410a8     MSVCRT:MSVCR100.dll
 0002:000000b0       __imp___clean_type_info_names_internal 00000001800410b0     MSVCRT:MSVCR100.dll
 0002:000000b8       __imp___crt_debugger_hook  00000001800410b8     MSVCRT:MSVCR100.dll
 0002:000000c0       __imp___CppXcptFilter      00000001800410c0     MSVCRT:MSVCR100.dll
 0002:000000c8       __imp___C_specific_handler 00000001800410c8     MSVCRT:MSVCR100.dll
 0002:000000d0       __imp__amsg_exit           00000001800410d0     MSVCRT:MSVCR100.dll
 0002:000000d8       __imp__encoded_null        00000001800410d8     MSVCRT:MSVCR100.dll
 0002:000000e0       __imp__initterm_e          00000001800410e0     MSVCRT:MSVCR100.dll
 0002:000000e8       __imp__initterm            00000001800410e8     MSVCRT:MSVCR100.dll
 0002:000000f0       __imp__malloc_crt          00000001800410f0     MSVCRT:MSVCR100.dll
 0002:000000f8       __imp_ldexp                00000001800410f8     MSVCRT:MSVCR100.dll
 0002:00000100       __imp_realloc              0000000180041100     MSVCRT:MSVCR100.dll
 0002:00000108       __imp_calloc               0000000180041108     MSVCRT:MSVCR100.dll
 0002:00000110       __imp__setjmp              0000000180041110     MSVCRT:MSVCR100.dll
 0002:00000118       __imp_strrchr              0000000180041118     MSVCRT:MSVCR100.dll
 0002:00000120       __imp_ceil                 0000000180041120     MSVCRT:MSVCR100.dll
 0002:00000128       __imp_strncmp              0000000180041128     MSVCRT:MSVCR100.dll
 0002:00000130       __imp_longjmp              0000000180041130     MSVCRT:MSVCR100.dll
 0002:00000138       __imp_strncpy              0000000180041138     MSVCRT:MSVCR100.dll
 0002:00000140       __imp_memcpy               0000000180041140     MSVCRT:MSVCR100.dll
 0002:00000148       __imp_strcat               0000000180041148     MSVCRT:MSVCR100.dll
 0002:00000150       __imp_sprintf              0000000180041150     MSVCRT:MSVCR100.dll
 0002:00000158       __imp_strcmp               0000000180041158     MSVCRT:MSVCR100.dll
 0002:00000160       __imp_free                 0000000180041160     MSVCRT:MSVCR100.dll
 0002:00000168       __imp_malloc               0000000180041168     MSVCRT:MSVCR100.dll
 0002:00000170       __imp_memset               0000000180041170     MSVCRT:MSVCR100.dll
 0002:00000178       __imp_strlen               0000000180041178     MSVCRT:MSVCR100.dll
 0002:00000180       \177MSVCR100_NULL_THUNK_DATA 0000000180041180     MSVCRT:MSVCR100.dll
 0002:00000188       __imp_emlrtIsEnumR2009a    0000000180041188     libemlrt:libemlrt.dll
 0002:00000190       __imp_emlrtGetEnumUnderlyingArrayR2009a 0000000180041190     libemlrt:libemlrt.dll
 0002:00000198       __imp_emlrtTranslateMessageIDtoLCPstring 0000000180041198     libemlrt:libemlrt.dll
 0002:000001a0       __imp_emlrtExtractMessageId 00000001800411a0     libemlrt:libemlrt.dll
 0002:000001a8       __imp_emlrtImportVsFiArrayR2009b 00000001800411a8     libemlrt:libemlrt.dll
 0002:000001b0       __imp_emlrtCreateReference 00000001800411b0     libemlrt:libemlrt.dll
 0002:000001b8       __imp_emlrtGetEnumElementR2009a 00000001800411b8     libemlrt:libemlrt.dll
 0002:000001c0       __imp_emlrtCreateEnumR2010a 00000001800411c0     libemlrt:libemlrt.dll
 0002:000001c8       __imp_emlrtCheckEnumR2009a 00000001800411c8     libemlrt:libemlrt.dll
 0002:000001d0       __imp_emlrtCheckVsBuiltInCtxR2011a 00000001800411d0     libemlrt:libemlrt.dll
 0002:000001d8       __imp_emlrtCheckBuiltInCtxR2011a 00000001800411d8     libemlrt:libemlrt.dll
 0002:000001e0       \177libemlrt_NULL_THUNK_DATA 00000001800411e0     libemlrt:libemlrt.dll
 0002:000001e8       __imp_ssRegisterDataTypeFxpFSlopeFixExpBias 00000001800411e8     libfixedpoint:libfixedpoint.dll
 0002:000001f0       \177libfixedpoint_NULL_THUNK_DATA 00000001800411f0     libfixedpoint:libfixedpoint.dll
 0002:000001f8       __imp_mexPutVariable       00000001800411f8     libmex:libmex.dll
 0002:00000200       __imp_mexGetVariable       0000000180041200     libmex:libmex.dll
 0002:00000208       __imp_mexLock              0000000180041208     libmex:libmex.dll
 0002:00000210       __imp_mexMakeMemoryPersistent 0000000180041210     libmex:libmex.dll
 0002:00000218       __imp_mexFunctionName      0000000180041218     libmex:libmex.dll
 0002:00000220       __imp_mexMakeArrayPersistent 0000000180041220     libmex:libmex.dll
 0002:00000228       __imp_mexSetTrapFlag       0000000180041228     libmex:libmex.dll
 0002:00000230       __imp_mexIsLocked          0000000180041230     libmex:libmex.dll
 0002:00000238       __imp_mexWarnMsgTxt        0000000180041238     libmex:libmex.dll
 0002:00000240       __imp_mexUnlock            0000000180041240     libmex:libmex.dll
 0002:00000248       __imp_mexCallMATLAB        0000000180041248     libmex:libmex.dll
 0002:00000250       __imp_mexErrMsgTxt         0000000180041250     libmex:libmex.dll
 0002:00000258       \177libmex_NULL_THUNK_DATA 0000000180041258     libmex:libmex.dll
 0002:00000260       __imp_muDoubleScalarSqrt   0000000180041260     libmwmathutil:libmwmathutil.dll
 0002:00000268       \177libmwmathutil_NULL_THUNK_DATA 0000000180041268     libmwmathutil:libmwmathutil.dll
 0002:00000270       __imp_mxCreateStructMatrix_730 0000000180041270     libmx:libmx.dll
 0002:00000278       __imp_mxSetField_730       0000000180041278     libmx:libmx.dll
 0002:00000280       __imp_mxCreateDoubleScalar 0000000180041280     libmx:libmx.dll
 0002:00000288       __imp_mxCreateDoubleMatrix_730 0000000180041288     libmx:libmx.dll
 0002:00000290       __imp_mxDestroyArray       0000000180041290     libmx:libmx.dll
 0002:00000298       __imp_mxCreateLogicalScalar 0000000180041298     libmx:libmx.dll
 0002:000002a0       __imp_mxIsLogicalScalarTrue 00000001800412a0     libmx:libmx.dll
 0002:000002a8       __imp_mxGetString_700      00000001800412a8     libmx:libmx.dll
 0002:000002b0       __imp_mxCreateStringFromNChars_700 00000001800412b0     libmx:libmx.dll
 0002:000002b8       __imp_mxGetElementSize     00000001800412b8     libmx:libmx.dll
 0002:000002c0       __imp_mxCreateNumericArray_700 00000001800412c0     libmx:libmx.dll
 0002:000002c8       __imp_mxGetNumberOfDimensions_700 00000001800412c8     libmx:libmx.dll
 0002:000002d0       __imp_mxGetDimensions_700  00000001800412d0     libmx:libmx.dll
 0002:000002d8       __imp_mxCalcSingleSubscript_700 00000001800412d8     libmx:libmx.dll
 0002:000002e0       __imp_mxCreateStructArray_700 00000001800412e0     libmx:libmx.dll
 0002:000002e8       __imp_mxCreateNumericMatrix_700 00000001800412e8     libmx:libmx.dll
 0002:000002f0       __imp_mxArrayClassIDName   00000001800412f0     libmx:libmx.dll
 0002:000002f8       __imp_mxGetImagData        00000001800412f8     libmx:libmx.dll
 0002:00000300       __imp_mxGetData            0000000180041300     libmx:libmx.dll
 0002:00000308       __imp_mxIsEmpty            0000000180041308     libmx:libmx.dll
 0002:00000310       __imp_mxIsNaN              0000000180041310     libmx:libmx.dll
 0002:00000318       __imp_mxGetFieldNumber     0000000180041318     libmx:libmx.dll
 0002:00000320       __imp_mxCreateStructMatrix_700 0000000180041320     libmx:libmx.dll
 0002:00000328       __imp_mxGetNumberOfFields  0000000180041328     libmx:libmx.dll
 0002:00000330       __imp_mxGetFieldNameByNumber 0000000180041330     libmx:libmx.dll
 0002:00000338       __imp_mxGetFieldByNumber_700 0000000180041338     libmx:libmx.dll
 0002:00000340       __imp_mxSetFieldByNumber_700 0000000180041340     libmx:libmx.dll
 0002:00000348       __imp_mxIsSparse           0000000180041348     libmx:libmx.dll
 0002:00000350       __imp_mxGetLogicals        0000000180041350     libmx:libmx.dll
 0002:00000358       __imp_mxIsClass            0000000180041358     libmx:libmx.dll
 0002:00000360       __imp_mxIsStruct           0000000180041360     libmx:libmx.dll
 0002:00000368       __imp_mxGetNumberOfElements 0000000180041368     libmx:libmx.dll
 0002:00000370       __imp_mxGetField_700       0000000180041370     libmx:libmx.dll
 0002:00000378       __imp_mxAddField           0000000180041378     libmx:libmx.dll
 0002:00000380       __imp_mxSetField_700       0000000180041380     libmx:libmx.dll
 0002:00000388       __imp_mxGetClassName       0000000180041388     libmx:libmx.dll
 0002:00000390       __imp_mxGetCell_700        0000000180041390     libmx:libmx.dll
 0002:00000398       __imp_mxSetCell_700        0000000180041398     libmx:libmx.dll
 0002:000003a0       __imp_mxCreateCellMatrix_700 00000001800413a0     libmx:libmx.dll
[...]
 0001:00017430       _ml_generic_castability_check 0000000180018430 f   sfc_mex:sfc_mex.obj
 0001:00018190       ml_generic_castability_check 0000000180019190 f   sfc_mex:sfc_mex.obj
 0001:00018230       ml_check_mx_array_for_single_castability 0000000180019230 f   sfc_mex:sfc_mex.obj
 0001:000182d0       ml_check_mx_array_for_logical_castability 00000001800192d0 f   sfc_mex:sfc_mex.obj
 0001:00018370       ml_check_mx_array_for_int8_castability 0000000180019370 f   sfc_mex:sfc_mex.obj
 0001:00018420       ml_check_mx_array_for_uint8_castability 0000000180019420 f   sfc_mex:sfc_mex.obj
 0001:00018480       ml_check_mx_array_for_int16_castability 0000000180019480 f   sfc_mex:sfc_mex.obj
 0001:000184e0       ml_check_mx_array_for_uint16_castability 00000001800194e0 f   sfc_mex:sfc_mex.obj
 0001:00018540       ml_check_mx_array_for_int32_castability 0000000180019540 f   sfc_mex:sfc_mex.obj
 0001:000185a0       ml_check_mx_array_for_uint32_castability 00000001800195a0 f   sfc_mex:sfc_mex.obj
 0001:00018600       ml_check_mx_array_for_castability 0000000180019600 f   sfc_mex:sfc_mex.obj
 0001:00018f30       set_data_value             0000000180019f30 f   sfc_mex:sfc_mex.obj
 0001:000192a0       get_data_value             000000018001a2a0 f   sfc_mex:sfc_mex.obj
 0001:000193b0       get_next_element_address   000000018001a3b0 f   sfc_mex:sfc_mex.obj
 0001:00019480       sf_normalize_index         000000018001a480 f   sfc_mex:sfc_mex.obj
 0001:00019810       ml_array_index_bound_check 000000018001a810 f   sfc_mex:sfc_mex.obj
 0001:0001a330       mx_value                   000000018001b330 f   sfc_mex:sfc_mex.obj
 0001:0001a380       sf_create_numeric_array    000000018001b380 f   sfc_mex:sfc_mex.obj
 0001:0001a420       sf_mex_assign_to_mx_array  000000018001b420 f   sfc_mex:sfc_mex.obj
 0001:0001a770       assign_from_mx_array       000000018001b770 f   sfc_mex:sfc_mex.obj
 0001:0001afa0       sf_mex_import_v            000000018001bfa0 f   sfc_mex:sfc_mex.obj
 0001:0001b570       get_machine_and_chart_file_number 000000018001c570 f   sfc_mex:sfc_sf.obj
 0001:0001b660       get_sfun_block_specialization 000000018001c660 f   sfc_mex:sfc_sf.obj
 0001:0001b6e0       call_sf_machine_global_method_dispatcher 000000018001c6e0 f   sfc_mex:sfc_sf.obj
 0001:0001b910       mdl_zeroCrossings_processing 000000018001c910 f   sfc_mex:sfc_sf.obj
 0001:0001b9e0       mdl_derivatives_processing 000000018001c9e0 f   sfc_mex:sfc_sf.obj
 0001:0001bca0       mdl_outputs_continuous_legacy 000000018001cca0 f   sfc_mex:sfc_sf.obj
 0001:0001bd20       mdl_outputs_processing     000000018001cd20 f   sfc_mex:sfc_sf.obj
 0001:0001bf50       mdl_enable_processing      000000018001cf50 f   sfc_mex:sfc_sf.obj
 0001:0001c020       mdl_disable_processing     000000018001d020 f   sfc_mex:sfc_sf.obj
 0001:0001c970       write_symbol_mapping       000000018001d970 f   sfc_mex:sfc_sf.obj
 0001:0001d090       sf_call_output_fcn_enable_disable 000000018001e090 f   sfc_mex:sfc_sf.obj
 0001:0001d310       set_dwork_information_from_mx_array 000000018001e310 f   sfc_mex:sfc_sf.obj
 0001:0001dc00       ptr2mxStruct               000000018001ec00 f   sfc_mex:sfc_sf.obj
 0001:0001df10       SNPRINTF_WRAPPER           000000018001ef10 f   sfc_debug:sfcdebug.obj
 0001:0001df30       sf_debug_chart_instance_initialized_quick 000000018001ef30 f   sfc_debug:sfcdebug.obj
 0001:0001df40       sf_debug_chart_instance_initialized 000000018001ef40 f   sfc_debug:sfcdebug.obj
 0001:0001e0e0       sfrtAddSize                000000018001f0e0 f   sfc_debug:sfcdebug.obj
 0001:0001e1a0       sfrtGenSizeString          000000018001f1a0 f   sfc_debug:sfcdebug.obj
 0001:0001e8b0       sf_debug_sim_status_listener 000000018001f8b0 f   sfc_debug:sfcdebug.obj
 0001:0001ee20       sf_debug_form_mask_bits    000000018001fe20 f   sfc_debug:sfcdebug.obj
 0001:0001ee60       sf_debug_form_sf_data_type_offsets 000000018001fe60 f   sfc_debug:sfcdebug.obj
 0001:0001ef20       sf_debug_free_all          000000018001ff20 f   sfc_debug:sfcdebug.obj
 0001:0001f0a0       sf_debug_append_debugger_context 00000001800200a0 f   sfc_debug:sfcdebug.obj
 0001:0001f360       local_strdup               0000000180020360 f   sfc_debug:sfcdebug.obj
 0001:00020240       sf_debug_em_terminate      0000000180021240 f   sfc_debug:sfcdebug.obj
 0001:00020280       sf_debug_push_eml_function 0000000180021280 f   sfc_debug:sfcdebug.obj
 0001:00020320       sf_debug_pop_eml_function  0000000180021320 f   sfc_debug:sfcdebug.obj
 0001:00021020       sf_debug_get_machine_number_from_id_or_name 0000000180022020 f   sfc_debug:sfcdebug.obj
 0001:00021170       sf_debug_get_chart_number_from_id 0000000180022170 f   sfc_debug:sfcdebug.obj
 0001:00021de0       sf_debug_transfer_control_to_debugger_GUI 0000000180022de0 f   sfc_debug:sfcdebug.obj
 0001:00022d80       sf_debug_scripts_rehash    0000000180023d80 f   sfc_debug:sfcdebug.obj
 0001:00022fc0       sf_debug_get_script_line_count 0000000180023fc0 f   sfc_debug:sfcdebug.obj
 0001:000236d0       cv_eml_state_cvId          00000001800246d0 f   sfc_debug:sfcdebug.obj
 0001:000248f0       sf_debug_data_array_bounds_error 00000001800258f0 f   sfc_debug:sfcdebug.obj
 0001:00024d20       eml_debug_runtime_error_doclink 0000000180025d20 f   sfc_debug:sfcdebug.obj
 0001:00024ea0       sf_debug_runtime_error     0000000180025ea0 f   sfc_debug:sfcdebug.obj
 0001:00024f10       sf_debug_matlab_error      0000000180025f10 f   sfc_debug:sfcdebug.obj
 0001:000257c0       sf_debug_data_value_error  00000001800267c0 f   sfc_debug:sfcdebug.obj
 0001:000260c0       sf_debug_data_loss_error   00000001800270c0 f   sfc_debug:sfcdebug.obj
 0001:00026d20       call_cv_range_check        0000000180027d20 f   sfc_debug:sfcdebug.obj
 0001:000274f0       sf_debug_invoke_cycle_detection_code 00000001800284f0 f   sfc_debug:sfcdebug.obj
 0001:00028360       sf_reset_debug_info_struct 0000000180029360 f   sfc_debug:sfcdebug.obj
 0001:00028c50       cv_script_cvId             0000000180029c50 f   sfc_debug:sfcdebug.obj
 0001:00029a40       sfc_api_chart_visible      000000018002aa40 f   sfc_debug:sfc_api.obj
 0001:00029ac0       sfc_api_active_instance    000000018002aac0 f   sfc_debug:sfc_api.obj
 0001:00029b40       sfc_api_machine_load       000000018002ab40 f   sfc_debug:sfc_api.obj
 0001:00029c10       sfc_api_debugger_alive     000000018002ac10 f   sfc_debug:sfc_api.obj
 0001:00029c20       sfc_api_go                 000000018002ac20 f   sfc_debug:sfc_api.obj
 0001:00029c30       sfc_api_step_over          000000018002ac30 f   sfc_debug:sfc_api.obj
 0001:00029c40       sfc_api_step_out           000000018002ac40 f   sfc_debug:sfc_api.obj
 0001:00029c50       sfc_api_resume             000000018002ac50 f   sfc_debug:sfc_api.obj
 0001:00029c60       sfc_api_break              000000018002ac60 f   sfc_debug:sfc_api.obj
 0001:00029c70       sfc_api_stop_debugging     000000018002ac70 f   sfc_debug:sfc_api.obj
 0001:00029cc0       sfc_api_is_cycle_detected  000000018002acc0 f   sfc_debug:sfc_api.obj
 0001:00029d10       sfc_api_is_array_bounds_detected 000000018002ad10 f   sfc_debug:sfc_api.obj
 0001:00029d60       sfc_api_set_disable_all_breakpoints 000000018002ad60 f   sfc_debug:sfc_api.obj
 0001:00029dd0       sfc_api_disable_all_breakpoints_and_go 000000018002add0 f   sfc_debug:sfc_api.obj
 0001:00029de0       sfc_api_close              000000018002ade0 f   sfc_debug:sfc_api.obj
 0001:00029df0       sfc_api_browse_data        000000018002adf0 f   sfc_debug:sfc_api.obj
 0001:00029e60       sfc_api_watch_data         000000018002ae60 f   sfc_debug:sfc_api.obj
 0001:00029f00       sfc_api_assign_data        000000018002af00 f   sfc_debug:sfc_api.obj
 0001:00029fa0       sfc_api_whos               000000018002afa0 f   sfc_debug:sfc_api.obj
 0001:0002a030       sfc_api_get_consistency_info 000000018002b030 f   sfc_debug:sfc_api.obj
 0001:0002a040       sfc_api_browse_trace       000000018002b040 f   sfc_debug:sfc_api.obj
 0001:0002a050       sfc_api_break_on_chart_entry 000000018002b050 f   sfc_debug:sfc_api.obj
 0001:0002a070       sfc_api_break_on_event_broadcast 000000018002b070 f   sfc_debug:sfc_api.obj
 0001:0002a090       sfc_api_break_on_state_entry 000000018002b090 f   sfc_debug:sfc_api.obj
 0001:0002a0b0       sfc_api_set_watch          000000018002b0b0 f   sfc_debug:sfc_api.obj
 0001:0002a150       sfc_api_set_breakpoints    000000018002b150 f   sfc_debug:sfc_api.obj
 0001:0002a1f0       sfc_api_set_eml_breakpoints 000000018002b1f0 f   sfc_debug:sfc_api.obj
 0001:0002a270       sfc_api_set_script_breakpoints 000000018002b270 f   sfc_debug:sfc_api.obj
 0001:0002a2c0       sfc_api_add_script_breakpoints 000000018002b2c0 f   sfc_debug:sfc_api.obj
 0001:0002a310       sfc_api_clear_script_breakpoints 000000018002b310 f   sfc_debug:sfc_api.obj
 0001:0002a360       sfc_api_query_script_breakpoints 000000018002b360 f   sfc_debug:sfc_api.obj
 0001:0002a3c0       sfc_api_get_script_id      000000018002b3c0 f   sfc_debug:sfc_api.obj
 0001:0002a480       sfc_api_get_active_states  000000018002b480 f   sfc_debug:sfc_api.obj
 0001:0002a500       sfc_api_break_between_times 000000018002b500 f   sfc_debug:sfc_api.obj
 0001:0002a560       sfc_api_get_instance_handle 000000018002b560 f   sfc_debug:sfc_api.obj
 0001:0002a610       sfc_api_get_coverage       000000018002b610 f   sfc_debug:sfc_api.obj
 0001:0002a690       sfc_api_set_animation      000000018002b690 f   sfc_debug:sfc_api.obj
 0001:0002a6e0       sfc_api_select_chart       000000018002b6e0 f   sfc_debug:sfc_api.obj
 0001:0002a740       sfc_api_select_charts      000000018002b740 f   sfc_debug:sfc_api.obj
 0001:0002a770       sfc_api_cycle_detection_check 000000018002b770 f   sfc_debug:sfc_api.obj
 0001:0002a7c0       sfc_api_data_range_check   000000018002b7c0 f   sfc_debug:sfc_api.obj
 0001:0002a810       sfc_api_transition_conflict_check 000000018002b810 f   sfc_debug:sfc_api.obj
 0001:0002a860       sfc_api_state_consistency_check 000000018002b860 f   sfc_debug:sfc_api.obj
 0001:0002a8b0       sfc_api_set_instance_cv_ids 000000018002b8b0 f   sfc_debug:sfc_api.obj
 0001:0002a9c0       sfc_api_set_script_cv_ids  000000018002b9c0 f   sfc_debug:sfc_api.obj
 0001:0002aa60       sfc_api_get_current_machine_id 000000018002ba60 f   sfc_debug:sfc_api.obj
 0001:0002aa90       sfc_api_get_current_machine_number 000000018002ba90 f   sfc_debug:sfc_api.obj
 0001:0002aac0       sfc_api_get_current_chart_number 000000018002bac0 f   sfc_debug:sfc_api.obj
 0001:0002aaf0       sfc_api_get_current_instance_number 000000018002baf0 f   sfc_debug:sfc_api.obj
 0001:0002ab20       sfc_api_get_current_instance_handle 000000018002bb20 f   sfc_debug:sfc_api.obj
 0001:0002ab40       sfc_api_get_current_is_minor_time_step 000000018002bb40 f   sfc_debug:sfc_api.obj
 0001:0002ab70       sfc_api_get_current_machine_name 000000018002bb70 f   sfc_debug:sfc_api.obj
 0001:0002ab90       sfc_api_get_current_chart_id 000000018002bb90 f   sfc_debug:sfc_api.obj
 0001:0002abc0       sfc_api_get_current_object_type 000000018002bbc0 f   sfc_debug:sfc_api.obj
 0001:0002abf0       sfc_api_get_current_event_type 000000018002bbf0 f   sfc_debug:sfc_api.obj
 0001:0002ac20       sfc_api_get_current_object_id 000000018002bc20 f   sfc_debug:sfc_api.obj
 0001:0002ac50       sfc_get_current_active_event_type 000000018002bc50 f   sfc_debug:sfc_api.obj
 0001:0002ac80       sfc_api_get_current_active_event_id 000000018002bc80 f   sfc_debug:sfc_api.obj
 0001:0002acb0       sfc_api_get_current_simulation_time 000000018002bcb0 f   sfc_debug:sfc_api.obj
 0001:0002acd0       sfc_get_current_tag_type   000000018002bcd0 f   sfc_debug:sfc_api.obj
 0001:0002ad00       sfc_get_current_coverage_percentage 000000018002bd00 f   sfc_debug:sfc_api.obj
 0001:0002ad20       sfc_get_current_statement_context 000000018002bd20 f   sfc_debug:sfc_api.obj
 0001:0002ad40       sfc_get_current_optional_integer 000000018002bd40 f   sfc_debug:sfc_api.obj
 0001:0002ad70       sfc_get_current_statement_info 000000018002bd70 f   sfc_debug:sfc_api.obj
 0001:0002ae10       sfc_api_get                000000018002be10 f   sfc_debug:sfc_api.obj
 0001:0002af70       sf_debug_sm_is_using_unified_editors 000000018002bf70 f   sfc_debug:sfdb_animation.obj
 0001:0002b010       sf_debug_sm_is_chart_visible_in_unified_editors 000000018002c010 f   sfc_debug:sfdb_animation.obj
 0001:0002b0d0       sf_debug_sm_check_if_chart_is_visible 000000018002c0d0 f   sfc_debug:sfdb_animation.obj
 0001:0002bbd0       sf_debug_sm_fill_state_activity_data 000000018002cbd0 f   sfc_debug:sfdb_animation.obj
 0001:0002e1c0       sf_debug_hm_get_simulink_handle 000000018002f1c0 f   sfc_debug:sfdb_handle_management.obj
 0001:0002ed10       sf_debug_hm_initialize_globals 000000018002fd10 f   sfc_debug:sfdb_handle_management.obj
 0001:0002ee10       sf_debug_hm_get_machine_debug_flag 000000018002fe10 f   sfc_debug:sfdb_handle_management.obj
 0001:0002ef80       sf_debug_hm_get_machine_id 000000018002ff80 f   sfc_debug:sfdb_handle_management.obj
 0001:0002f0a0       sf_debug_hm_get_chart_id   00000001800300a0 f   sfc_debug:sfdb_handle_management.obj
 0001:0002f240       sf_debug_hm_register_executing_SFunction 0000000180030240 f   sfc_debug:sfdb_handle_management.obj
 0001:0002f3e0       sf_debug_hm_get_chart_active_instance 00000001800303e0 f   sfc_debug:sfdb_handle_management.obj
 0001:0002f550       sf_debug_hm_get_chart_visibility 0000000180030550 f   sfc_debug:sfdb_handle_management.obj
 0001:0002f6a0       sf_debug_hm_form_object_boolean_properties 00000001800306a0 f   sfc_debug:sfdb_handle_management.obj
 0001:0002f970       sf_debug_hm_form_object_properties 0000000180030970 f   sfc_debug:sfdb_handle_management.obj
 0001:0002fbb0       sf_debug_hm_terminate_charts 0000000180030bb0 f   sfc_debug:sfdb_handle_management.obj
 0001:00030320       sf_debug_hm_terminate_machines 0000000180031320 f   sfc_debug:sfdb_handle_management.obj
 0001:00031c40       void_ptr_stack_vector_free_total 0000000180032c40 f   sfc_debug:sfdb_data_browse.obj
 0001:00031cd0       sf_debug_st_terminate_machine 0000000180032cd0 f   sfc_debug:sfdb_data_browse.obj
 0001:00031d10       sf_debug_st_terminate_instance 0000000180032d10 f   sfc_debug:sfdb_data_browse.obj
 0001:000320c0       push_on_to_void_ptr_stack  00000001800330c0 f   sfc_debug:sfdb_data_browse.obj
 0001:00032250       pop_from_void_ptr_stack    0000000180033250 f   sfc_debug:sfdb_data_browse.obj
 0001:00032380       sf_debug_st_get_data_value 0000000180033380 f   sfc_debug:sfdb_data_browse.obj
 0001:00032910       mx_value                   0000000180033910 f   sfc_debug:sfdb_data_browse.obj
 0001:00032950       sf_debug_st_fill_data_struct 0000000180033950 f   sfc_debug:sfdb_data_browse.obj
 0001:00032c90       data_type_format_strings   0000000180033c90 f   sfc_debug:sfdb_data_browse.obj
 0001:00032d40       sf_debug_st_fill_data      0000000180033d40 f   sfc_debug:sfdb_data_browse.obj
 0001:00033f80       sf_debug_ss_copy_dimension 0000000180034f80 f   sfc_debug:sfdb_symbol_scope.obj
 0001:00034040       sf_debug_ss_get_number_elements 0000000180035040 f   sfc_debug:sfdb_symbol_scope.obj
 0001:00034060       sf_debug_ss_fill_data_struct 0000000180035060 f   sfc_debug:sfdb_symbol_scope.obj
 0001:000343b0       sf_debug_ss_reset_data_info 00000001800353b0 f   sfc_debug:sfdb_symbol_scope.obj
 0001:00034410       sf_debug_fill_data_info_by_symbol_scope_entry 0000000180035410 f   sfc_debug:sfdb_symbol_scope.obj
 0001:000344d0       sf_debug_fill_data_info_by_data_vector 00000001800354d0 f   sfc_debug:sfdb_symbol_scope.obj
 0001:00034720       sf_debug_ss_get_data_info  0000000180035720 f   sfc_debug:sfdb_symbol_scope.obj
 0001:00034a10       sf_debug_select_mex_function 0000000180035a10 f   sfc_debug:sfdb_symbol_scope.obj
 0001:00034a40       sf_debug_is_dyn_matrix_initialized 0000000180035a40 f   sfc_debug:sfdb_symbol_scope.obj
 0001:00034a60       sf_debug_ss_set_data_value_try 0000000180035a60 f   sfc_debug:sfdb_symbol_scope.obj
 0001:00034c30       sf_debug_ss_get_data_value 0000000180035c30 f   sfc_debug:sfdb_symbol_scope.obj
 0001:00035180       sf_debug_ss_data_bytes_string 0000000180036180 f   sfc_debug:sfdb_symbol_scope.obj
 0001:00035230       sf_debug_ss_data_class_string 0000000180036230 f   sfc_debug:sfdb_symbol_scope.obj
 0001:000355c0       sf_debug_ss_data_size_string 00000001800365c0 f   sfc_debug:sfdb_symbol_scope.obj
 0001:000356a0       sf_debug_ss_data_create_data_info_struct 00000001800366a0 f   sfc_debug:sfdb_symbol_scope.obj
 0001:00035970       sf_debug_ss_data_create_name_value_pair 0000000180036970 f   sfc_debug:sfdb_symbol_scope.obj
 0001:00035a10       sf_debug_ss_data_get_whos_info 0000000180036a10 f   sfc_debug:sfdb_symbol_scope.obj
 0001:00035a20       same_named_data_in_data_array 0000000180036a20 f   sfc_debug:sfdb_symbol_scope.obj
 0001:00037290       sf_debug_cc_terminate_chart 0000000180038290 f   sfc_debug:sfdb_coverage.obj
 0001:00037630       sf_debug_cc_terminate_instance 0000000180038630 f   sfc_debug:sfdb_coverage.obj
 0001:00038220       sf_debug_cc_mark_object_if_needed 0000000180039220 f   sfc_debug:sfdb_coverage.obj
 0001:000385e0       sf_debug_cc_fill_transition_coverage_data 00000001800395e0 f   sfc_debug:sfdb_coverage.obj
 0001:00038770       sf_debug_cc_fill_transition_coverage_map 0000000180039770 f   sfc_debug:sfdb_coverage.obj
 0001:00038a20       sf_debug_cc_fill_state_coverage_map 0000000180039a20 f   sfc_debug:sfdb_coverage.obj
 0001:00038c70       sf_debug_cc_fill_state_coverage_data 0000000180039c70 f   sfc_debug:sfdb_coverage.obj
 0001:000398b0       sf_debug_bm_initialize_eml 000000018003a8b0 f   sfc_debug:sfdb_breakpoints.obj
 0001:0003aa20       sf_debug_bm_map_debug_tag_to_breakpoint_tag 000000018003ba20 f   sfc_debug:sfdb_breakpoints.obj
 0001:0003ab00       sf_debug_bm_is_a_eml_breakpoint_impl 000000018003bb00 f   sfc_debug:sfdb_breakpoints.obj
 0001:0003c580       sf_debug_sc_push_on_error_stack 000000018003d580 f   sfc_debug:sfdb_state_consistency.obj
 0001:0003c6b0       sf_debug_sc_reset_error_stack 000000018003d6b0 f   sfc_debug:sfdb_state_consistency.obj
 0001:0003c840       sf_debug_sc_is_state_inconsistent 000000018003d840 f   sfc_debug:sfdb_state_consistency.obj
 0001:0003cb40       sf_debug_sc_fill_consistency_info 000000018003db40 f   sfc_debug:sfdb_state_consistency.obj
 0001:0003d120       void_assertion_fcn         000000018003e120 f   sfc_debug:sfdb_call_stack.obj
 0001:0003d6a0       sf_debug_tm_fill_local_trace 000000018003e6a0 f   sfc_debug:sfdb_call_stack.obj
 0001:0003dc70       sf_debug_cd_terminate_instance 000000018003ec70 f   sfc_debug:sfdb_cycle_detection.obj
 0001:0003dcd0       sf_debug_cd_free_checksum_stack 000000018003ecd0 f   sfc_debug:sfdb_cycle_detection.obj
 0001:0003dd20       sf_debug_cd_reset_pack_strings 000000018003ed20 f   sfc_debug:sfdb_cycle_detection.obj
 0001:0003e3e0       md5file_clear              000000018003f3e0 f   sfc_debug:ckmd5.obj
 0001:0003e410       Encode                     000000018003f410 f   sfc_debug:ckmd5.obj
 0001:0003e460       Decode                     000000018003f460 f   sfc_debug:ckmd5.obj
 0001:0003e500       MD5Transform               000000018003f500 f   sfc_debug:ckmd5.obj
 0001:0003ed50       md5file_addn               000000018003fd50 f   sfc_debug:ckmd5.obj
 0001:0003ee20       md5file_hash               000000018003fe20 f   sfc_debug:ckmd5.obj
 0001:0003f2d8       pre_c_init                 00000001800402d8 f   MSVCRT:crtdll.obj
 0001:0003f594       __DllMainCRTStartup        0000000180040594 f   MSVCRT:crtdll.obj
 0001:0003fca0       __DllMainCRTStartup$filt$0 0000000180040ca0 f   MSVCRT:crtdll.obj
 0001:0003fcd0       __DllMainCRTStartup$fin$1  0000000180040cd0 f   MSVCRT:crtdll.obj
 0001:0003fcea       _onexit$fin$0              0000000180040cea f   MSVCRT:atonexit.obj
 0001:0003fd10       _IsNonwritableInCurrentImage$filt$0 0000000180040d10 f   MSVCRT:pesect.obj
